33e00000 T _start
33e00020 t _undefined_instruction
33e00024 t _software_interrupt
33e00028 t _prefetch_abort
33e0002c t _data_abort
33e00030 t _not_used
33e00034 t _irq
33e00038 t _fiq
33e0003c t _pad
33e00040 T _TEXT_BASE
33e00040 T _end_vect
33e00044 T _bss_start_ofs
33e00048 T _image_copy_end_ofs
33e0004c T _bss_end_ofs
33e00050 T _end_ofs
33e00054 T IRQ_STACK_START_IN
33e00058 t reset
33e00070 t call_board_init_f
33e000f4 t nand_boot_210
33e000f8 t mmcsd_boot_210
33e000fc t board_init_in_ram
33e00100 T relocate_code
33e0010c t stack_setup
33e0012c t copy_loop
33e0015c t fixloop
33e00180 t fixabs
33e00194 t fixrel
33e0019c t fixnext
33e001b0 t _rel_dyn_start_ofs
33e001b4 t _rel_dyn_end_ofs
33e001b8 t _dynsym_start_ofs
33e001bc t clear_bss
33e001d4 t clbss_l
33e001e4 t jump_2_ram
33e0020c t _board_init_r_ofs
33e00210 t cpu_init_crit
33e00260 t undefined_instruction
33e002c0 t software_interrupt
33e00320 t prefetch_abort
33e00380 t data_abort
33e003e0 t not_used
33e00440 t irq
33e004a0 t fiq
33e00500 T invalidate_dcache_all
33e00504 T flush_dcache_all
33e00508 T invalidate_dcache_range
33e0050c T flush_dcache_range
33e00510 T arm_init_before_mmu
33e00514 T flush_cache
33e00518 T invalidate_icache_all
33e00530 T __v7_outer_cache_enable
33e00534 T __v7_outer_cache_disable
33e00538 T __v7_outer_cache_flush_all
33e00538 W v7_outer_cache_flush_all
33e0053c T __v7_outer_cache_inval_all
33e0053c W v7_outer_cache_inval_all
33e00540 T __v7_outer_cache_flush_range
33e00540 W v7_outer_cache_flush_range
33e00544 T __v7_outer_cache_inval_range
33e00544 W v7_outer_cache_inval_range
33e00548 T save_boot_params_default
33e00548 W save_boot_params
33e0054c T cleanup_before_linux
33e0056c T sdelay
33e00578 T sr32
33e00598 T wait_on_value
33e005dc T arch_cpu_init
33e0060c T get_device_type
33e0061c T print_cpuinfo
33e00698 t s5p_get_base_timer
33e006d0 T reset_timer_masked
33e006ec T get_timer_masked
33e00734 T get_timer
33e00748 T __udelay
33e007e0 T get_ticks
33e007f4 T get_tbclk
33e007fc T timer_init
33e00830 T s5p_config_sromc
33e0088c t samsung_get_base_timer
33e008c4 T pwm_enable
33e008f8 T pwm_disable
33e00928 T pwm_init
33e009f8 T pwm_config
33e00b40 t cpu_is_s5pc110
33e00b64 t samsung_get_base_clock
33e00b94 T set_mmc_clk
33e00b98 T get_pll_clk
33e00cd4 t s5pc100_get_pclk
33e00d0c T get_arm_clk
33e00d6c t s5pc110_get_pclk
33e00dac T get_uart_clk
33e00dcc T get_pwm_clk
33e00e00 T v7_outer_cache_enable
33e00e14 T v7_outer_cache_disable
33e00e40 T reset_cpu
33e00e70 t _loop_forever
33e00e7c T __coloured_LED_init
33e00e7c W coloured_LED_init
33e00e80 T __red_LED_on
33e00e80 W red_LED_on
33e00e84 T __red_LED_off
33e00e84 W red_LED_off
33e00e88 T __green_LED_on
33e00e88 W green_LED_on
33e00e8c T __green_LED_off
33e00e8c W green_LED_off
33e00e90 T __yellow_LED_on
33e00e90 W yellow_LED_on
33e00e94 T __yellow_LED_off
33e00e94 W yellow_LED_off
33e00e98 T __blue_LED_on
33e00e98 W blue_LED_on
33e00e9c T __blue_LED_off
33e00e9c W blue_LED_off
33e00ea0 T __dram_init_banksize
33e00ebc T board_init_f_nand
33e00ec0 t display_banner
33e00ee0 t init_baudrate
33e00f34 T hang
33e00f44 T board_init_r
33e0106c T board_init_f
33e011cc T do_bootm_linux
33e013b0 T arch_lmb_reserve
33e013d4 T __flush_cache
33e013d8 T __flush_dcache_all
33e013e4 T __enable_caches
33e013e4 W enable_caches
33e013f0 t get_cr
33e013f8 t set_cr
33e01400 T __arm_init_before_mmu
33e01404 t cp_delay
33e01434 T icache_enable
33e01450 T icache_status
33e01464 T dcache_enable
33e01468 T dcache_disable
33e0146c T dcache_status
33e01474 T icache_disable
33e01490 T interrupt_init
33e014ac T enable_interrupts
33e014b0 T disable_interrupts
33e014b8 T show_regs
33e015f8 T bad_mode
33e01608 T do_irq
33e0162c T do_fiq
33e01650 T do_not_used
33e01674 T do_data_abort
33e01698 T do_prefetch_abort
33e016bc T do_software_interrupt
33e016e0 T do_undefined_instruction
33e01704 T do_reset
33e01734 t print_num
33e01748 T do_bdinfo
33e01894 W do_go_exec
33e018ac T do_go
33e0191c t __fswab32
33e0193c t image_get_data
33e01944 T __arch_preboot_os
33e01944 W arch_preboot_os
33e01948 t image_check_magic
33e0196c t image_info
33e01a34 T do_iminfo
33e01a94 t image_get_size
33e01a9c t image_get_data_size
33e01aa0 T do_bootd
33e01ac4 t do_bootm_rtems
33e01b00 t do_bootm_qnxelf
33e01b64 t do_bootm_vxworks
33e01bc8 t do_bootm_netbsd
33e01cf4 t bootm_start
33e0207c t bootm_load_os
33e021f4 T do_bootm_subcommand
33e0243c T do_bootm
33e026d0 T bootm_maybe_autostart
33e02744 T do_coninfo
33e02834 T do_echo
33e028b4 T valid_elf_image
33e02928 t load_elf_image_shdr
33e029c0 T do_bootvx
33e02c48 W do_bootelf_exec
33e02c8c T do_bootelf
33e02de8 T do_exit
33e02e18 T do_fat_fsinfo
33e02ef0 T do_fat_ls
33e02ff8 T do_fat_fsload
33e0317c T do_flinfo
33e03184 T do_flerase
33e0318c T do_protect
33e031e4 T do_help
33e03230 t evalstr
33e0324c t evalexp
33e032b8 T binary_test
33e03478 T do_itest
33e03510 T buzzer_on
33e03540 T buzzer_off
33e03558 T delay
33e0357c T hareware_init
33e03594 T led_test
33e03680 T ktrans
33e036a0 T chk1
33e036d0 t bin_data_init
33e036ec t bin_data_char
33e0370c T k_data_init
33e0372c T k_data_save
33e0374c T k_data_restore
33e0376c T k_data_char
33e037bc T send_pad
33e037ec T s1_sendpacket
33e03818 T handle_send_packet
33e039dc T send_nack
33e03a3c T send_ack
33e03a9c t load_serial_ymodem
33e03ba4 t getcxmodem
33e03bc4 T do_load_serial_bin
33e04024 t load_serial
33e04220 T do_load_serial
33e04300 T do_mem_crc
33e043a8 T do_mem_base
33e043ec T do_mem_mtest
33e04594 T do_mem_loop
33e0468c T do_mem_cp
33e04760 T do_mem_cmp
33e048fc T do_mem_mw
33e049c0 t mod_mem
33e04b0c T do_mem_nm
33e04b2c T do_mem_mm
33e04b4c T do_mem_md
33e04c28 T awaitkey
33e04c44 T main_menu_usage
33e04ce8 T menu_shell
33e050a4 T do_menu
33e050b4 T do_sleep
33e05134 T do_mmcops
33e05598 T do_mmcinfo
33e05720 t INIT_LIST_HEAD
33e0572c t __list_add
33e05740 t list_add_tail
33e0574c t list_del
33e0576c t list_empty
33e05780 T device_find
33e057d0 t mtd_part_info
33e05864 t index_partitions
33e05920 t memsize_format
33e0597c t current_save
33e05a2c t part_sort_add
33e05b50 t part_delall
33e05b88 t device_delall
33e05bd8 t mtd_devices_init
33e05c00 t device_del
33e05c64 t memsize_parse
33e05ccc T mtd_id_parse
33e05dd8 T find_dev_and_part
33e05f8c t get_mtd_info
33e0600c t part_validate
33e06280 t device_parse
33e06754 T mtd_device_validate
33e06788 t generate_mtdparts_save
33e06a78 T mtdparts_init
33e0704c T do_mtdparts
33e075f4 T do_chpart
33e076c0 t nand_print_info
33e0771c t set_dev
33e0778c t nand_load_image
33e07938 T do_nandboot
33e07ba4 t str2off
33e07be0 t arg_off_size
33e07de8 T do_nand
33e08874 T do_ping
33e088f4 t netboot_common
33e08bbc T do_nfs
33e08bc8 T do_dhcp
33e08bd4 T do_tftpb
33e08be0 T do_bootp
33e08bec T get_env_id
33e08bfc t do_env
33e08c5c t do_env_delete
33e08c74 t do_env_import
33e08eb8 t do_env_default
33e08f00 T envmatch
33e08f60 T getenv_f
33e0901c T do_env_save
33e09048 T getenv
33e090b8 t env_print
33e09154 T do_env_print
33e091e0 T _do_env_set
33e095b4 T do_env_set
33e095d0 T setenv
33e0961c t do_env_export
33e09844 T do_env_edit
33e098b0 T iis_init
33e09928 T iic_write
33e099e4 T iic_init
33e09a20 T wm8960_init
33e09b00 T sound_test
33e09b14 t __fswab32
33e09b34 T source
33e09c64 T do_source
33e09ca8 T do_false
33e09cb0 T do_true
33e09cb8 T do_test
33e0a134 T putc3
33e0a150 T uart3_test
33e0a1e4 T do_usbd_dnw
33e0a2fc T do_version
33e0a334 T do_imgextract
33e0a60c T cmd_get_data_size
33e0a684 T cmd_usage
33e0a6e0 T find_cmd_tbl
33e0a780 T find_cmd
33e0a7a8 T _do_help
33e0a928 t console_setfile
33e0a9d0 T fgetc
33e0a9f8 T ftstc
33e0aa20 T fputc
33e0aa4c T fputs
33e0aa78 T disable_ctrlc
33e0aa90 T had_ctrlc
33e0aaa0 T clear_ctrlc
33e0aab4 T dbg
33e0aac0 T console_init_f
33e0aad0 T search_device
33e0aaf8 T console_assign
33e0ab38 T fprintf
33e0ab88 T puts
33e0aba4 T vprintf
33e0abd8 T printf
33e0ac20 T stdio_print_current_devices
33e0acd8 T console_init_r
33e0adc0 T serial_printf
33e0ae08 T putc
33e0ae24 T tstc
33e0ae3c T getc
33e0ae54 T ctrlc
33e0aea4 T malloc_usable_size
33e0aee8 T mallopt
33e0af58 T mem_malloc_init
33e0af88 T sbrk
33e0afe0 T malloc_trim
33e0b0ac T free
33e0b2e4 T cfree
33e0b2e8 T malloc
33e0b91c T memalign
33e0ba2c T pvalloc
33e0ba44 T valloc
33e0ba50 T calloc
33e0bb30 T realloc
33e0bfbc T env_get_addr
33e0bfdc T env_get_char_memory
33e0bfec T set_default_env
33e0c090 T env_relocate
33e0c0c0 T env_import
33e0c194 T env_get_char
33e0c1c4 t nand_block_isbad
33e0c1d4 T env_get_char_spec
33e0c1e0 T env_init
33e0c1fc T readenv
33e0c2a4 T env_relocate_spec
33e0c2e8 T writeenv
33e0c3a8 T saveenv
33e0c514 t dummy
33e0c518 T get_version
33e0c520 T jumptable_init
33e0c73c t b_reset
33e0c758 T simple_itoa
33e0c7ac t static_get
33e0c7c8 t static_peek
33e0c7d4 t file_peek
33e0c7e0 t setup_string_in_str
33e0c80c t indenter
33e0c81c t is_assignment
33e0c878 T mapset
33e0c8a4 t syntax_err
33e0c8b0 T do_showvar
33e0c99c T u_boot_hush_start
33e0c9ec t xmalloc
33e0ca0c T new_pipe
33e0ca34 t file_get
33e0cc04 t free_pipe_list
33e0cce8 t b_free
33e0cd0c T unset_local_var
33e0cda8 t xrealloc
33e0cdc8 t done_command
33e0ce50 t initialize_context
33e0ce88 t done_pipe
33e0ced0 T reserved_word
33e0d008 t b_addchr
33e0d084 t done_word
33e0d204 t b_addqchr
33e0d250 T set_local_var
33e0d400 T update_ifs_map
33e0d470 T get_local_var
33e0d4f8 t insert_var_value
33e0d63c t run_list_real
33e0ddfc t parse_stream_outer
33e0e3dc T parse_file_outer
33e0e420 T parse_string_outer
33e0e4e8 t __fswab32
33e0e508 t image_get_data
33e0e510 t image_check_type
33e0e524 T image_multi_count
33e0e54c T get_table_entry_name
33e0e574 T genimg_get_os_name
33e0e58c T genimg_get_arch_name
33e0e5a4 T genimg_get_type_name
33e0e5bc T genimg_get_comp_name
33e0e5d4 T genimg_get_image
33e0e5d8 T genimg_has_config
33e0e5e0 T getenv_yesno
33e0e604 T getenv_bootm_low
33e0e634 T get_table_entry_id
33e0e680 T genimg_get_comp_id
33e0e698 T genimg_get_type_id
33e0e6b0 T genimg_get_arch_id
33e0e6c8 T genimg_get_os_id
33e0e6e0 t image_check_magic
33e0e704 T genimg_get_format
33e0e718 t image_get_data_size
33e0e720 t image_get_load
33e0e728 T image_multi_getimg
33e0e7ac T genimg_print_size
33e0e7dc T image_print_contents
33e0e970 T memmove_wd
33e0e97c T boot_ramdisk_high
33e0eaa8 T getenv_bootm_size
33e0eb04 T getenv_bootm_mapsize
33e0eb34 T image_check_dcrc
33e0eb7c T image_check_hcrc
33e0ebd0 T boot_get_ramdisk
33e0ee1c T __show_boot_progress
33e0ee1c W show_boot_progress
33e0ee20 T parse_line
33e0eeac T do_run
33e0ef1c T run_command
33e0f308 t delete_char
33e0f3e4 t cread_add_char
33e0f4d4 t cread_add_str
33e0f524 T readline_into_buffer
33e0fd68 T readline
33e0fd84 T main_loop
33e0feb4 T get_ram_size
33e0ffc4 t hex1_bin
33e0fffc t hex2_bin
33e10030 T srec_decode
33e102a0 T serial_register
33e102b8 T serial_reinit_all
33e102e4 T serial_puts
33e1032c T serial_putc
33e10374 T serial_tstc
33e103b4 T serial_getc
33e103f4 T serial_setbrg
33e10434 T serial_init
33e10474 T serial_assign
33e104c0 T serial_initialize
33e10500 T serial_stdio_init
33e1058c T stdio_get_list
33e10598 T stdio_clone
33e105e0 T stdio_register
33e10620 T stdio_init
33e106b0 T stdio_get_by_name
33e10704 T s3c_usb_phy_off
33e10730 T s3c_usb_core_soft_reset
33e10750 T s3c_usb_init_core
33e1076c T s3c_usb_check_current_mode
33e10780 T s3c_usb_set_soft_disconnect
33e10794 T s3c_usb_clear_soft_disconnect
33e107a8 T s3c_usb_init_device
33e107e8 T s3c_usbc_activate
33e107f0 T s3c_usb_stop
33e10804 T s3c_usb_set_inep_xfersize
33e10838 T s3c_usb_set_outep_xfersize
33e1086c T s3c_usb_write_ep0_fifo
33e108c4 T s3c_usb_write_in_fifo
33e1091c T s3c_usb_read_out_fifo
33e10970 T s3c_usb_get_desc
33e10b40 T s3c_usb_clear_feature
33e10bbc T s3c_usb_set_feature
33e10d1c T s3c_usb_get_status
33e10dc4 T s3c_usb_ep0_int_hndlr
33e10fe4 T s3c_usb_set_otherspeed_conf_desc
33e11104 T s3c_usb_transfer_ep0
33e11f08 T s3c_usb_int_bulkin
33e120f0 T s3c_usb_upload_start
33e1234c T s3c_usb_download_start
33e125b8 T s3c_usb_dma_in_done
33e126c8 T s3c_usb_set_all_outep_nak
33e126f0 T s3c_usb_clear_all_outep_nak
33e12718 T s3c_usb_set_max_pktsize
33e127c8 T s3c_usb_set_endpoint
33e12828 T s3c_usb_set_descriptors
33e129c4 T s3c_usb_check_speed
33e129dc T s3c_usb_clear_dnfile_info
33e12a1c T s3c_usb_clear_upfile_info
33e12a5c T s3c_usb_check_setconf
33e12a8c T s3c_usb_set_opmode
33e12b58 T s3c_usb_reset
33e12bc0 T s3c_usb_set_init
33e12c1c T s3c_usb_verify_checksum
33e12cf4 T s3c_usb_download_continue
33e12ea8 T s3c_usb_int_bulkout
33e12ef8 T s3c_usb_pkt_receive
33e12f7c T s3c_usb_print_pkt
33e12fc8 T s3c_usb_dma_out_done
33e130e4 T s3c_usb_transfer
33e13208 T s3c_udc_int_hndlr
33e132ac T s3c_usb_wait_cable_insert
33e132f8 T s3c_usb_init_phy
33e13338 T s3c_usbctl_init
33e133fc T lcd_init
33e13518 T lcd_draw_pixel
33e1352c T lcd_clear_screen
33e1356c T lcd_draw_picture
33e135c8 T WB_lcd_init_and_display
33e135e0 T parse_num
33e13708 T xyzModem_error
33e137a4 T xyzModem_stream_close
33e137f0 T CYGACC_COMM_IF_PUTC
33e137f8 T CYGACC_COMM_IF_GETC_TIMEOUT
33e1384c t xyzModem_flush
33e13874 T xyzModem_stream_terminate
33e13948 t xyzModem_get_hdr
33e13bcc T xyzModem_stream_read
33e13e58 T xyzModem_stream_open
33e13fbc T print_part
33e140a4 T dev_print
33e142bc T get_partition_info
33e142e0 T init_part
33e142fc T get_dev
33e14354 t le32_to_int
33e1437c t is_extended
33e1439c t get_partition_info_extended
33e145cc T get_partition_info_dos
33e145ec T test_part_dos
33e14654 t print_partition_extended
33e14848 T print_part_dos
33e14874 T s5p_gpio_cfg_pin
33e14890 T s5p_gpio_direction_output
33e148c8 T s5p_gpio_direction_input
33e148d0 T s5p_gpio_set_value
33e148f4 T s5p_gpio_get_value
33e1490c T s5p_gpio_set_pull
33e14934 T s5p_gpio_set_drv
33e14960 T s5p_gpio_set_rate
33e14988 T s5p_gpio_get_bank
33e149a8 T s5p_gpio_get_pin
33e149c0 T gpio_request
33e149c8 T gpio_direction_input
33e149f4 T gpio_direction_output
33e14a28 T gpio_get_value
33e14a50 T gpio_set_value
33e14a80 t __fswab32
33e14aa0 t INIT_LIST_HEAD
33e14aac T __board_mmc_getcd
33e14aac W board_mmc_getcd
33e14ab4 T mmc_send_cmd
33e14ac4 T mmc_set_blocklen
33e14afc T mmc_send_ext_csd
33e14b4c T sd_switch
33e14bb8 T mmc_set_ios
33e14bc8 T mmc_set_clock
33e14be8 T mmc_set_bus_width
33e14bf0 T mmc_send_if_cond
33e14c70 T mmc_register
33e14d04 W cpu_mmc_init
33e14d04 t __def_mmc_init
33e14d0c T get_mmc_num
33e14d1c T print_mmc_devices
33e14d84 T mmc_initialize
33e14dd0 T find_mmc_device
33e14e1c T mmc_get_dev
33e14e30 t mmc_berase
33e14fc0 T sd_change_freq
33e15194 T sd_send_op_cond
33e152f0 T mmc_go_idle
33e15344 T mmc_send_op_cond
33e1549c T mmc_send_status
33e15560 t mmc_bwrite
33e156e4 T mmc_switch
33e15740 T mmc_switch_part
33e1577c T mmc_change_freq
33e15830 T mmc_startup
33e15e8c T mmc_init
33e15f3c T mmc_read_blocks
33e16020 t mmc_bread
33e160c0 T s5p_mmc_init
33e161cc t mmc_core_init
33e16294 t mmc_send_cmd
33e165c0 t mmc_set_ios
33e16710 T get_mtd_device
33e16780 T put_mtd_device
33e167ac T del_mtd_device
33e167fc T add_mtd_device
33e16864 T get_mtd_device_nm
33e168c8 T nand_init
33e16988 t generic_ffs
33e169e0 t nand_release_device
33e169f8 t nand_read_byte
33e16a0c t nand_read_byte16
33e16a20 t nand_read_word
33e16a30 t nand_write_buf
33e16a64 t nand_read_buf
33e16a90 t nand_verify_buf
33e16adc t nand_write_buf16
33e16b14 t nand_read_buf16
33e16b4c t nand_verify_buf16
33e16b98 t nand_check_wp
33e16bd4 t nand_get_device
33e16be0 t nand_block_bad
33e16ce4 t nand_read_page_raw
33e16d1c t nand_read_page_raw_syndrome
33e16dec t nand_read_page_swecc
33e16f08 t nand_read_subpage
33e1719c t nand_read_page_hwecc
33e172d8 t nand_read_page_hwecc_oob_first
33e17418 t nand_read_page_syndrome
33e1753c t nand_read_oob_std
33e17580 t nand_read_oob_syndrome
33e17690 t nand_write_oob_std
33e17700 t nand_write_oob_syndrome
33e178b8 t nand_write_page_raw
33e178ec t nand_write_page_raw_syndrome
33e179b8 t nand_write_page_swecc
33e17a5c t nand_write_page_hwecc
33e17b28 t nand_write_page_syndrome
33e17c18 t nand_write_page
33e17cd8 t single_erase_cmd
33e17d14 t multi_erase_cmd
33e17da0 t nand_sync
33e17dc4 T nand_release
33e17dec T nand_scan_ident
33e183d4 T nand_scan_tail
33e18960 T nand_scan
33e18984 t nand_select_chip
33e189dc t nand_block_checkbad
33e18a5c t nand_block_isbad
33e18aa4 t nand_block_markbad
33e18ae0 t nand_fill_oob
33e18bf0 t nand_do_write_oob
33e18d98 t nand_do_write_ops
33e19094 t nand_write_oob
33e19160 t nand_transfer_oob
33e19270 t nand_write
33e19464 t nand_default_block_markbad
33e19564 T nand_erase_nand
33e19944 t nand_erase
33e1994c t nand_wait
33e19a28 T nand_wait_ready
33e19a74 t nand_do_read_ops
33e19e8c t nand_read_oob
33e1a168 t nand_read
33e1a210 t nand_command
33e1a3ec t nand_command_lp
33e1a654 t check_pattern
33e1a70c t scan_read_raw
33e1a758 T nand_isbad_bbt
33e1a7a8 t create_bbt
33e1aa80 t search_bbt
33e1ac9c t read_bbt
33e1aee8 t read_abs_bbt
33e1afe8 t write_bbt
33e1b65c T nand_update_bbt
33e1b7b4 t mark_bbt_region
33e1b934 T nand_scan_bbt
33e1bdb8 T nand_default_bbt
33e1be7c T nand_calculate_ecc
33e1bf74 T nand_correct_data
33e1c0a0 t nand_read
33e1c0cc t nand_block_isbad
33e1c0dc t nand_block_bad_scrub
33e1c0e4 t check_skip_len
33e1c16c T nand_read_skip_bad
33e1c348 T nand_write_skip_bad
33e1c5dc T nand_erase_opts
33e1c974 t s3c_nand_hwcontrol
33e1c9f0 t s3c_nand_device_ready
33e1ca0c t s3c_nand_calculate_ecc
33e1cab4 t s3c_nand_wait_ecc_busy_8bit
33e1cacc T s3c_nand_enable_hwecc_8bit
33e1cc30 T s3c_nand_read_oob_8bit
33e1cc74 T s3c_nand_write_oob_8bit
33e1ccdc t s3c_nand_read_page_4bit
33e1cdf0 t s3c_nand_write_page_4bit
33e1cebc T board_nand_init
33e1d1fc t s3c_nand_correct_data
33e1d3e4 t s3c_nand_enable_hwecc
33e1d468 T s3c_nand_correct_data_8bit
33e1d5c0 T s3c_nand_calculate_ecc_8bit
33e1d6f0 T s3c_nand_read_page_8bit
33e1d7e0 T s3c_nand_write_page_8bit
33e1d8b0 t s3c_nand_scan_bbt
33e1d8b4 t dm9000_outblk_8bit
33e1d8dc t dm9000_outblk_16bit
33e1d914 t dm9000_outblk_32bit
33e1d948 t dm9000_inblk_8bit
33e1d974 t dm9000_inblk_16bit
33e1d9ac t dm9000_inblk_32bit
33e1d9e0 t dm9000_rx_status_32bit
33e1da08 t dm9000_rx_status_16bit
33e1da34 t dm9000_rx_status_8bit
33e1da80 t DM9000_ior
33e1daa0 t DM9000_iow
33e1dabc T dm9000_initialize
33e1db40 t dm9000_reset
33e1dbe0 t dm9000_rx
33e1dd28 t dm9000_halt
33e1dd98 t dm9000_phy_read
33e1ddf0 t dm9000_init
33e1e0f8 t dm9000_send
33e1e1c8 t samsung_get_base_uart
33e1e200 t serial_err_check
33e1e22c T serial_getc_dev
33e1e27c T serial_tstc_dev
33e1e298 T s5p_serial0_getc
33e1e2a0 T s5p_serial0_tstc
33e1e2a8 T s5p_serial1_getc
33e1e2b0 T s5p_serial1_tstc
33e1e2b8 T s5p_serial2_getc
33e1e2c0 T s5p_serial2_tstc
33e1e2c8 T s5p_serial3_getc
33e1e2d0 T s5p_serial3_tstc
33e1e2d8 W default_serial_console
33e1e2e4 T serial_putc_dev
33e1e338 T s5p_serial3_putc
33e1e340 T s5p_serial2_putc
33e1e348 T s5p_serial1_putc
33e1e350 T s5p_serial0_putc
33e1e358 T serial_puts_dev
33e1e388 T s5p_serial3_puts
33e1e390 T s5p_serial2_puts
33e1e398 T s5p_serial1_puts
33e1e3a0 T s5p_serial0_puts
33e1e3a8 T serial_setbrg_dev
33e1e3f4 T s5p_serial3_setbrg
33e1e3fc T s5p_serial2_setbrg
33e1e404 T s5p_serial1_setbrg
33e1e40c T s5p_serial0_setbrg
33e1e414 T serial_init_dev
33e1e454 T s5p_serial3_init
33e1e45c T s5p_serial2_init
33e1e464 T s5p_serial1_init
33e1e46c T s5p_serial0_init
33e1e474 t downcase
33e1e4a0 t disk_read
33e1e4ec t dirdelim
33e1e520 t get_fatent
33e1e680 t slot2str
33e1e750 t mkcksum
33e1e780 t get_cluster
33e1e828 t get_vfatname
33e1e9f0 t get_name
33e1eaac t read_bootsectandvi
33e1eba4 T file_fat_detectfs
33e1ed04 T do_fat_read
33e1f778 T file_fat_read
33e1f7b0 T file_fat_ls
33e1f7c0 T fat_register_device
33e1f8d8 T file_getfsname
33e1f8f0 T file_read
33e1f98c T file_ls
33e1fa14 T file_detectfs
33e1fa60 T file_cd
33e1fc6c T crc7
33e1fca8 T cyg_crc16
33e1fcf0 T crc32_no_comp
33e1fde8 T crc32
33e1fdfc T crc32_wd
33e1fe00 T print_size
33e1ff5c T display_options
33e1ff7c T print_buffer
33e200ec T zunzip
33e201f4 T gunzip
33e202bc T zfree
33e202c4 T zalloc
33e202d4 T hdestroy_r
33e20348 T hcreate_r
33e203f0 T hexport_r
33e20640 t cmpkey
33e20654 T hsearch_r
33e20934 T hdelete_r
33e209bc T himport_r
33e20c10 T hmatch_r
33e20cb0 T hstrstr_r
33e20d60 T lmb_dump_all
33e20d64 t lmb_addrs_adjacent
33e20d88 t lmb_remove_region
33e20dc4 T lmb_init
33e20dec t lmb_add_region
33e20fb8 T lmb_add
33e20fbc T lmb_free
33e210bc T lmb_reserve
33e210c4 T lmb_overlaps_region
33e21120 t lmb_align_down
33e2112c T __lmb_alloc_base
33e2123c T lmb_is_reserved
33e2129c T __board_lmb_reserve
33e2129c W board_lmb_reserve
33e212a0 T __arch_lmb_reserve
33e212a4 T lmb_alloc_base
33e212d8 T lmb_alloc
33e212e0 T ldiv
33e21330 T string_to_ip
33e213ac T qsort
33e214c0 T strcmp_compar
33e214cc T strmhz
33e21538 T __div64_32
33e2162c T strcpy
33e21648 T strncpy
33e21670 T strcat
33e216a4 T strncat
33e21708 T strcmp
33e21740 T strncmp
33e21790 T strchr
33e217bc T strlen
33e217dc T strrchr
33e21814 T strnlen
33e2183c T strspn
33e21880 T strpbrk
33e218c0 T strtok
33e21940 T strsep
33e21974 T strswab
33e219c0 T memset
33e21a3c T bcopy
33e21a68 T memcpy
33e21aec T memmove
33e21b50 T memcmp
33e21b90 T memscan
33e21bc0 T strstr
33e21c24 T memchr
33e21c54 T strdup
33e21c88 T udelay
33e21cb4 t __toupper
33e21cd0 t pack_hex_byte
33e21cfc T simple_strtoul
33e21db4 T simple_strtol
33e21ddc T ustrtoul
33e21e50 T simple_strtoull
33e21f2c t skip_atoi
33e21f64 t put_dec_trunc
33e22040 T panic
33e22088 t string
33e22138 t put_dec
33e22268 t number
33e224d0 T vsprintf
33e22b48 T sprintf
33e22b70 T strict_strtoul
33e22bec T inflate_fast
33e23154 T inflate_table
33e236ec T inflateReset
33e23768 T inflateInit2_
33e23870 T inflateInit_
33e23880 T inflateEnd
33e238e8 T adler32
33e23c24 T zcfree
33e23c2c T zcalloc
33e23c34 T inflate
33e253dc t __fswab16
33e253f0 t __fswab32
33e25410 t truncate_sz
33e25444 t NetWriteIP
33e25460 t NetCopyLong
33e25468 t NetCopyIP
33e25470 t NetReadLong
33e2548c t DhcpOptionsProcess
33e2565c t DhcpExtended
33e257ec T BootpRequest
33e259b4 T DhcpRequest
33e259b8 t DhcpHandler
33e25d28 t BootpTimeout
33e25d70 t is_valid_ether_addr
33e25db8 W cpu_eth_init
33e25db8 t __def_eth_init
33e25dc0 T eth_get_dev
33e25dd0 T eth_get_dev_by_index
33e25e10 T eth_get_dev_index
33e25e5c T eth_halt
33e25e90 T eth_send
33e25ec4 T eth_rx
33e25ef0 T eth_get_name
33e25f10 T eth_get_dev_by_name
33e25f64 t eth_current_changed
33e25fc0 T eth_set_current
33e26058 T eth_try_another
33e260d4 T eth_register
33e26160 T eth_setenv_enetaddr
33e26198 T eth_parse_enetaddr
33e261f4 T eth_getenv_enetaddr
33e26214 T eth_getenv_enetaddr_by_index
33e26264 T eth_init
33e2632c T eth_write_hwaddr
33e2645c T eth_initialize
33e265f8 t __fswab16
33e2660c t startAgainTimeout
33e26620 t startAgainHandler
33e26624 T NetSetHandler
33e26634 t PingHandler
33e26650 T NetCksum
33e26698 T NetCksumOk
33e266bc T copy_filename
33e26714 T string_to_VLAN
33e26760 T getenv_VLAN
33e26770 T NetEthHdrSize
33e267b4 T VLAN_to_string
33e2680c T ip_to_string
33e2685c T random_port
33e26878 T NetSetTimeout
33e268a8 t NetCopyIP
33e268b0 T NetSetIP
33e269a8 T NetSetEther
33e26a5c t NetReadIP
33e26a78 t NetWriteIP
33e26a94 T NetSendPacket
33e26a98 T NetReceive
33e26f40 T ArpRequest
33e2702c T PingSend
33e27168 T NetSendUDPPacket
33e272a4 t PingTimeout
33e272c0 T NetStartAgain
33e273cc T ArpTimeoutCheck
33e27440 t getenv_IPaddr
33e27450 T NetLoop
33e2787c t __fswab32
33e2789c t basename
33e278d8 t dirname
33e278f4 t rpc_add_credentials
33e279cc t rpc_lookup_reply
33e27a6c t nfs_mount_reply
33e27b08 t nfs_umountall_reply
33e27b88 t nfs_lookup_reply
33e27c1c t rpc_req
33e27d28 t rpc_lookup_req
33e27d8c t nfs_mount_req
33e27e1c t nfs_umountall_req
33e27e74 t nfs_lookup_req
33e27f18 t nfs_read_req
33e27f98 t nfs_readlink_req
33e27ff0 t NfsSend
33e28084 T NfsStart
33e282b0 t nfs_readlink_reply
33e283a4 t nfs_read_reply
33e284e8 t NfsHandler
33e286c4 t NfsTimeout
33e2871c t __fswab16
33e28730 t TftpSend
33e288c4 T TftpStart
33e28ba8 t TftpTimeout
33e28c18 t TftpHandler
33e28f00 T board_late_init
33e28f08 T board_mmc_init
33e2904c T checkboard
33e29064 T board_init
33e29110 T board_eth_init
33e29114 T dram_init_banksize
33e29158 T dram_init
33e29178 t _TEXT_BASE
33e2917c T lowlevel_init
33e29280 t wakeup_reset_from_didle
33e29284 t lockloop
33e29298 t wakeup_reset_pre
33e292b4 t wakeup_reset
33e292c0 t exit_wakeup
33e292d4 t system_clock_init
33e29364 t uart_asm_init
33e293b4 t nand_asm_init
33e2944c t tzpc_init
33e294a0 t onenandcon_init
33e294d4 t wait_orwb
33e295c0 T mem_ctrl_asm_init
33e2967c t find_lock_val
33e297e8 t find_lock_val1
33e29938 T cleanDCache
33e29944 T cleanFlushDCache
33e29950 T cleanFlushCache
33e299e0 T v7_flush_dcache_all
33e299f8 t Loop1
33e29a38 t Loop2
33e29a3c t Loop3
33e29a58 t Skip
33e29a64 t Finished
33e29a80 T disable_l2cache
33e29aa0 T enable_l2cache
33e29ac0 T set_l2cache_auxctrl
33e29ae0 T set_l2cache_auxctrl_cycle
33e29b00 t CoInvalidateDCacheIndex
33e29b20 T raise
33e29b28 T __aeabi_unwind_cpp_pr0
33e29b2c T __udivsi3
33e29b2c t .udivsi3_nodiv0
33e29b2c t __aeabi_uidiv
33e29c20 t __aeabi_uidivmod
33e29c40 T __divsi3
33e29c40 t __aeabi_idiv
33e29c48 t .divsi3_nodiv0
33e29d68 t __aeabi_idivmod
33e29d88 T __lshrdi3
33e29d88 t __aeabi_llsr
33e29da4 T __ashrdi3
33e29da4 t __aeabi_lasr
33e29dc0 T __ashldi3
33e29dc0 t __aeabi_llsl
33e29ddc W __aeabi_ldiv0
33e29ddc t __aeabi_idiv0
33e29df0 r default_nand_name
33e29df8 r __func__.5515
33e29e0c r __FUNCTION__.5636
33e29e1b r __FUNCTION__.3836
33e29e2c r __FUNCTION__.5082
33e29e3a r __FUNCTION__.4548
33e29e4c r C.58.3992
33e29e50 r C.179.5367
33e29e58 r nand_ecc_precalc_table
33e29f58 R nand_flash_ids
33e2a3c0 R nand_manuf_ids
33e2a410 r C.43.3136
33e2a490 r boot_os
33e2a4dc r op_table
33e2a544 r __FUNCTION__.3507
33e2a550 r __func__.3624
33e2a560 r baudrate_table
33e2a574 r __func__.3567
33e2a584 V version_string
33e2a5d2 R default_environment
33e2a6a4 r __func__.3285
33e2a6b4 r __func__.3299
33e2a6bf r __func__.3970
33e2a6c8 r uimage_os
33e2a734 r uimage_arch
33e2a818 r uimage_type
33e2a8e4 r uimage_comp
33e2a92c r erase_seq
33e2a930 r tab_seq
33e2a939 R config_full
33e2a942 R config_full_total
33e2a962 R config_high
33e2a96b R config_high_total
33e2a98b R qualifier_desc
33e2a995 R string_desc0
33e2a999 R string_desc1
33e2a9af R string_desc2
33e2a9dc r block_drvr
33e2a9ec r multipliers
33e2aa2c r fbase
33e2aa3c r __func__.3742
33e2aa46 r __func__.3561
33e2aa53 r __func__.3686
33e2aa64 r udivslot
33e2aaa4 r filesystems
33e2aabc R crc7_syndrome_table
33e2abbc r crc16_tab
33e2adbc r crc_table
33e2b1bc r names.3143
33e2b1c2 R _ctype
33e2b2c2 R hex_asc
33e2b2d3 r digits.3392
33e2b2e4 r lbase.3655
33e2b322 r lext.3656
33e2b360 r dbase.3657
33e2b3a0 r dext.3658
33e2b3e0 r lenfix
33e2bbe0 r distfix
33e2bc60 r order.3881
33e2bc88 R z_errmsg
33e33b08 D s5p_cpu_id
33e33b0c D s5p_cpu_rev
33e33b10 D init_sequence
33e33b3c d cmd_bootm_sub
33e33be4 d do_echo
33e33be8 d dp_last_length
33e33bec d curr_device
33e33bf0 d env_id
33e33bf4 d cmd_env_sub
33e33ccc D load_addr
33e33cd0 d trim_threshold
33e33cd4 d mmap_threshold
33e33cd8 d av_
33e340e0 d sbrk_base
33e340e4 D env_name_spec
33e340e8 d blanks.3616
33e34110 d reserved_list
33e34194 d hist_cur
33e34198 D stdio_names
33e341a4 D test_pkt
33e341dc d cur_dev_num
33e341e0 D nand_curr_device
33e341e4 d nand_oob_8
33e3442c d nand_oob_16
33e34674 d nand_oob_64
33e348bc d nand_oob_128
33e34b04 d bbt_main_descr
33e34b28 d bbt_mirror_descr
33e34b4c d agand_flashbased
33e34b70 d smallpage_flashbased
33e34b94 d largepage_flashbased
33e34bb8 d smallpage_memorybased
33e34bdc d largepage_memorybased
33e34c00 d bbt_pattern
33e34c04 d mirror_pattern
33e34c08 d scan_agand_pattern
33e34c0e d scan_ff_pattern
33e34c10 d s3c_nand_oob_128
33e34e58 d s3c_nand_oob_64_8bit
33e350a0 d s3c_nand_oob_16
33e352e8 d s3c_nand_oob_mlc_64
33e35530 D s5p_serial0_device
33e35560 D s5p_serial1_device
33e35590 D s5p_serial2_device
33e355c0 D s5p_serial3_device
33e355f0 d cur_part
33e355f4 d current_filesystem
33e355f8 D file_cwd
33e357f8 D NetOurVLAN
33e357fa D NetOurNativeVLAN
33e357fc D NetBcastAddr
33e35804 d nfs_offset
33e35808 d TftpTimeoutMSecs
33e3580c d TftpBlkSizeOption
33e35810 d TftpTimeoutCountMax
33e35814 D TftpRRQTimeoutCountMax
33e35818 d TftpBlkSize
33e3581c D TftpRRQTimeoutMSecs
33e3582c A __u_boot_cmd_start
33e3582c D __u_boot_cmd_bdinfo
33e35844 D __u_boot_cmd_go
33e3585c D __u_boot_cmd_reset
33e35874 D __u_boot_cmd_bootm
33e3588c D __u_boot_cmd_boot
33e358a4 D __u_boot_cmd_bootd
33e358bc D __u_boot_cmd_iminfo
33e358d4 D __u_boot_cmd_coninfo
33e358ec D __u_boot_cmd_echo
33e35904 D __u_boot_cmd_bootelf
33e3591c D __u_boot_cmd_bootvx
33e35934 D __u_boot_cmd_exit
33e3594c D __u_boot_cmd_fatload
33e35964 D __u_boot_cmd_fatls
33e3597c D __u_boot_cmd_fatinfo
33e35994 D __u_boot_cmd_flinfo
33e359ac D __u_boot_cmd_erase
33e359c4 D __u_boot_cmd_protect
33e359dc D __u_boot_cmd_help
33e359f4 D __u_boot_cmd_question_mark
33e35a0c D __u_boot_cmd_itest
33e35a24 D __u_boot_cmd_led
33e35a3c D __u_boot_cmd_loads
33e35a54 D __u_boot_cmd_loadb
33e35a6c D __u_boot_cmd_loady
33e35a84 D __u_boot_cmd_md
33e35a9c D __u_boot_cmd_mm
33e35ab4 D __u_boot_cmd_nm
33e35acc D __u_boot_cmd_mw
33e35ae4 D __u_boot_cmd_cp
33e35afc D __u_boot_cmd_cmp
33e35b14 D __u_boot_cmd_crc32
33e35b2c D __u_boot_cmd_base
33e35b44 D __u_boot_cmd_loop
33e35b5c D __u_boot_cmd_mtest
33e35b74 D __u_boot_cmd_menu
33e35b8c D __u_boot_cmd_sleep
33e35ba4 D __u_boot_cmd_mmcinfo
33e35bbc D __u_boot_cmd_mmc
33e35bd4 D __u_boot_cmd_chpart
33e35bec D __u_boot_cmd_mtdparts
33e35c04 D __u_boot_cmd_nand
33e35c1c D __u_boot_cmd_nboot
33e35c34 D __u_boot_cmd_bootp
33e35c4c D __u_boot_cmd_tftpboot
33e35c64 D __u_boot_cmd_dhcp
33e35c7c D __u_boot_cmd_nfs
33e35c94 D __u_boot_cmd_ping
33e35cac D __u_boot_cmd_saveenv
33e35cc4 D __u_boot_cmd_env
33e35cdc D __u_boot_cmd_editenv
33e35cf4 D __u_boot_cmd_printenv
33e35d0c D __u_boot_cmd_setenv
33e35d24 D __u_boot_cmd_run
33e35d3c D __u_boot_cmd_sound
33e35d54 D __u_boot_cmd_source
33e35d6c D __u_boot_cmd_test
33e35d84 D __u_boot_cmd_false
33e35d9c D __u_boot_cmd_true
33e35db4 D __u_boot_cmd_uart3
33e35dcc D __u_boot_cmd_dnw
33e35de4 D __u_boot_cmd_version
33e35dfc D __u_boot_cmd_lcd
33e35e14 D __u_boot_cmd_imxtract
33e35e2c D __u_boot_cmd_showvar
33e35e44 A __image_copy_end
33e35e44 A __u_boot_cmd_end
33e35e44 B __bss_start
33e35e44 B monitor_flash_len
33e35e44 R __rel_dyn_start
33e35e48 b params
33e35e50 b images
33e35f7c b os_data_state
33e35f80 b os_data_addr
33e35f84 b bin_start_address
33e35f88 b k_data_escape
33e35f8c B os_data_init
33e35f90 b k_data_escape_saved
33e35f94 b os_data_state_saved
33e35f98 b os_data_addr_saved
33e35f9c B os_data_char
33e35fa0 B his_quote
33e35fa4 B his_pad_count
33e35fa8 B his_pad_char
33e35fa9 B his_eol
33e35fac B send_ptr
33e35fb0 B send_parms
33e35fc4 b a_b
33e35fdc b base_address
33e35fe0 b mm_last_addr
33e35fe4 b mm_last_size
33e35fe8 b dp_last_addr
33e35fec b dp_last_size
33e35ff0 B devices
33e35ff8 B current_mtd_dev
33e35ffc B current_mtd_partnum
33e35ffd b last_partition
33e3600d b last_parts
33e36210 B mtdids
33e36218 b initialized.4837
33e3621c b last_ids
33e362a0 b last.4200
33e362a8 b ctrlc_disabled
33e362ac b ctrlc_was_pressed
33e362b0 b top_pad
33e362b4 b n_mmaps_max
33e362b8 B mem_malloc_start
33e362bc B mem_malloc_end
33e362c0 B mem_malloc_brk
33e362c4 b current_mallinfo
33e362ec b max_sbrked_mem
33e362f0 b max_total_mem
33e362f4 B env_htab
33e36300 B env_ptr
33e36304 b local.3405
33e3631a b map
33e3641c b top_vars
33e36420 b flag_repeat
33e36424 b do_repeat
33e36428 b the_command.3432
33e36528 b ifs
33e3652c b buf.3892
33e36554 B last_return_code
33e36558 B nesting_level
33e3655c b initted.3368
33e36560 b hist_max
33e36564 b hist_add_idx
33e36568 B hist_num
33e3656c B hist_lines
33e37980 B hist_list
33e379d0 B console_buffer
33e37ad4 b serial_devices
33e37ad8 b serial_current
33e37adc b devs
33e37b18 B stdio_devices
33e37b24 B otg
33e37ba8 B remode_wakeup
33e37bac B get_status
33e37bb2 B config_value
33e37bb4 B get_intf
33e37bb8 B s3c_usbd_dn_addr
33e37bbc B op_mode
33e37bc0 B usb_download_filesize
33e37bc4 B s3c_usbd_dn_cnt
33e37bc8 B s3c_receive_done
33e37bcc B speed
33e37bd0 B s3c_got_header
33e37bd4 B DNW
33e37bd8 b xyz
33e38018 b mmc_devices
33e38020 B mmc_dev
33e384a0 B mmc_host
33e384e0 B mtd_table
33e38560 B nand_info
33e38610 b nand_chip
33e38730 B nand_type
33e38734 B cur_ecc_mode
33e38738 b dm9000_info
33e3881c b cur_dev
33e38820 b part_offset
33e38824 B get_vfatname_block
33e3b894 R __dynsym_start
33e3b894 R __rel_dyn_end
33e3b954 A _end
33e48824 B do_fat_read_block
33e58824 B get_dentfromdir_block
33e68824 B errno
33e68828 B ___strtok
33e6882c B dhcp_leasetime
33e68830 B NetDHCPServerIP
33e68834 B dhcp_state
33e68838 B BootpTry
33e6883c B BootpID
33e68840 b eth_current
33e68844 b eth_devices
33e68848 b act.3954
33e6884c b env_changed_id.3955
33e68850 b first_failed.3944
33e68854 B NetState
33e68858 b packetHandler
33e6885c B NetPingIP
33e68860 b timeHandler
33e68864 b timeStart
33e68868 b timeDelta
33e6886c B NetIPID
33e68870 B NetOurIP
33e68874 B NetOurEther
33e6887c B NetRxPacket
33e68880 B NetRxPacketLen
33e68884 B NetArpWaitPacketIP
33e68888 B NetArpWaitPacketMAC
33e6888c B NetArpWaitReplyIP
33e68890 B NetArpWaitTxPacket
33e68894 B NetArpWaitTxPacketSize
33e68898 B NetTxPacket
33e6889c B NetOurSubnetMask
33e688a0 B NetOurGatewayIP
33e688a4 b mac.3414
33e688aa B NetEtherNullAddr
33e688b0 b PingSeqNo
33e688b4 B NetArpWaitTry
33e688b8 B NetArpWaitTimerStart
33e688bc b NetTryCount
33e688c0 b NetRestarted
33e688c4 B NetRestartWrap
33e688c8 b NetDevExists
33e688cc B PktBuf
33e6a6ec B NetRxPackets
33e6a6fc B NetArpWaitPacketBuf
33e6ad1c b env_changed_id.3259
33e6ad20 B NetServerIP
33e6ad24 B NetBootFileXferSize
33e6ad28 B NetOurNISDomain
33e6ad48 B NetOurHostName
33e6ad68 B NetOurRootPath
33e6ada8 B NetOurDNSIP
33e6adac B NetBootFileSize
33e6adae B NetServerEther
33e6adb4 B BootFile
33e6ae34 b rpc_id
33e6ae38 b NfsSrvMountPort
33e6ae3c b NfsSrvNfsPort
33e6ae40 b fs_mounted
33e6ae44 b dirfh
33e6ae64 b filefh
33e6ae84 b NfsServerIP
33e6ae88 b NfsOurPort
33e6ae8c b NfsState
33e6ae90 b nfs_path
33e6ae94 b nfs_filename
33e6ae98 b nfs_len
33e6ae9c b NfsDownloadState
33e6aea0 b nfs_path_buff
33e6b6a0 b default_filename
33e6b6e0 b NfsTimeoutCount
33e6b6e4 b TftpState
33e6b6e8 b tftp_filename
33e6b768 b TftpBlock
33e6b76c b TftpRemoteIP
33e6b770 b TftpRemotePort
33e6b774 b TftpOurPort
33e6b778 b default_filename
33e6b788 b TftpTimeoutCount
33e6b78c b TftpBlockWrap
33e6b790 b TftpBlockWrapOffset
33e6b794 b TftpLastBlock
33e6b798 b s5pc110_gpio
33e6b79c B __bss_end__
