33e00000 T _start
33e00020 t _undefined_instruction
33e00024 t _software_interrupt
33e00028 t _prefetch_abort
33e0002c t _data_abort
33e00030 t _not_used
33e00034 t _irq
33e00038 t _fiq
33e0003c t _pad
33e00040 T _TEXT_BASE
33e00040 T _end_vect
33e00044 T _bss_start_ofs
33e00048 T _image_copy_end_ofs
33e0004c T _bss_end_ofs
33e00050 T _end_ofs
33e00054 T IRQ_STACK_START_IN
33e00058 t reset
33e00070 t call_board_init_f
33e000f4 t nand_boot_210
33e000f8 t mmcsd_boot_210
33e000fc t board_init_in_ram
33e00100 T relocate_code
33e0010c t stack_setup
33e0012c t copy_loop
33e0015c t fixloop
33e00180 t fixabs
33e00194 t fixrel
33e0019c t fixnext
33e001b0 t _rel_dyn_start_ofs
33e001b4 t _rel_dyn_end_ofs
33e001b8 t _dynsym_start_ofs
33e001bc t clear_bss
33e001d4 t clbss_l
33e001e4 t jump_2_ram
33e0020c t _board_init_r_ofs
33e00210 t cpu_init_crit
33e00260 t undefined_instruction
33e002c0 t software_interrupt
33e00320 t prefetch_abort
33e00380 t data_abort
33e003e0 t not_used
33e00440 t irq
33e004a0 t fiq
33e00500 T invalidate_dcache_all
33e00504 T flush_dcache_all
33e00508 T invalidate_dcache_range
33e0050c T flush_dcache_range
33e00510 T arm_init_before_mmu
33e00514 T flush_cache
33e00518 T invalidate_icache_all
33e00530 T __v7_outer_cache_enable
33e00534 T __v7_outer_cache_disable
33e00538 T __v7_outer_cache_flush_all
33e00538 W v7_outer_cache_flush_all
33e0053c T __v7_outer_cache_inval_all
33e0053c W v7_outer_cache_inval_all
33e00540 T __v7_outer_cache_flush_range
33e00540 W v7_outer_cache_flush_range
33e00544 T __v7_outer_cache_inval_range
33e00544 W v7_outer_cache_inval_range
33e00548 T save_boot_params_default
33e00548 W save_boot_params
33e0054c T cleanup_before_linux
33e0056c T sdelay
33e00578 T sr32
33e00598 T wait_on_value
33e005dc T arch_cpu_init
33e0060c T get_device_type
33e0061c T print_cpuinfo
33e00698 t s5p_get_base_timer
33e006d0 T reset_timer_masked
33e006ec T get_timer_masked
33e00734 T get_timer
33e00748 T __udelay
33e007e0 T get_ticks
33e007f4 T get_tbclk
33e007fc T timer_init
33e00830 T s5p_config_sromc
33e0088c t samsung_get_base_timer
33e008c4 T pwm_enable
33e008f8 T pwm_disable
33e00928 T pwm_init
33e009f8 T pwm_config
33e00b40 t cpu_is_s5pc110
33e00b64 t samsung_get_base_clock
33e00b94 T set_mmc_clk
33e00b98 T get_pll_clk
33e00cd4 t s5pc100_get_pclk
33e00d0c T get_arm_clk
33e00d6c t s5pc110_get_pclk
33e00dac T get_uart_clk
33e00dcc T get_pwm_clk
33e00e00 T v7_outer_cache_enable
33e00e14 T v7_outer_cache_disable
33e00e40 T reset_cpu
33e00e70 t _loop_forever
33e00e7c T __coloured_LED_init
33e00e7c W coloured_LED_init
33e00e80 T __red_LED_on
33e00e80 W red_LED_on
33e00e84 T __red_LED_off
33e00e84 W red_LED_off
33e00e88 T __green_LED_on
33e00e88 W green_LED_on
33e00e8c T __green_LED_off
33e00e8c W green_LED_off
33e00e90 T __yellow_LED_on
33e00e90 W yellow_LED_on
33e00e94 T __yellow_LED_off
33e00e94 W yellow_LED_off
33e00e98 T __blue_LED_on
33e00e98 W blue_LED_on
33e00e9c T __blue_LED_off
33e00e9c W blue_LED_off
33e00ea0 T __dram_init_banksize
33e00ebc T board_init_f_nand
33e00ec0 t display_banner
33e00ee0 t init_baudrate
33e00f34 T hang
33e00f44 T board_init_r
33e0106c T board_init_f
33e0119c T do_bootm_linux
33e01380 T arch_lmb_reserve
33e013a4 T __flush_cache
33e013a8 T __flush_dcache_all
33e013b4 T __enable_caches
33e013b4 W enable_caches
33e013c0 t get_cr
33e013c8 t set_cr
33e013d0 T __arm_init_before_mmu
33e013d4 t cp_delay
33e01404 T icache_enable
33e01420 T icache_status
33e01434 T dcache_enable
33e01438 T dcache_disable
33e0143c T dcache_status
33e01444 T icache_disable
33e01460 T interrupt_init
33e0147c T enable_interrupts
33e01480 T disable_interrupts
33e01488 T show_regs
33e015c8 T bad_mode
33e015d8 T do_irq
33e015fc T do_fiq
33e01620 T do_not_used
33e01644 T do_data_abort
33e01668 T do_prefetch_abort
33e0168c T do_software_interrupt
33e016b0 T do_undefined_instruction
33e016d4 T do_reset
33e01704 t print_num
33e01718 T do_bdinfo
33e01864 W do_go_exec
33e0187c T do_go
33e018ec t __fswab32
33e0190c t image_get_data
33e01914 T __arch_preboot_os
33e01914 W arch_preboot_os
33e01918 t image_check_magic
33e0193c t image_info
33e01a04 T do_iminfo
33e01a64 t image_get_size
33e01a6c t image_get_data_size
33e01a70 T do_bootd
33e01a94 t do_bootm_rtems
33e01ad0 t do_bootm_qnxelf
33e01b34 t do_bootm_vxworks
33e01b98 t do_bootm_netbsd
33e01cc4 t bootm_start
33e0204c t bootm_load_os
33e021c4 T do_bootm_subcommand
33e0240c T do_bootm
33e026a0 T bootm_maybe_autostart
33e02714 T do_coninfo
33e02804 T do_echo
33e02884 T valid_elf_image
33e028f8 t load_elf_image_shdr
33e02990 T do_bootvx
33e02c18 W do_bootelf_exec
33e02c5c T do_bootelf
33e02db8 T do_exit
33e02de8 T do_fat_fsinfo
33e02ec0 T do_fat_ls
33e02fc8 T do_fat_fsload
33e0314c T do_flinfo
33e03154 T do_flerase
33e0315c T do_protect
33e031b4 T do_help
33e03200 t evalstr
33e0321c t evalexp
33e03288 T binary_test
33e03448 T do_itest
33e034e0 T buzzer_on
33e03510 T buzzer_off
33e03528 T delay
33e0354c T hareware_init
33e03564 T led_test
33e03650 T ktrans
33e03670 T chk1
33e036a0 t bin_data_init
33e036bc t bin_data_char
33e036dc T k_data_init
33e036fc T k_data_save
33e0371c T k_data_restore
33e0373c T k_data_char
33e0378c T send_pad
33e037bc T s1_sendpacket
33e037e8 T handle_send_packet
33e039ac T send_nack
33e03a0c T send_ack
33e03a6c t load_serial_ymodem
33e03b74 t getcxmodem
33e03b94 T do_load_serial_bin
33e03ff4 t load_serial
33e041f0 T do_load_serial
33e042d0 T do_mem_crc
33e04378 T do_mem_base
33e043bc T do_mem_mtest
33e04564 T do_mem_loop
33e0465c T do_mem_cp
33e04730 T do_mem_cmp
33e048cc T do_mem_mw
33e04990 t mod_mem
33e04adc T do_mem_nm
33e04afc T do_mem_mm
33e04b1c T do_mem_md
33e04bf8 T awaitkey
33e04c14 T main_menu_usage
33e04cb8 T menu_shell
33e05078 T do_menu
33e05088 T do_sleep
33e05108 T do_mmcops
33e0556c T do_mmcinfo
33e056f4 t INIT_LIST_HEAD
33e05700 t __list_add
33e05714 t list_add_tail
33e05720 t list_del
33e05740 t list_empty
33e05754 T device_find
33e057a4 t mtd_part_info
33e05838 t index_partitions
33e058f4 t memsize_format
33e05950 t current_save
33e05a00 t part_sort_add
33e05b24 t part_delall
33e05b5c t device_delall
33e05bac t mtd_devices_init
33e05bd4 t device_del
33e05c38 t memsize_parse
33e05ca0 T mtd_id_parse
33e05dac T find_dev_and_part
33e05f60 t get_mtd_info
33e05fe0 t part_validate
33e06254 t device_parse
33e06728 T mtd_device_validate
33e0675c t generate_mtdparts_save
33e06a4c T mtdparts_init
33e07020 T do_mtdparts
33e075c8 T do_chpart
33e07694 t nand_print_info
33e076f0 t set_dev
33e07760 t nand_load_image
33e0790c T do_nandboot
33e07b78 t str2off
33e07bb4 t arg_off_size
33e07dbc T do_nand
33e08848 T do_ping
33e088c8 t netboot_common
33e08b90 T do_nfs
33e08b9c T do_dhcp
33e08ba8 T do_tftpb
33e08bb4 T do_bootp
33e08bc0 T get_env_id
33e08bd0 t do_env
33e08c30 t do_env_delete
33e08c48 t do_env_import
33e08e8c t do_env_default
33e08ed4 T envmatch
33e08f34 T getenv_f
33e08ff0 T do_env_save
33e0901c T getenv
33e0908c t env_print
33e09128 T do_env_print
33e091b4 T _do_env_set
33e09588 T do_env_set
33e095a4 T setenv
33e095f0 t do_env_export
33e09818 T do_env_edit
33e09884 T iis_init
33e098fc T iic_write
33e099b8 T iic_init
33e099f4 T wm8960_init
33e09ad4 T sound_test
33e09ae8 t __fswab32
33e09b08 T source
33e09c38 T do_source
33e09c7c T do_false
33e09c84 T do_true
33e09c8c T do_test
33e0a108 T putc3
33e0a124 T uart3_test
33e0a1b8 T do_usbd_dnw
33e0a2d0 T do_version
33e0a308 T do_imgextract
33e0a5e0 T cmd_get_data_size
33e0a658 T cmd_usage
33e0a6b4 T find_cmd_tbl
33e0a754 T find_cmd
33e0a77c T _do_help
33e0a8fc t console_setfile
33e0a9a4 T fgetc
33e0a9cc T ftstc
33e0a9f4 T fputc
33e0aa20 T fputs
33e0aa4c T disable_ctrlc
33e0aa64 T had_ctrlc
33e0aa74 T clear_ctrlc
33e0aa88 T dbg
33e0aa94 T console_init_f
33e0aaa4 T search_device
33e0aacc T console_assign
33e0ab0c T fprintf
33e0ab5c T puts
33e0ab78 T vprintf
33e0abac T printf
33e0abf4 T stdio_print_current_devices
33e0acac T console_init_r
33e0ad94 T serial_printf
33e0addc T putc
33e0adf8 T tstc
33e0ae10 T getc
33e0ae28 T ctrlc
33e0ae78 T malloc_usable_size
33e0aebc T mallopt
33e0af2c T mem_malloc_init
33e0af5c T sbrk
33e0afb4 T malloc_trim
33e0b080 T free
33e0b2b8 T cfree
33e0b2bc T malloc
33e0b8f0 T memalign
33e0ba00 T pvalloc
33e0ba18 T valloc
33e0ba24 T calloc
33e0bb04 T realloc
33e0bf90 T env_get_addr
33e0bfb0 T env_get_char_memory
33e0bfc0 T set_default_env
33e0c064 T env_relocate
33e0c094 T env_import
33e0c168 T env_get_char
33e0c198 t nand_block_isbad
33e0c1a8 T env_get_char_spec
33e0c1b4 T env_init
33e0c1d0 T readenv
33e0c278 T env_relocate_spec
33e0c2bc T writeenv
33e0c37c T saveenv
33e0c4e8 t dummy
33e0c4ec T get_version
33e0c4f4 T jumptable_init
33e0c710 t b_reset
33e0c72c T simple_itoa
33e0c780 t static_get
33e0c79c t static_peek
33e0c7a8 t file_peek
33e0c7b4 t setup_string_in_str
33e0c7e0 t indenter
33e0c7f0 t is_assignment
33e0c84c T mapset
33e0c878 t syntax_err
33e0c884 T do_showvar
33e0c970 T u_boot_hush_start
33e0c9c0 t xmalloc
33e0c9e0 T new_pipe
33e0ca08 t file_get
33e0cbd8 t free_pipe_list
33e0ccbc t b_free
33e0cce0 T unset_local_var
33e0cd7c t xrealloc
33e0cd9c t done_command
33e0ce24 t initialize_context
33e0ce5c t done_pipe
33e0cea4 T reserved_word
33e0cfdc t b_addchr
33e0d058 t done_word
33e0d1d8 t b_addqchr
33e0d224 T set_local_var
33e0d3d4 T update_ifs_map
33e0d444 T get_local_var
33e0d4cc t insert_var_value
33e0d610 t run_list_real
33e0ddd0 t parse_stream_outer
33e0e3b0 T parse_file_outer
33e0e3f4 T parse_string_outer
33e0e4bc t __fswab32
33e0e4dc t image_get_data
33e0e4e4 t image_check_type
33e0e4f8 T image_multi_count
33e0e520 T get_table_entry_name
33e0e548 T genimg_get_os_name
33e0e560 T genimg_get_arch_name
33e0e578 T genimg_get_type_name
33e0e590 T genimg_get_comp_name
33e0e5a8 T genimg_get_image
33e0e5ac T genimg_has_config
33e0e5b4 T getenv_yesno
33e0e5d8 T getenv_bootm_low
33e0e608 T get_table_entry_id
33e0e654 T genimg_get_comp_id
33e0e66c T genimg_get_type_id
33e0e684 T genimg_get_arch_id
33e0e69c T genimg_get_os_id
33e0e6b4 t image_check_magic
33e0e6d8 T genimg_get_format
33e0e6ec t image_get_data_size
33e0e6f4 t image_get_load
33e0e6fc T image_multi_getimg
33e0e780 T genimg_print_size
33e0e7b0 T image_print_contents
33e0e944 T memmove_wd
33e0e950 T boot_ramdisk_high
33e0ea7c T getenv_bootm_size
33e0ead8 T getenv_bootm_mapsize
33e0eb08 T image_check_dcrc
33e0eb50 T image_check_hcrc
33e0eba4 T boot_get_ramdisk
33e0edf0 T __show_boot_progress
33e0edf0 W show_boot_progress
33e0edf4 T parse_line
33e0ee80 T do_run
33e0eef0 T run_command
33e0f2dc t delete_char
33e0f3b8 t cread_add_char
33e0f4a8 t cread_add_str
33e0f4f8 T readline_into_buffer
33e0fd3c T readline
33e0fd58 T main_loop
33e0fe88 T get_ram_size
33e0ff98 t hex1_bin
33e0ffd0 t hex2_bin
33e10004 T srec_decode
33e10274 T serial_register
33e1028c T serial_reinit_all
33e102b8 T serial_puts
33e10300 T serial_putc
33e10348 T serial_tstc
33e10388 T serial_getc
33e103c8 T serial_setbrg
33e10408 T serial_init
33e10448 T serial_assign
33e10494 T serial_initialize
33e104d4 T serial_stdio_init
33e10560 T stdio_get_list
33e1056c T stdio_clone
33e105b4 T stdio_register
33e105f4 T stdio_init
33e10684 T stdio_get_by_name
33e106d8 T s3c_usb_phy_off
33e10704 T s3c_usb_core_soft_reset
33e10724 T s3c_usb_init_core
33e10740 T s3c_usb_check_current_mode
33e10754 T s3c_usb_set_soft_disconnect
33e10768 T s3c_usb_clear_soft_disconnect
33e1077c T s3c_usb_init_device
33e107bc T s3c_usbc_activate
33e107c4 T s3c_usb_stop
33e107d8 T s3c_usb_set_inep_xfersize
33e1080c T s3c_usb_set_outep_xfersize
33e10840 T s3c_usb_write_ep0_fifo
33e10898 T s3c_usb_write_in_fifo
33e108f0 T s3c_usb_read_out_fifo
33e10944 T s3c_usb_get_desc
33e10b14 T s3c_usb_clear_feature
33e10b90 T s3c_usb_set_feature
33e10cf0 T s3c_usb_get_status
33e10d98 T s3c_usb_ep0_int_hndlr
33e10fb8 T s3c_usb_set_otherspeed_conf_desc
33e110d8 T s3c_usb_transfer_ep0
33e11edc T s3c_usb_int_bulkin
33e120c4 T s3c_usb_upload_start
33e12320 T s3c_usb_download_start
33e1258c T s3c_usb_dma_in_done
33e1269c T s3c_usb_set_all_outep_nak
33e126c4 T s3c_usb_clear_all_outep_nak
33e126ec T s3c_usb_set_max_pktsize
33e1279c T s3c_usb_set_endpoint
33e127fc T s3c_usb_set_descriptors
33e12998 T s3c_usb_check_speed
33e129b0 T s3c_usb_clear_dnfile_info
33e129f0 T s3c_usb_clear_upfile_info
33e12a30 T s3c_usb_check_setconf
33e12a60 T s3c_usb_set_opmode
33e12b2c T s3c_usb_reset
33e12b94 T s3c_usb_set_init
33e12bf0 T s3c_usb_verify_checksum
33e12cc8 T s3c_usb_download_continue
33e12e7c T s3c_usb_int_bulkout
33e12ecc T s3c_usb_pkt_receive
33e12f50 T s3c_usb_print_pkt
33e12f9c T s3c_usb_dma_out_done
33e130b8 T s3c_usb_transfer
33e131dc T s3c_udc_int_hndlr
33e13280 T s3c_usb_wait_cable_insert
33e132cc T s3c_usb_init_phy
33e1330c T s3c_usbctl_init
33e133d0 T lcd_init
33e134ec T lcd_draw_pixel
33e13500 T lcd_clear_screen
33e13540 T lcd_draw_picture
33e1359c T WB_lcd_init_and_display
33e135b4 T parse_num
33e136dc T xyzModem_error
33e13778 T xyzModem_stream_close
33e137c4 T CYGACC_COMM_IF_PUTC
33e137cc T CYGACC_COMM_IF_GETC_TIMEOUT
33e13820 t xyzModem_flush
33e13848 T xyzModem_stream_terminate
33e1391c t xyzModem_get_hdr
33e13ba0 T xyzModem_stream_read
33e13e2c T xyzModem_stream_open
33e13f90 T print_part
33e14078 T dev_print
33e14290 T get_partition_info
33e142b4 T init_part
33e142d0 T get_dev
33e14328 t le32_to_int
33e14350 t is_extended
33e14370 t get_partition_info_extended
33e145a0 T get_partition_info_dos
33e145c0 T test_part_dos
33e14628 t print_partition_extended
33e1481c T print_part_dos
33e14848 T s5p_gpio_cfg_pin
33e14864 T s5p_gpio_direction_output
33e1489c T s5p_gpio_direction_input
33e148a4 T s5p_gpio_set_value
33e148c8 T s5p_gpio_get_value
33e148e0 T s5p_gpio_set_pull
33e14908 T s5p_gpio_set_drv
33e14934 T s5p_gpio_set_rate
33e1495c T s5p_gpio_get_bank
33e1497c T s5p_gpio_get_pin
33e14994 T gpio_request
33e1499c T gpio_direction_input
33e149c8 T gpio_direction_output
33e149fc T gpio_get_value
33e14a24 T gpio_set_value
33e14a54 t __fswab32
33e14a74 t INIT_LIST_HEAD
33e14a80 T __board_mmc_getcd
33e14a80 W board_mmc_getcd
33e14a88 T mmc_send_cmd
33e14a98 T mmc_set_blocklen
33e14ad0 T mmc_send_ext_csd
33e14b20 T sd_switch
33e14b8c T mmc_set_ios
33e14b9c T mmc_set_clock
33e14bbc T mmc_set_bus_width
33e14bc4 T mmc_send_if_cond
33e14c44 T mmc_register
33e14cd8 W cpu_mmc_init
33e14cd8 t __def_mmc_init
33e14ce0 T get_mmc_num
33e14cf0 T print_mmc_devices
33e14d58 T mmc_initialize
33e14da4 T find_mmc_device
33e14df0 T mmc_get_dev
33e14e04 t mmc_berase
33e14f94 T sd_change_freq
33e15168 T sd_send_op_cond
33e152c4 T mmc_go_idle
33e15318 T mmc_send_op_cond
33e15470 T mmc_send_status
33e15534 t mmc_bwrite
33e156b8 T mmc_switch
33e15714 T mmc_switch_part
33e15750 T mmc_change_freq
33e15804 T mmc_startup
33e15e60 T mmc_init
33e15f10 T mmc_read_blocks
33e15ff4 t mmc_bread
33e16094 T s5p_mmc_init
33e161a0 t mmc_core_init
33e16268 t mmc_send_cmd
33e16594 t mmc_set_ios
33e166e4 T get_mtd_device
33e16754 T put_mtd_device
33e16780 T del_mtd_device
33e167d0 T add_mtd_device
33e16838 T get_mtd_device_nm
33e1689c T nand_init
33e1695c t generic_ffs
33e169b4 t nand_release_device
33e169cc t nand_read_byte
33e169e0 t nand_read_byte16
33e169f4 t nand_read_word
33e16a04 t nand_write_buf
33e16a38 t nand_read_buf
33e16a64 t nand_verify_buf
33e16ab0 t nand_write_buf16
33e16ae8 t nand_read_buf16
33e16b20 t nand_verify_buf16
33e16b6c t nand_check_wp
33e16ba8 t nand_get_device
33e16bb4 t nand_block_bad
33e16cb8 t nand_read_page_raw
33e16cf0 t nand_read_page_raw_syndrome
33e16dc0 t nand_read_page_swecc
33e16edc t nand_read_subpage
33e17170 t nand_read_page_hwecc
33e172ac t nand_read_page_hwecc_oob_first
33e173ec t nand_read_page_syndrome
33e17510 t nand_read_oob_std
33e17554 t nand_read_oob_syndrome
33e17664 t nand_write_oob_std
33e176d4 t nand_write_oob_syndrome
33e1788c t nand_write_page_raw
33e178c0 t nand_write_page_raw_syndrome
33e1798c t nand_write_page_swecc
33e17a30 t nand_write_page_hwecc
33e17afc t nand_write_page_syndrome
33e17bec t nand_write_page
33e17cac t single_erase_cmd
33e17ce8 t multi_erase_cmd
33e17d74 t nand_sync
33e17d98 T nand_release
33e17dc0 T nand_scan_ident
33e183a8 T nand_scan_tail
33e18934 T nand_scan
33e18958 t nand_select_chip
33e189b0 t nand_block_checkbad
33e18a30 t nand_block_isbad
33e18a78 t nand_block_markbad
33e18ab4 t nand_fill_oob
33e18bc4 t nand_do_write_oob
33e18d6c t nand_do_write_ops
33e19068 t nand_write_oob
33e19134 t nand_transfer_oob
33e19244 t nand_write
33e19438 t nand_default_block_markbad
33e19538 T nand_erase_nand
33e19918 t nand_erase
33e19920 t nand_wait
33e199fc T nand_wait_ready
33e19a48 t nand_do_read_ops
33e19e60 t nand_read_oob
33e1a13c t nand_read
33e1a1e4 t nand_command
33e1a3c0 t nand_command_lp
33e1a628 t check_pattern
33e1a6e0 t scan_read_raw
33e1a72c T nand_isbad_bbt
33e1a77c t create_bbt
33e1aa54 t search_bbt
33e1ac70 t read_bbt
33e1aebc t read_abs_bbt
33e1afbc t write_bbt
33e1b630 T nand_update_bbt
33e1b788 t mark_bbt_region
33e1b908 T nand_scan_bbt
33e1bd8c T nand_default_bbt
33e1be50 T nand_calculate_ecc
33e1bf48 T nand_correct_data
33e1c074 t nand_read
33e1c0a0 t nand_block_isbad
33e1c0b0 t nand_block_bad_scrub
33e1c0b8 t check_skip_len
33e1c140 T nand_read_skip_bad
33e1c31c T nand_write_skip_bad
33e1c5b0 T nand_erase_opts
33e1c948 t s3c_nand_hwcontrol
33e1c9c4 t s3c_nand_device_ready
33e1c9e0 t s3c_nand_calculate_ecc
33e1ca88 t s3c_nand_wait_ecc_busy_8bit
33e1caa0 T s3c_nand_enable_hwecc_8bit
33e1cc04 T s3c_nand_read_oob_8bit
33e1cc48 T s3c_nand_write_oob_8bit
33e1ccb0 t s3c_nand_read_page_4bit
33e1cdc4 t s3c_nand_write_page_4bit
33e1ce90 T board_nand_init
33e1d1d0 t s3c_nand_correct_data
33e1d3b8 t s3c_nand_enable_hwecc
33e1d43c T s3c_nand_correct_data_8bit
33e1d594 T s3c_nand_calculate_ecc_8bit
33e1d6c4 T s3c_nand_read_page_8bit
33e1d7b4 T s3c_nand_write_page_8bit
33e1d884 t s3c_nand_scan_bbt
33e1d888 t dm9000_outblk_8bit
33e1d8b0 t dm9000_outblk_16bit
33e1d8e8 t dm9000_outblk_32bit
33e1d91c t dm9000_inblk_8bit
33e1d948 t dm9000_inblk_16bit
33e1d980 t dm9000_inblk_32bit
33e1d9b4 t dm9000_rx_status_32bit
33e1d9dc t dm9000_rx_status_16bit
33e1da08 t dm9000_rx_status_8bit
33e1da54 t DM9000_ior
33e1da74 t DM9000_iow
33e1da90 T dm9000_initialize
33e1db14 t dm9000_reset
33e1dbb4 t dm9000_rx
33e1dcfc t dm9000_halt
33e1dd6c t dm9000_phy_read
33e1ddc4 t dm9000_init
33e1e0cc t dm9000_send
33e1e19c t samsung_get_base_uart
33e1e1d4 t serial_err_check
33e1e200 T serial_getc_dev
33e1e250 T serial_tstc_dev
33e1e26c T s5p_serial0_getc
33e1e274 T s5p_serial0_tstc
33e1e27c T s5p_serial1_getc
33e1e284 T s5p_serial1_tstc
33e1e28c T s5p_serial2_getc
33e1e294 T s5p_serial2_tstc
33e1e29c T s5p_serial3_getc
33e1e2a4 T s5p_serial3_tstc
33e1e2ac W default_serial_console
33e1e2b8 T serial_putc_dev
33e1e30c T s5p_serial3_putc
33e1e314 T s5p_serial2_putc
33e1e31c T s5p_serial1_putc
33e1e324 T s5p_serial0_putc
33e1e32c T serial_puts_dev
33e1e35c T s5p_serial3_puts
33e1e364 T s5p_serial2_puts
33e1e36c T s5p_serial1_puts
33e1e374 T s5p_serial0_puts
33e1e37c T serial_setbrg_dev
33e1e3c8 T s5p_serial3_setbrg
33e1e3d0 T s5p_serial2_setbrg
33e1e3d8 T s5p_serial1_setbrg
33e1e3e0 T s5p_serial0_setbrg
33e1e3e8 T serial_init_dev
33e1e428 T s5p_serial3_init
33e1e430 T s5p_serial2_init
33e1e438 T s5p_serial1_init
33e1e440 T s5p_serial0_init
33e1e448 t downcase
33e1e474 t disk_read
33e1e4c0 t dirdelim
33e1e4f4 t get_fatent
33e1e654 t slot2str
33e1e724 t mkcksum
33e1e754 t get_cluster
33e1e7fc t get_vfatname
33e1e9c4 t get_name
33e1ea80 t read_bootsectandvi
33e1eb78 T file_fat_detectfs
33e1ecd8 T do_fat_read
33e1f74c T file_fat_read
33e1f784 T file_fat_ls
33e1f794 T fat_register_device
33e1f8ac T file_getfsname
33e1f8c4 T file_read
33e1f960 T file_ls
33e1f9e8 T file_detectfs
33e1fa34 T file_cd
33e1fc40 T crc7
33e1fc7c T cyg_crc16
33e1fcc4 T crc32_no_comp
33e1fdbc T crc32
33e1fdd0 T crc32_wd
33e1fdd4 T print_size
33e1ff30 T display_options
33e1ff50 T print_buffer
33e200c0 T zunzip
33e201c8 T gunzip
33e20290 T zfree
33e20298 T zalloc
33e202a8 T hdestroy_r
33e2031c T hcreate_r
33e203c4 T hexport_r
33e20614 t cmpkey
33e20628 T hsearch_r
33e20908 T hdelete_r
33e20990 T himport_r
33e20be4 T hmatch_r
33e20c84 T hstrstr_r
33e20d34 T lmb_dump_all
33e20d38 t lmb_addrs_adjacent
33e20d5c t lmb_remove_region
33e20d98 T lmb_init
33e20dc0 t lmb_add_region
33e20f8c T lmb_add
33e20f90 T lmb_free
33e21090 T lmb_reserve
33e21098 T lmb_overlaps_region
33e210f4 t lmb_align_down
33e21100 T __lmb_alloc_base
33e21210 T lmb_is_reserved
33e21270 T __board_lmb_reserve
33e21270 W board_lmb_reserve
33e21274 T __arch_lmb_reserve
33e21278 T lmb_alloc_base
33e212ac T lmb_alloc
33e212b4 T ldiv
33e21304 T string_to_ip
33e21380 T qsort
33e21494 T strcmp_compar
33e214a0 T strmhz
33e2150c T __div64_32
33e21600 T strcpy
33e2161c T strncpy
33e21644 T strcat
33e21678 T strncat
33e216dc T strcmp
33e21714 T strncmp
33e21764 T strchr
33e21790 T strlen
33e217b0 T strrchr
33e217e8 T strnlen
33e21810 T strspn
33e21854 T strpbrk
33e21894 T strtok
33e21914 T strsep
33e21948 T strswab
33e21994 T memset
33e21a10 T bcopy
33e21a3c T memcpy
33e21ac0 T memmove
33e21b24 T memcmp
33e21b64 T memscan
33e21b94 T strstr
33e21bf8 T memchr
33e21c28 T strdup
33e21c5c T udelay
33e21c88 t __toupper
33e21ca4 t pack_hex_byte
33e21cd0 T simple_strtoul
33e21d88 T simple_strtol
33e21db0 T ustrtoul
33e21e24 T simple_strtoull
33e21f00 t skip_atoi
33e21f38 t put_dec_trunc
33e22014 T panic
33e2205c t string
33e2210c t put_dec
33e2223c t number
33e224a4 T vsprintf
33e22b1c T sprintf
33e22b44 T strict_strtoul
33e22bc0 T inflate_fast
33e23128 T inflate_table
33e236c0 T inflateReset
33e2373c T inflateInit2_
33e23844 T inflateInit_
33e23854 T inflateEnd
33e238bc T adler32
33e23bf8 T zcfree
33e23c00 T zcalloc
33e23c08 T inflate
33e253b0 t __fswab16
33e253c4 t __fswab32
33e253e4 t truncate_sz
33e25418 t NetWriteIP
33e25434 t NetCopyLong
33e2543c t NetCopyIP
33e25444 t NetReadLong
33e25460 t DhcpOptionsProcess
33e25630 t DhcpExtended
33e257c0 T BootpRequest
33e25988 T DhcpRequest
33e2598c t DhcpHandler
33e25cfc t BootpTimeout
33e25d44 t is_valid_ether_addr
33e25d8c W cpu_eth_init
33e25d8c t __def_eth_init
33e25d94 T eth_get_dev
33e25da4 T eth_get_dev_by_index
33e25de4 T eth_get_dev_index
33e25e30 T eth_halt
33e25e64 T eth_send
33e25e98 T eth_rx
33e25ec4 T eth_get_name
33e25ee4 T eth_get_dev_by_name
33e25f38 t eth_current_changed
33e25f94 T eth_set_current
33e2602c T eth_try_another
33e260a8 T eth_register
33e26134 T eth_setenv_enetaddr
33e2616c T eth_parse_enetaddr
33e261c8 T eth_getenv_enetaddr
33e261e8 T eth_getenv_enetaddr_by_index
33e26238 T eth_init
33e26300 T eth_write_hwaddr
33e26430 T eth_initialize
33e265cc t __fswab16
33e265e0 t startAgainTimeout
33e265f4 t startAgainHandler
33e265f8 T NetSetHandler
33e26608 t PingHandler
33e26624 T NetCksum
33e2666c T NetCksumOk
33e26690 T copy_filename
33e266e8 T string_to_VLAN
33e26734 T getenv_VLAN
33e26744 T NetEthHdrSize
33e26788 T VLAN_to_string
33e267e0 T ip_to_string
33e26830 T random_port
33e2684c T NetSetTimeout
33e2687c t NetCopyIP
33e26884 T NetSetIP
33e2697c T NetSetEther
33e26a30 t NetReadIP
33e26a4c t NetWriteIP
33e26a68 T NetSendPacket
33e26a6c T NetReceive
33e26f14 T ArpRequest
33e27000 T PingSend
33e2713c T NetSendUDPPacket
33e27278 t PingTimeout
33e27294 T NetStartAgain
33e273a0 T ArpTimeoutCheck
33e27414 t getenv_IPaddr
33e27424 T NetLoop
33e27850 t __fswab32
33e27870 t basename
33e278ac t dirname
33e278c8 t rpc_add_credentials
33e279a0 t rpc_lookup_reply
33e27a40 t nfs_mount_reply
33e27adc t nfs_umountall_reply
33e27b5c t nfs_lookup_reply
33e27bf0 t rpc_req
33e27cfc t rpc_lookup_req
33e27d60 t nfs_mount_req
33e27df0 t nfs_umountall_req
33e27e48 t nfs_lookup_req
33e27eec t nfs_read_req
33e27f6c t nfs_readlink_req
33e27fc4 t NfsSend
33e28058 T NfsStart
33e28284 t nfs_readlink_reply
33e28378 t nfs_read_reply
33e284bc t NfsHandler
33e28698 t NfsTimeout
33e286f0 t __fswab16
33e28704 t TftpSend
33e28898 T TftpStart
33e28b7c t TftpTimeout
33e28bec t TftpHandler
33e28ed4 T board_late_init
33e28edc T board_mmc_init
33e29020 T checkboard
33e29038 T board_init
33e290e4 T board_eth_init
33e290e8 T dram_init_banksize
33e2912c T dram_init
33e2914c t _TEXT_BASE
33e29150 T lowlevel_init
33e29260 t wakeup_reset_from_didle
33e29264 t lockloop
33e29278 t wakeup_reset_pre
33e29294 t wakeup_reset
33e292a0 t exit_wakeup
33e292b4 t system_clock_init
33e29344 t uart_asm_init
33e29394 t nand_asm_init
33e2942c t tzpc_init
33e29480 t onenandcon_init
33e294b4 t wait_orwb
33e295a0 T mem_ctrl_asm_init
33e2965c t find_lock_val
33e297c8 t find_lock_val1
33e29918 T cleanDCache
33e29924 T cleanFlushDCache
33e29930 T cleanFlushCache
33e299c0 T v7_flush_dcache_all
33e299d8 t Loop1
33e29a18 t Loop2
33e29a1c t Loop3
33e29a38 t Skip
33e29a44 t Finished
33e29a60 T disable_l2cache
33e29a80 T enable_l2cache
33e29aa0 T set_l2cache_auxctrl
33e29ac0 T set_l2cache_auxctrl_cycle
33e29ae0 t CoInvalidateDCacheIndex
33e29b00 T raise
33e29b08 T __aeabi_unwind_cpp_pr0
33e29b0c T __udivsi3
33e29b0c t .udivsi3_nodiv0
33e29b0c t __aeabi_uidiv
33e29c00 t __aeabi_uidivmod
33e29c20 T __divsi3
33e29c20 t __aeabi_idiv
33e29c28 t .divsi3_nodiv0
33e29d48 t __aeabi_idivmod
33e29d68 T __lshrdi3
33e29d68 t __aeabi_llsr
33e29d84 T __ashrdi3
33e29d84 t __aeabi_lasr
33e29da0 T __ashldi3
33e29da0 t __aeabi_llsl
33e29dbc W __aeabi_ldiv0
33e29dbc t __aeabi_idiv0
33e29dd0 r default_nand_name
33e29dd8 r __func__.5515
33e29dec r __FUNCTION__.5636
33e29dfb r __FUNCTION__.3836
33e29e0c r __FUNCTION__.5082
33e29e1a r __FUNCTION__.4548
33e29e2c r C.58.3992
33e29e30 r C.179.5367
33e29e38 r nand_ecc_precalc_table
33e29f38 R nand_flash_ids
33e2a3a0 R nand_manuf_ids
33e2a3f0 r C.43.3136
33e2a470 r boot_os
33e2a4bc r op_table
33e2a524 r __FUNCTION__.3507
33e2a530 r __func__.3624
33e2a540 r baudrate_table
33e2a554 r __func__.3567
33e2a564 V version_string
33e2a5b2 R default_environment
33e2a684 r __func__.3285
33e2a694 r __func__.3299
33e2a69f r __func__.3970
33e2a6a8 r uimage_os
33e2a714 r uimage_arch
33e2a7f8 r uimage_type
33e2a8c4 r uimage_comp
33e2a90c r erase_seq
33e2a910 r tab_seq
33e2a919 R config_full
33e2a922 R config_full_total
33e2a942 R config_high
33e2a94b R config_high_total
33e2a96b R qualifier_desc
33e2a975 R string_desc0
33e2a979 R string_desc1
33e2a98f R string_desc2
33e2a9bc r block_drvr
33e2a9cc r multipliers
33e2aa0c r fbase
33e2aa1c r __func__.3742
33e2aa26 r __func__.3561
33e2aa33 r __func__.3686
33e2aa44 r udivslot
33e2aa84 r filesystems
33e2aa9c R crc7_syndrome_table
33e2ab9c r crc16_tab
33e2ad9c r crc_table
33e2b19c r names.3143
33e2b1a2 R _ctype
33e2b2a2 R hex_asc
33e2b2b3 r digits.3392
33e2b2c4 r lbase.3655
33e2b302 r lext.3656
33e2b340 r dbase.3657
33e2b380 r dext.3658
33e2b3c0 r lenfix
33e2bbc0 r distfix
33e2bc40 r order.3881
33e2bc68 R z_errmsg
33e33aac D s5p_cpu_id
33e33ab0 D s5p_cpu_rev
33e33ab4 D init_sequence
33e33ae0 d cmd_bootm_sub
33e33b88 d do_echo
33e33b8c d dp_last_length
33e33b90 d curr_device
33e33b94 d env_id
33e33b98 d cmd_env_sub
33e33c70 D load_addr
33e33c74 d trim_threshold
33e33c78 d mmap_threshold
33e33c7c d av_
33e34084 d sbrk_base
33e34088 D env_name_spec
33e3408c d blanks.3616
33e340b4 d reserved_list
33e34138 d hist_cur
33e3413c D stdio_names
33e34148 D test_pkt
33e34180 d cur_dev_num
33e34184 D nand_curr_device
33e34188 d nand_oob_8
33e343d0 d nand_oob_16
33e34618 d nand_oob_64
33e34860 d nand_oob_128
33e34aa8 d bbt_main_descr
33e34acc d bbt_mirror_descr
33e34af0 d agand_flashbased
33e34b14 d smallpage_flashbased
33e34b38 d largepage_flashbased
33e34b5c d smallpage_memorybased
33e34b80 d largepage_memorybased
33e34ba4 d bbt_pattern
33e34ba8 d mirror_pattern
33e34bac d scan_agand_pattern
33e34bb2 d scan_ff_pattern
33e34bb4 d s3c_nand_oob_128
33e34dfc d s3c_nand_oob_64_8bit
33e35044 d s3c_nand_oob_16
33e3528c d s3c_nand_oob_mlc_64
33e354d4 D s5p_serial0_device
33e35504 D s5p_serial1_device
33e35534 D s5p_serial2_device
33e35564 D s5p_serial3_device
33e35594 d cur_part
33e35598 d current_filesystem
33e3559c D file_cwd
33e3579c D NetOurVLAN
33e3579e D NetOurNativeVLAN
33e357a0 D NetBcastAddr
33e357a8 d nfs_offset
33e357ac d TftpTimeoutMSecs
33e357b0 d TftpBlkSizeOption
33e357b4 d TftpTimeoutCountMax
33e357b8 D TftpRRQTimeoutCountMax
33e357bc d TftpBlkSize
33e357c0 D TftpRRQTimeoutMSecs
33e357d0 A __u_boot_cmd_start
33e357d0 D __u_boot_cmd_bdinfo
33e357e8 D __u_boot_cmd_go
33e35800 D __u_boot_cmd_reset
33e35818 D __u_boot_cmd_bootm
33e35830 D __u_boot_cmd_boot
33e35848 D __u_boot_cmd_bootd
33e35860 D __u_boot_cmd_iminfo
33e35878 D __u_boot_cmd_coninfo
33e35890 D __u_boot_cmd_echo
33e358a8 D __u_boot_cmd_bootelf
33e358c0 D __u_boot_cmd_bootvx
33e358d8 D __u_boot_cmd_exit
33e358f0 D __u_boot_cmd_fatload
33e35908 D __u_boot_cmd_fatls
33e35920 D __u_boot_cmd_fatinfo
33e35938 D __u_boot_cmd_flinfo
33e35950 D __u_boot_cmd_erase
33e35968 D __u_boot_cmd_protect
33e35980 D __u_boot_cmd_help
33e35998 D __u_boot_cmd_question_mark
33e359b0 D __u_boot_cmd_itest
33e359c8 D __u_boot_cmd_led
33e359e0 D __u_boot_cmd_loads
33e359f8 D __u_boot_cmd_loadb
33e35a10 D __u_boot_cmd_loady
33e35a28 D __u_boot_cmd_md
33e35a40 D __u_boot_cmd_mm
33e35a58 D __u_boot_cmd_nm
33e35a70 D __u_boot_cmd_mw
33e35a88 D __u_boot_cmd_cp
33e35aa0 D __u_boot_cmd_cmp
33e35ab8 D __u_boot_cmd_crc32
33e35ad0 D __u_boot_cmd_base
33e35ae8 D __u_boot_cmd_loop
33e35b00 D __u_boot_cmd_mtest
33e35b18 D __u_boot_cmd_menu
33e35b30 D __u_boot_cmd_sleep
33e35b48 D __u_boot_cmd_mmcinfo
33e35b60 D __u_boot_cmd_mmc
33e35b78 D __u_boot_cmd_chpart
33e35b90 D __u_boot_cmd_mtdparts
33e35ba8 D __u_boot_cmd_nand
33e35bc0 D __u_boot_cmd_nboot
33e35bd8 D __u_boot_cmd_bootp
33e35bf0 D __u_boot_cmd_tftpboot
33e35c08 D __u_boot_cmd_dhcp
33e35c20 D __u_boot_cmd_nfs
33e35c38 D __u_boot_cmd_ping
33e35c50 D __u_boot_cmd_saveenv
33e35c68 D __u_boot_cmd_env
33e35c80 D __u_boot_cmd_editenv
33e35c98 D __u_boot_cmd_printenv
33e35cb0 D __u_boot_cmd_setenv
33e35cc8 D __u_boot_cmd_run
33e35ce0 D __u_boot_cmd_sound
33e35cf8 D __u_boot_cmd_source
33e35d10 D __u_boot_cmd_test
33e35d28 D __u_boot_cmd_false
33e35d40 D __u_boot_cmd_true
33e35d58 D __u_boot_cmd_uart3
33e35d70 D __u_boot_cmd_dnw
33e35d88 D __u_boot_cmd_version
33e35da0 D __u_boot_cmd_lcd
33e35db8 D __u_boot_cmd_imxtract
33e35dd0 D __u_boot_cmd_showvar
33e35de8 A __image_copy_end
33e35de8 A __u_boot_cmd_end
33e35de8 B __bss_start
33e35de8 B monitor_flash_len
33e35de8 R __rel_dyn_start
33e35dec b params
33e35df0 b images
33e35f1c b os_data_state
33e35f20 b os_data_addr
33e35f24 b bin_start_address
33e35f28 b k_data_escape
33e35f2c B os_data_init
33e35f30 b k_data_escape_saved
33e35f34 b os_data_state_saved
33e35f38 b os_data_addr_saved
33e35f3c B os_data_char
33e35f40 B his_quote
33e35f44 B his_pad_count
33e35f48 B his_pad_char
33e35f49 B his_eol
33e35f4c B send_ptr
33e35f50 B send_parms
33e35f64 b a_b
33e35f7c b base_address
33e35f80 b mm_last_addr
33e35f84 b mm_last_size
33e35f88 b dp_last_addr
33e35f8c b dp_last_size
33e35f90 B devices
33e35f98 B current_mtd_dev
33e35f9c B current_mtd_partnum
33e35f9d b last_partition
33e35fad b last_parts
33e361b0 B mtdids
33e361b8 b initialized.4837
33e361bc b last_ids
33e36240 b last.4200
33e36248 b ctrlc_disabled
33e3624c b ctrlc_was_pressed
33e36250 b top_pad
33e36254 b n_mmaps_max
33e36258 B mem_malloc_start
33e3625c B mem_malloc_end
33e36260 B mem_malloc_brk
33e36264 b current_mallinfo
33e3628c b max_sbrked_mem
33e36290 b max_total_mem
33e36294 B env_htab
33e362a0 B env_ptr
33e362a4 b local.3405
33e362ba b map
33e363bc b top_vars
33e363c0 b flag_repeat
33e363c4 b do_repeat
33e363c8 b the_command.3432
33e364c8 b ifs
33e364cc b buf.3892
33e364f4 B last_return_code
33e364f8 B nesting_level
33e364fc b initted.3368
33e36500 b hist_max
33e36504 b hist_add_idx
33e36508 B hist_num
33e3650c B hist_lines
33e37920 B hist_list
33e37970 B console_buffer
33e37a74 b serial_devices
33e37a78 b serial_current
33e37a7c b devs
33e37ab8 B stdio_devices
33e37ac4 B otg
33e37b48 B remode_wakeup
33e37b4c B get_status
33e37b52 B config_value
33e37b54 B get_intf
33e37b58 B s3c_usbd_dn_addr
33e37b5c B op_mode
33e37b60 B usb_download_filesize
33e37b64 B s3c_usbd_dn_cnt
33e37b68 B s3c_receive_done
33e37b6c B speed
33e37b70 B s3c_got_header
33e37b74 B DNW
33e37b78 b xyz
33e37fb8 b mmc_devices
33e37fc0 B mmc_dev
33e38440 B mmc_host
33e38480 B mtd_table
33e38500 B nand_info
33e385b0 b nand_chip
33e386d0 B nand_type
33e386d4 B cur_ecc_mode
33e386d8 b dm9000_info
33e387bc b cur_dev
33e387c0 b part_offset
33e387c4 B get_vfatname_block
33e3b828 R __dynsym_start
33e3b828 R __rel_dyn_end
33e3b8e8 A _end
33e487c4 B do_fat_read_block
33e587c4 B get_dentfromdir_block
33e687c4 B errno
33e687c8 B ___strtok
33e687cc B dhcp_leasetime
33e687d0 B NetDHCPServerIP
33e687d4 B dhcp_state
33e687d8 B BootpTry
33e687dc B BootpID
33e687e0 b eth_current
33e687e4 b eth_devices
33e687e8 b act.3954
33e687ec b env_changed_id.3955
33e687f0 b first_failed.3944
33e687f4 B NetState
33e687f8 b packetHandler
33e687fc B NetPingIP
33e68800 b timeHandler
33e68804 b timeStart
33e68808 b timeDelta
33e6880c B NetIPID
33e68810 B NetOurIP
33e68814 B NetOurEther
33e6881c B NetRxPacket
33e68820 B NetRxPacketLen
33e68824 B NetArpWaitPacketIP
33e68828 B NetArpWaitPacketMAC
33e6882c B NetArpWaitReplyIP
33e68830 B NetArpWaitTxPacket
33e68834 B NetArpWaitTxPacketSize
33e68838 B NetTxPacket
33e6883c B NetOurSubnetMask
33e68840 B NetOurGatewayIP
33e68844 b mac.3414
33e6884a B NetEtherNullAddr
33e68850 b PingSeqNo
33e68854 B NetArpWaitTry
33e68858 B NetArpWaitTimerStart
33e6885c b NetTryCount
33e68860 b NetRestarted
33e68864 B NetRestartWrap
33e68868 b NetDevExists
33e6886c B PktBuf
33e6a68c B NetRxPackets
33e6a69c B NetArpWaitPacketBuf
33e6acbc b env_changed_id.3259
33e6acc0 B NetServerIP
33e6acc4 B NetBootFileXferSize
33e6acc8 B NetOurNISDomain
33e6ace8 B NetOurHostName
33e6ad08 B NetOurRootPath
33e6ad48 B NetOurDNSIP
33e6ad4c B NetBootFileSize
33e6ad4e B NetServerEther
33e6ad54 B BootFile
33e6add4 b rpc_id
33e6add8 b NfsSrvMountPort
33e6addc b NfsSrvNfsPort
33e6ade0 b fs_mounted
33e6ade4 b dirfh
33e6ae04 b filefh
33e6ae24 b NfsServerIP
33e6ae28 b NfsOurPort
33e6ae2c b NfsState
33e6ae30 b nfs_path
33e6ae34 b nfs_filename
33e6ae38 b nfs_len
33e6ae3c b NfsDownloadState
33e6ae40 b nfs_path_buff
33e6b640 b default_filename
33e6b680 b NfsTimeoutCount
33e6b684 b TftpState
33e6b688 b tftp_filename
33e6b708 b TftpBlock
33e6b70c b TftpRemoteIP
33e6b710 b TftpRemotePort
33e6b714 b TftpOurPort
33e6b718 b default_filename
33e6b728 b TftpTimeoutCount
33e6b72c b TftpBlockWrap
33e6b730 b TftpBlockWrapOffset
33e6b734 b TftpLastBlock
33e6b738 b s5pc110_gpio
33e6b73c B __bss_end__
