23e00000 T _start
23e00020 t _undefined_instruction
23e00024 t _software_interrupt
23e00028 t _prefetch_abort
23e0002c t _data_abort
23e00030 t _not_used
23e00034 t _irq
23e00038 t _fiq
23e0003c t _pad
23e00040 T _TEXT_BASE
23e00040 T _end_vect
23e00044 T _bss_start_ofs
23e00048 T _image_copy_end_ofs
23e0004c T _bss_end_ofs
23e00050 T _end_ofs
23e00054 T IRQ_STACK_START_IN
23e00058 t reset
23e00070 t call_board_init_f
23e000f4 t nand_boot_210
23e000f8 t mmcsd_boot_210
23e000fc t board_init_in_ram
23e00100 T relocate_code
23e0010c t stack_setup
23e0012c t copy_loop
23e0015c t fixloop
23e00180 t fixabs
23e00194 t fixrel
23e0019c t fixnext
23e001b0 t _rel_dyn_start_ofs
23e001b4 t _rel_dyn_end_ofs
23e001b8 t _dynsym_start_ofs
23e001bc t clear_bss
23e001d4 t clbss_l
23e001e4 t jump_2_ram
23e0020c t _board_init_r_ofs
23e00210 t cpu_init_crit
23e00260 t undefined_instruction
23e002c0 t software_interrupt
23e00320 t prefetch_abort
23e00380 t data_abort
23e003e0 t not_used
23e00440 t irq
23e004a0 t fiq
23e00500 T invalidate_dcache_all
23e00504 T flush_dcache_all
23e00508 T invalidate_dcache_range
23e0050c T flush_dcache_range
23e00510 T arm_init_before_mmu
23e00514 T flush_cache
23e00518 T invalidate_icache_all
23e00530 T __v7_outer_cache_enable
23e00534 T __v7_outer_cache_disable
23e00538 T __v7_outer_cache_flush_all
23e00538 W v7_outer_cache_flush_all
23e0053c T __v7_outer_cache_inval_all
23e0053c W v7_outer_cache_inval_all
23e00540 T __v7_outer_cache_flush_range
23e00540 W v7_outer_cache_flush_range
23e00544 T __v7_outer_cache_inval_range
23e00544 W v7_outer_cache_inval_range
23e00548 T save_boot_params_default
23e00548 W save_boot_params
23e0054c T cleanup_before_linux
23e0056c T sdelay
23e00578 T sr32
23e0059c T wait_on_value
23e005d0 T arch_cpu_init
23e00600 T get_device_type
23e00610 T print_cpuinfo
23e0068c t s5p_get_base_timer
23e006c8 T timer_init
23e006fc T reset_timer_masked
23e00718 T get_timer_masked
23e0075c T get_timer
23e00770 T __udelay
23e00804 T get_ticks
23e00814 T get_tbclk
23e0081c T s5p_config_sromc
23e0086c t samsung_get_base_timer
23e008a8 T pwm_enable
23e008dc T pwm_disable
23e0090c T pwm_config
23e00a38 T pwm_init
23e00b20 t samsung_get_base_clock
23e00b5c T get_pll_clk
23e00ca0 t s5pc100_get_pclk
23e00cd8 t s5pc110_get_pclk
23e00d18 T get_arm_clk
23e00d88 T get_pwm_clk
23e00dac T get_uart_clk
23e00dd0 T set_mmc_clk
23e00de0 T v7_outer_cache_enable
23e00df4 T v7_outer_cache_disable
23e00e20 T reset_cpu
23e00e50 t _loop_forever
23e00e5c t display_banner
23e00e7c t init_baudrate
23e00ed0 T __coloured_LED_init
23e00ed0 W coloured_LED_init
23e00ed4 T __red_LED_on
23e00ed4 W red_LED_on
23e00ed8 T __red_LED_off
23e00ed8 W red_LED_off
23e00edc T __green_LED_on
23e00edc W green_LED_on
23e00ee0 T __green_LED_off
23e00ee0 W green_LED_off
23e00ee4 T __yellow_LED_on
23e00ee4 W yellow_LED_on
23e00ee8 T __yellow_LED_off
23e00ee8 W yellow_LED_off
23e00eec T __blue_LED_on
23e00eec W blue_LED_on
23e00ef0 T __blue_LED_off
23e00ef0 W blue_LED_off
23e00ef4 T __dram_init_banksize
23e00f10 T board_init_f_nand
23e00f14 T board_init_r
23e0103c T hang
23e01050 T board_init_f
23e01180 T arch_lmb_reserve
23e011a4 T do_bootm_linux
23e0137c T __flush_cache
23e01380 T __flush_dcache_all
23e0138c T __enable_caches
23e0138c W enable_caches
23e01398 t cp_delay
23e013c8 T __arm_init_before_mmu
23e013cc T icache_enable
23e013e4 T icache_disable
23e013fc T icache_status
23e01410 T dcache_enable
23e01414 T dcache_disable
23e01418 T dcache_status
23e01420 T interrupt_init
23e0143c T enable_interrupts
23e01440 T disable_interrupts
23e01448 T bad_mode
23e01458 T show_regs
23e01598 T do_undefined_instruction
23e015bc T do_software_interrupt
23e015e0 T do_prefetch_abort
23e01604 T do_data_abort
23e01628 T do_not_used
23e0164c T do_fiq
23e01670 T do_irq
23e01694 T do_reset
23e016c4 T do_bdinfo
23e01848 W do_go_exec
23e01860 T do_go
23e018d0 t __fswab32
23e018ec T do_bootd
23e01910 t do_bootm_rtems
23e0194c t do_bootm_qnxelf
23e019b0 t do_bootm_vxworks
23e01a14 t do_bootm_netbsd
23e01b4c t image_check_magic.clone.8
23e01b6c t image_info
23e01c34 T do_iminfo
23e01c94 t image_get_size.clone.9
23e01c98 t bootm_load_os.clone.17
23e01df4 t bootm_start.clone.16
23e02174 T __arch_preboot_os
23e02174 W arch_preboot_os
23e02178 T do_bootm_subcommand
23e023c4 T do_bootm
23e0265c T bootm_maybe_autostart
23e026d0 T do_coninfo
23e02788 T do_echo
23e02808 t load_elf_image_shdr
23e02898 W do_bootelf_exec
23e028dc T valid_elf_image
23e02928 T do_bootvx
23e02bc0 T do_bootelf
23e02d14 T do_exit
23e02d44 T do_fat_fsinfo
23e02e1c T do_fat_ls
23e02f24 T do_fat_fsload
23e030a8 T do_flinfo
23e030b0 T do_flerase
23e030b8 T do_protect
23e03108 T do_help
23e03150 t evalstr
23e0316c t evalexp
23e031dc T binary_test
23e03398 T do_itest
23e03430 T buzzer_on
23e03460 T buzzer_off
23e03478 T delay
23e0349c T hareware_init
23e034b4 T led_test
23e03580 t bin_data_init
23e0359c t bin_data_char
23e035bc t load_serial_ymodem
23e036b4 t getcxmodem
23e036d4 t load_serial
23e038ec T do_load_serial
23e039c8 T send_pad
23e039f4 T ktrans
23e03a14 T chk1
23e03a3c T s1_sendpacket
23e03a60 T send_ack
23e03ac0 T send_nack
23e03b20 T k_data_init
23e03b40 T k_data_save
23e03b64 T k_data_restore
23e03b88 T k_data_char
23e03bd8 T handle_send_packet
23e03d9c T do_load_serial_bin
23e041f8 T do_mem_crc
23e042a0 T do_mem_base
23e042e4 T do_mem_mtest
23e04488 T do_mem_loop
23e04580 T do_mem_cp
23e04658 T do_mem_cmp
23e047e8 T do_mem_mw
23e048a4 t mod_mem
23e049f0 T do_mem_nm
23e04a14 T do_mem_mm
23e04a38 T do_mem_md
23e04b10 T main_menu_usage
23e04bb4 T awaitkey
23e04bd0 T menu_shell
23e04f80 T do_menu
23e04f90 T do_sleep
23e05010 T do_mmcops
23e05440 T do_mmcinfo
23e055d0 t mtd_part_info
23e05664 t index_partitions
23e05728 t memsize_format
23e0577c t current_save
23e0582c t part_sort_add
23e05958 t part_delall
23e0599c t device_del
23e05a0c t memsize_parse
23e05a74 t get_mtd_info
23e05af4 t part_validate_eraseblock
23e05cb4 t device_delall.clone.2
23e05d18 t mtd_devices_init
23e05d3c t generate_mtdparts_save.clone.1
23e06004 T mtd_device_validate
23e06034 T device_find
23e06080 t device_parse
23e065ec T mtd_id_parse
23e066fc T find_dev_and_part
23e068b4 T mtdparts_init
23e06ea8 T do_mtdparts
23e074d4 T do_chpart
23e0759c t nand_print_info
23e07608 t set_dev
23e07678 t nand_load_image
23e0782c T do_nandboot
23e07a8c t str2off
23e07ac8 t arg_off_size
23e07cdc T do_nand
23e08720 T do_ping
23e087a4 t netboot_common
23e08a5c T do_nfs
23e08a68 T do_dhcp
23e08a74 T do_tftpb
23e08a80 T do_bootp
23e08a8c t do_env
23e08aec t do_env_delete
23e08b04 t do_env_import
23e08d4c t do_env_default
23e08d94 T do_env_save
23e08dc0 t env_print
23e08e58 T do_env_print
23e08edc T get_env_id
23e08eec T _do_env_set
23e092b4 T do_env_set
23e092d0 T setenv
23e09320 t do_env_export
23e09540 T envmatch
23e095a4 T getenv_f
23e09660 T getenv
23e096cc T do_env_edit
23e09734 T iis_init
23e097a8 T iic_write
23e09864 T iic_init
23e0989c T wm8960_init
23e0997c T sound_test
23e09990 t __fswab32
23e099ac T source
23e09ad0 T do_source
23e09b14 T do_false
23e09b1c T do_true
23e09b24 T do_test
23e09f94 T putc3
23e09fb4 T uart3_test
23e0a044 T do_usbd_dnw
23e0a150 T do_version
23e0a188 T do_imgextract
23e0a460 T find_cmd_tbl
23e0a4fc T find_cmd
23e0a524 T cmd_usage
23e0a580 T _do_help
23e0a708 T cmd_get_data_size
23e0a758 t console_setfile
23e0a7fc T serial_printf
23e0a840 T fgetc
23e0a86c T ftstc
23e0a898 T fputc
23e0a8c0 T fputs
23e0a8e8 T fprintf
23e0a934 T getc
23e0a94c T tstc
23e0a964 T putc
23e0a980 T puts
23e0a99c T printf
23e0a9e0 T vprintf
23e0aa18 T ctrlc
23e0aa64 T disable_ctrlc
23e0aa7c T had_ctrlc
23e0aa8c T clear_ctrlc
23e0aaa0 T dbg
23e0aaac T search_device
23e0aad4 T console_assign
23e0ab14 T console_init_f
23e0ab24 T stdio_print_current_devices
23e0abdc T console_init_r
23e0acc4 T sbrk
23e0ad20 T mem_malloc_init
23e0ad40 T malloc_trim
23e0ae10 T free
23e0b034 T cfree
23e0b038 T malloc
23e0b5f0 T calloc
23e0b6d0 T memalign
23e0b7e0 T pvalloc
23e0b7f8 T valloc
23e0b804 T realloc
23e0bc54 T malloc_usable_size
23e0bc94 T mallopt
23e0bd08 T env_get_addr
23e0bd2c T env_get_char_memory
23e0bd3c T env_get_char
23e0bd70 T set_default_env
23e0be10 T env_import
23e0bee0 T env_relocate
23e0bf10 T env_get_char_spec
23e0bf1c T env_init
23e0bf38 T writeenv
23e0c008 T saveenv
23e0c174 T readenv
23e0c228 T env_relocate_spec
23e0c26c t dummy
23e0c270 T get_version
23e0c278 T jumptable_init
23e0c408 t static_get
23e0c424 t static_peek
23e0c430 t file_peek
23e0c43c t is_assignment
23e0c490 t syntax_err
23e0c49c T do_showvar
23e0c58c t xmalloc
23e0c5ac t file_get
23e0c754 t free_pipe_list
23e0c830 t xrealloc
23e0c850 t done_command
23e0c8d8 t b_addchr
23e0c950 t b_addqchr
23e0c99c T simple_itoa
23e0c9f4 T get_local_var
23e0ca84 t insert_var_value
23e0cbc0 T set_local_var
23e0cd78 T unset_local_var
23e0ce18 T new_pipe
23e0ce40 t done_pipe
23e0ce88 T reserved_word
23e0d038 t done_word
23e0d1b0 T mapset
23e0d1d4 T update_ifs_map
23e0d244 T parse_string_outer
23e0d334 t run_list_real
23e0db1c t parse_stream_outer
23e0e13c T parse_file_outer
23e0e180 T u_boot_hush_start
23e0e1d4 t __fswab32
23e0e1f0 t image_check_magic.clone.8
23e0e210 t image_get_data_size.clone.10
23e0e214 T image_check_hcrc
23e0e264 T image_check_dcrc
23e0e2a4 T image_multi_count
23e0e2c4 T image_multi_getimg
23e0e348 T getenv_yesno
23e0e370 T getenv_bootm_low
23e0e3a0 T getenv_bootm_size
23e0e3fc T getenv_bootm_mapsize
23e0e42c T memmove_wd
23e0e438 T genimg_print_size
23e0e468 T get_table_entry_name
23e0e494 T genimg_get_os_name
23e0e4ac T genimg_get_arch_name
23e0e4c4 T genimg_get_type_name
23e0e4dc T genimg_get_comp_name
23e0e4f4 T image_print_contents
23e0e66c T get_table_entry_id
23e0e6b8 T genimg_get_os_id
23e0e6d0 T genimg_get_arch_id
23e0e6e8 T genimg_get_type_id
23e0e700 T genimg_get_comp_id
23e0e718 T genimg_get_format
23e0e730 T genimg_get_image
23e0e734 T genimg_has_config
23e0e73c T boot_get_ramdisk
23e0e96c T boot_ramdisk_high
23e0ea98 t delete_char
23e0eb70 t cread_add_char
23e0ec5c T __show_boot_progress
23e0ec5c W show_boot_progress
23e0ec60 T readline_into_buffer
23e0f4b8 T readline
23e0f4d4 T parse_line
23e0f564 T run_command
23e0f8f8 T main_loop
23e0fa28 T do_run
23e0fa9c T get_ram_size
23e0fb94 t hex1_bin
23e0fbcc t hex2_bin
23e0fc00 T srec_decode
23e0fe78 T serial_register
23e0fe90 T serial_stdio_init
23e0ff20 T serial_assign
23e0ff6c T serial_initialize
23e0ffbc T serial_reinit_all
23e0ffe8 T serial_init
23e10028 T serial_setbrg
23e10060 T serial_getc
23e100a0 T serial_tstc
23e100e0 T serial_putc
23e10120 T serial_puts
23e10160 T stdio_get_list
23e1016c T stdio_get_by_name
23e101c0 T stdio_clone
23e10208 T stdio_register
23e1024c T stdio_init
23e102dc T s3c_usb_init_phy
23e1031c T s3c_usb_phy_off
23e10348 T s3c_usb_core_soft_reset
23e10364 T s3c_usb_wait_cable_insert
23e103b0 T s3c_usb_init_core
23e103cc T s3c_usb_check_current_mode
23e103e0 T s3c_usb_set_soft_disconnect
23e103f4 T s3c_usb_clear_soft_disconnect
23e10408 T s3c_usb_init_device
23e10430 T s3c_usbctl_init
23e104b4 T s3c_usbc_activate
23e104bc T s3c_usb_stop
23e104d0 T s3c_usb_print_pkt
23e1051c T s3c_usb_verify_checksum
23e105c4 T s3c_usb_set_inep_xfersize
23e105f8 T s3c_usb_set_outep_xfersize
23e1062c T s3c_usb_write_ep0_fifo
23e10678 T s3c_usb_write_in_fifo
23e106c4 T s3c_usb_read_out_fifo
23e1070c T s3c_usb_get_desc
23e1081c T s3c_usb_clear_feature
23e1088c T s3c_usb_set_feature
23e109e4 T s3c_usb_get_status
23e10a5c T s3c_usb_ep0_int_hndlr
23e10bc8 T s3c_usb_set_otherspeed_conf_desc
23e10cbc T s3c_usb_transfer_ep0
23e11608 T s3c_usb_int_bulkin
23e116d0 T s3c_usb_upload_start
23e11838 T s3c_usb_download_start
23e1196c T s3c_usb_download_continue
23e11a18 T s3c_usb_int_bulkout
23e11a40 T s3c_usb_dma_in_done
23e11ae0 T s3c_usb_dma_out_done
23e11b8c T s3c_usb_set_all_outep_nak
23e11bb4 T s3c_usb_clear_all_outep_nak
23e11bdc T s3c_usb_set_max_pktsize
23e11c18 T s3c_usb_set_endpoint
23e11c64 T s3c_usb_set_descriptors
23e11db8 T s3c_usb_check_speed
23e11dd0 T s3c_usb_clear_dnfile_info
23e11dec T s3c_usb_clear_upfile_info
23e11e08 T s3c_usb_check_setconf
23e11e20 T s3c_usb_set_opmode
23e11e8c T s3c_usb_reset
23e11ee8 T s3c_usb_set_init
23e11f44 T s3c_usb_pkt_receive
23e11fc4 T s3c_usb_transfer
23e120b4 T s3c_udc_int_hndlr
23e12158 T lcd_init
23e12270 T lcd_draw_pixel
23e12284 T lcd_clear_screen
23e122c4 T lcd_draw_picture
23e12320 T WB_lcd_init_and_display
23e12338 T CYGACC_COMM_IF_GETC_TIMEOUT
23e1238c t xyzModem_flush
23e123b8 t xyzModem_get_hdr
23e12630 T CYGACC_COMM_IF_PUTC
23e12638 T parse_num
23e12754 T xyzModem_stream_open
23e1289c T xyzModem_stream_read
23e12aec T xyzModem_stream_close
23e12b3c T xyzModem_stream_terminate
23e12bd0 T xyzModem_error
23e12bf0 T get_dev
23e12c50 T dev_print
23e12e68 T init_part
23e12e84 T get_partition_info
23e12eac T print_part
23e12f94 t le32_to_int
23e12fb8 t is_extended
23e12fdc t get_partition_info_extended
23e13224 t print_partition_extended
23e13420 T test_part_dos
23e13488 T print_part_dos
23e134b4 T get_partition_info_dos
23e134d4 T s5p_gpio_cfg_pin
23e134f0 T s5p_gpio_direction_output
23e13528 T s5p_gpio_direction_input
23e13530 T s5p_gpio_set_value
23e13550 T s5p_gpio_get_value
23e13568 T s5p_gpio_set_pull
23e1358c T s5p_gpio_set_drv
23e135b0 T s5p_gpio_set_rate
23e135d8 T s5p_gpio_get_bank
23e135f8 T s5p_gpio_get_pin
23e13610 T gpio_request
23e13618 T gpio_direction_input
23e1365c T gpio_direction_output
23e136a4 T gpio_get_value
23e136ec T gpio_set_value
23e13728 t __fswab32
23e13744 T __board_mmc_getcd
23e13744 W board_mmc_getcd
23e1374c T mmc_send_cmd
23e1375c T mmc_send_status
23e13824 T mmc_set_blocklen
23e1385c T find_mmc_device
23e138a4 t mmc_berase
23e13a38 t mmc_bwrite
23e13bcc T mmc_read_blocks
23e13cac t mmc_bread
23e13d50 T mmc_go_idle
23e13da4 T sd_send_op_cond
23e13f08 T mmc_send_op_cond
23e14074 T mmc_send_ext_csd
23e140c8 T mmc_switch
23e14120 T mmc_change_freq
23e141d4 T mmc_switch_part
23e14210 T sd_switch
23e14280 T sd_change_freq
23e14460 T mmc_set_ios
23e14470 T mmc_set_clock
23e1449c T mmc_set_bus_width
23e144b0 T mmc_startup
23e14aec T mmc_send_if_cond
23e14b6c T mmc_register
23e14bf0 T mmc_get_dev
23e14c04 T mmc_init
23e14cbc W cpu_mmc_init
23e14cbc t __def_mmc_init
23e14cc4 T print_mmc_devices
23e14d28 T get_mmc_num
23e14d38 T mmc_initialize
23e14d84 t mmc_core_init
23e14e4c t mmc_send_cmd
23e15160 t mmc_set_ios
23e152ac T s5p_mmc_init
23e153d8 T add_mtd_device
23e15448 T del_mtd_device
23e15498 T get_mtd_device
23e15514 T get_mtd_device_nm
23e15588 T put_mtd_device
23e155b4 T nand_init
23e15670 t generic_ffs
23e156c0 t nand_release_device
23e156d8 t nand_read_byte
23e156ec t nand_read_byte16
23e15700 t nand_read_word
23e15710 t nand_write_buf
23e1573c t nand_read_buf
23e15768 t nand_verify_buf
23e157ac t nand_write_buf16
23e157dc t nand_read_buf16
23e15808 t nand_verify_buf16
23e1584c t nand_block_bad
23e15940 t nand_check_wp
23e1597c t nand_read_page_raw
23e159b4 t nand_read_page_raw_syndrome
23e15a88 t nand_read_page_swecc
23e15b98 t nand_read_subpage
23e15e18 t nand_read_page_hwecc
23e15f4c t nand_read_page_hwecc_oob_first
23e1607c t nand_read_page_syndrome
23e161a4 t nand_read_oob_std
23e161ec t nand_read_oob_syndrome
23e162f0 t nand_write_oob_std
23e16360 t nand_write_oob_syndrome
23e16514 t nand_write_page_raw
23e16548 t nand_write_page_raw_syndrome
23e16618 t nand_write_page_swecc
23e166c4 t nand_write_page_hwecc
23e16784 t nand_write_page_syndrome
23e16878 t single_erase_cmd
23e168b4 t multi_erase_cmd
23e16940 t nand_sync
23e16950 t nand_select_chip
23e169a8 t nand_block_checkbad
23e16a28 t nand_block_isbad
23e16a68 t nand_block_markbad
23e16aa4 t nand_write_page
23e16b4c t nand_fill_oob
23e16c54 t nand_do_write_oob
23e16e0c t nand_do_write_ops
23e170f8 t nand_write_oob
23e171a0 t nand_transfer_oob
23e172a8 t nand_write
23e17494 t nand_default_block_markbad
23e17584 t nand_wait
23e17658 T nand_wait_ready
23e176a4 t nand_do_read_ops
23e17ab0 t nand_read_oob
23e17d70 t nand_read
23e17e00 t nand_command
23e17fe0 t nand_command_lp
23e18248 T nand_erase_nand
23e1863c t nand_erase
23e18644 T nand_scan_ident
23e18c38 T nand_scan_tail
23e191c4 T nand_scan
23e191e8 T nand_release
23e19210 t check_pattern
23e192c4 t scan_read_raw
23e1930c t create_bbt
23e195dc t search_bbt
23e197f4 t read_bbt
23e19a30 t read_abs_bbt
23e19b28 t write_bbt
23e1a1a0 T nand_update_bbt
23e1a2dc t mark_bbt_region
23e1a45c T nand_scan_bbt
23e1a90c T nand_default_bbt
23e1a9cc T nand_isbad_bbt
23e1aa20 T nand_calculate_ecc
23e1ab10 T nand_correct_data
23e1ac30 t nand_block_bad_scrub
23e1ac38 t check_skip_len
23e1acc8 T nand_erase_opts
23e1b03c T nand_write_skip_bad
23e1b2c8 T nand_read_skip_bad
23e1b4e4 t s3c_nand_hwcontrol
23e1b55c t s3c_nand_device_ready
23e1b578 t s3c_nand_calculate_ecc
23e1b618 t s3c_nand_wait_ecc_busy_8bit
23e1b630 T s3c_nand_enable_hwecc_8bit
23e1b78c T s3c_nand_read_oob_8bit
23e1b7d4 T s3c_nand_write_oob_8bit
23e1b83c t s3c_nand_read_page_4bit
23e1b950 t s3c_nand_write_page_4bit
23e1ba10 t s3c_nand_correct_data
23e1bbd0 t s3c_nand_enable_hwecc
23e1bc50 T s3c_nand_correct_data_8bit
23e1bd88 T s3c_nand_calculate_ecc_8bit
23e1bea4 T s3c_nand_read_page_8bit
23e1bf98 T s3c_nand_write_page_8bit
23e1c060 t s3c_nand_scan_bbt
23e1c064 T board_nand_init
23e1c370 t dm9000_outblk_8bit
23e1c398 t dm9000_outblk_16bit
23e1c3cc t dm9000_outblk_32bit
23e1c404 t dm9000_inblk_8bit
23e1c430 t dm9000_inblk_16bit
23e1c464 t dm9000_inblk_32bit
23e1c49c t dm9000_rx_status_32bit
23e1c4c4 t dm9000_rx_status_16bit
23e1c4ec t dm9000_rx_status_8bit
23e1c534 t dm9000_reset
23e1c608 t dm9000_rx
23e1c774 t dm9000_halt
23e1c804 t dm9000_phy_read
23e1c874 t dm9000_init
23e1cbd8 t dm9000_send
23e1ccc4 T dm9000_initialize
23e1cd48 t samsung_get_base_uart
23e1cd84 T serial_setbrg_dev
23e1cdcc T s5p_serial3_setbrg
23e1cdd4 T s5p_serial2_setbrg
23e1cddc T s5p_serial1_setbrg
23e1cde4 T s5p_serial0_setbrg
23e1cdec T serial_init_dev
23e1ce2c T s5p_serial3_init
23e1ce34 T s5p_serial2_init
23e1ce3c T s5p_serial1_init
23e1ce44 T s5p_serial0_init
23e1ce4c T serial_getc_dev
23e1ce90 T s5p_serial3_getc
23e1ce98 T s5p_serial2_getc
23e1cea0 T s5p_serial1_getc
23e1cea8 T s5p_serial0_getc
23e1ceb0 T serial_putc_dev
23e1cf00 T s5p_serial3_putc
23e1cf08 T s5p_serial2_putc
23e1cf10 T s5p_serial1_putc
23e1cf18 T s5p_serial0_putc
23e1cf20 T serial_tstc_dev
23e1cf3c T s5p_serial3_tstc
23e1cf44 T s5p_serial2_tstc
23e1cf4c T s5p_serial1_tstc
23e1cf54 T s5p_serial0_tstc
23e1cf5c T serial_puts_dev
23e1cf84 T s5p_serial3_puts
23e1cf8c T s5p_serial2_puts
23e1cf94 T s5p_serial1_puts
23e1cf9c T s5p_serial0_puts
23e1cfa4 W default_serial_console
23e1cfb0 t downcase
23e1cfd4 t disk_read
23e1d028 t dirdelim
23e1d05c t get_fatent
23e1d1bc t slot2str
23e1d28c t mkcksum
23e1d2bc t get_cluster
23e1d35c t get_vfatname
23e1d524 t get_name
23e1d5dc t read_bootsectandvi
23e1d6cc T fat_register_device
23e1d7e0 T do_fat_read
23e1e254 T file_fat_detectfs
23e1e3b4 T file_fat_ls
23e1e3c4 T file_fat_read
23e1e3fc T file_getfsname
23e1e414 T file_cd
23e1e608 T file_detectfs
23e1e648 T file_ls
23e1e6d0 T file_read
23e1e768 T crc7
23e1e790 T cyg_crc16
23e1e7d8 T crc32_no_comp
23e1e8c0 T crc32
23e1e8d4 T crc32_wd
23e1e8d8 T display_options
23e1e8f8 T print_size
23e1ea28 T print_buffer
23e1eb94 T zfree
23e1eb9c T zalloc
23e1ebac T zunzip
23e1ecb4 T gunzip
23e1ed60 t cmpkey
23e1ed74 T hcreate_r
23e1ee20 T hdestroy_r
23e1ee94 T hstrstr_r
23e1ef40 T hmatch_r
23e1efe0 T hsearch_r
23e1f2c4 T hdelete_r
23e1f34c T hexport_r
23e1f564 T himport_r
23e1f7a8 t lmb_add_region
23e1f960 T lmb_dump_all
23e1f964 T lmb_init
23e1f98c T lmb_add
23e1f990 T lmb_free
23e1fab8 T lmb_reserve
23e1fac0 T lmb_overlaps_region
23e1fb14 T __lmb_alloc_base
23e1fc44 T lmb_alloc_base
23e1fc78 T lmb_alloc
23e1fc80 T lmb_is_reserved
23e1fce0 T __board_lmb_reserve
23e1fce0 W board_lmb_reserve
23e1fce4 T __arch_lmb_reserve
23e1fce8 T ldiv
23e1fd38 T string_to_ip
23e1fdb4 T qsort
23e1fea0 T strcmp_compar
23e1feac T strmhz
23e1ff18 T __div64_32
23e2000c T strcpy
23e20028 T strncpy
23e20050 T strcat
23e20080 T strncat
23e200d0 T strcmp
23e20100 T strncmp
23e20148 T strchr
23e2017c T strlen
23e20198 T strrchr
23e201d4 T strnlen
23e201fc T strdup
23e20230 T strspn
23e20270 T strpbrk
23e202ac T strtok
23e20328 T strsep
23e2035c T strswab
23e203a8 T memset
23e20410 T bcopy
23e20438 T memcpy
23e204ac T memmove
23e20504 T memcmp
23e2053c T memscan
23e20564 T strstr
23e205c4 T memchr
23e205f8 T udelay
23e20628 t pack_hex_byte
23e20650 t put_dec_trunc
23e20730 t string
23e207c0 t put_dec
23e208f4 t number
23e20b0c T simple_strtoul
23e20bb8 T strict_strtoul
23e20c30 T simple_strtol
23e20c58 T ustrtoul
23e20ccc T simple_strtoull
23e20dac T vsprintf
23e213d0 T sprintf
23e213f4 T panic
23e21438 T zcfree
23e21440 T zcalloc
23e21448 T inflate_fast
23e2199c T inflate_table
23e21f10 T inflateReset
23e21f90 T inflateInit2_
23e22098 T inflateInit_
23e220ac T inflateEnd
23e22118 T adler32
23e22414 T inflate
23e23ab4 t __fswab32
23e23ad0 t NetCopyLong
23e23ad8 t NetCopyIP
23e23ae0 t NetReadLong
23e23afc t DhcpOptionsProcess
23e23d14 t DhcpExtended
23e23e60 t NetWriteIP.clone.0
23e23e7c t DhcpHandler
23e241ec T BootpRequest
23e2439c t BootpTimeout
23e243e4 T DhcpRequest
23e243e8 t is_valid_ether_addr
23e24430 W cpu_eth_init
23e24430 t __def_eth_init
23e24438 t eth_current_changed
23e24494 T eth_parse_enetaddr
23e244f0 T eth_getenv_enetaddr
23e24510 T eth_setenv_enetaddr
23e24548 T eth_getenv_enetaddr_by_index
23e2459c T eth_get_dev
23e245ac T eth_get_dev_by_name
23e24600 T eth_get_dev_by_index
23e2464c T eth_get_dev_index
23e2469c T eth_write_hwaddr
23e247c8 T eth_register
23e24850 T eth_initialize
23e249e4 T eth_halt
23e24a14 T eth_send
23e24a4c T eth_rx
23e24a78 T eth_try_another
23e24af4 T eth_init
23e24bc4 T eth_set_current
23e24c58 T eth_get_name
23e24c78 t startAgainTimeout
23e24c8c t startAgainHandler
23e24c90 t PingHandler
23e24cac t NetCopyIP
23e24cb4 t NetReadIP
23e24cd0 t PingTimeout
23e24cec t getenv_IPaddr
23e24cfc T NetSetHandler
23e24d0c T NetSetTimeout
23e24d3c T NetStartAgain
23e24e48 T NetSendPacket
23e24e4c T NetCksum
23e24e84 T NetCksumOk
23e24ea8 T NetEthHdrSize
23e24ee8 T NetSetEther
23e24f8c T NetReceive
23e25498 T ArpRequest
23e25598 T ArpTimeoutCheck
23e2560c T PingSend
23e25754 T NetSetIP
23e2584c T NetSendUDPPacket
23e2598c T copy_filename
23e259d0 T random_port
23e259ec T ip_to_string
23e25a3c T VLAN_to_string
23e25a8c T string_to_VLAN
23e25ae4 T getenv_VLAN
23e25af4 T NetLoop
23e25eec t __fswab32
23e25f08 t basename
23e25f48 t rpc_add_credentials
23e2601c t rpc_lookup_reply
23e260bc t rpc_req
23e261b8 t rpc_lookup_req
23e26218 t nfs_mount_req
23e262ac t nfs_umountall_req
23e26304 t nfs_lookup_req
23e263ac t nfs_read_req
23e2642c t nfs_readlink_req
23e26484 t NfsSend
23e26518 t NfsTimeout
23e26570 t NfsHandler
23e26a6c T NfsStart
23e26c9c t TftpSend
23e26e44 t TftpTimeout
23e26eb4 t TftpHandler
23e271bc T TftpStart
23e2749c T board_init
23e27548 T dram_init
23e27568 T dram_init_banksize
23e2758c T board_late_init
23e27594 T board_eth_init
23e27598 T checkboard
23e275b0 T board_mmc_init
23e276fc t _TEXT_BASE
23e27700 T lowlevel_init
23e27804 t wakeup_reset_from_didle
23e27808 t lockloop
23e2781c t wakeup_reset_pre
23e27838 t wakeup_reset
23e27844 t exit_wakeup
23e27858 t system_clock_init
23e278e8 t uart_asm_init
23e27938 t nand_asm_init
23e279d0 t tzpc_init
23e27a24 t onenandcon_init
23e27a58 t wait_orwb
23e27b40 T mem_ctrl_asm_init
23e27bfc t find_lock_val
23e27d68 t find_lock_val1
23e27eb8 T cleanDCache
23e27ec4 T cleanFlushDCache
23e27ed0 T cleanFlushCache
23e27f60 T v7_flush_dcache_all
23e27f78 t Loop1
23e27fb8 t Loop2
23e27fbc t Loop3
23e27fd8 t Skip
23e27fe4 t Finished
23e28000 T disable_l2cache
23e28020 T enable_l2cache
23e28040 T set_l2cache_auxctrl
23e28060 T set_l2cache_auxctrl_cycle
23e28080 t CoInvalidateDCacheIndex
23e280a0 T raise
23e280a8 T __aeabi_unwind_cpp_pr0
23e280ac T __udivsi3
23e280ac t .udivsi3_skip_div0_test
23e280ac t __aeabi_uidiv
23e28298 t __aeabi_uidivmod
23e282b8 T __divsi3
23e282b8 t __aeabi_idiv
23e282c0 t .divsi3_skip_div0_test
23e284d8 t __aeabi_idivmod
23e284f8 T __lshrdi3
23e284f8 t __aeabi_llsr
23e28514 T __ashrdi3
23e28514 t __aeabi_lasr
23e28530 T __ashldi3
23e28530 t __aeabi_llsl
23e2854c W __aeabi_ldiv0
23e2854c t __aeabi_idiv0
23e2855c r C.0.3790
23e285dc r boot_os
23e28628 r op_table
23e28690 r __func__.3000
23e286a0 r __func__.2966
23e286b0 V version_string
23e28700 r CSWTCH.15
23e28758 R default_environment
23e288fc r __func__.2789
23e2890c r __func__.2796
23e28918 r __func__.3437
23e28920 r uimage_os
23e2898c r uimage_arch
23e28a70 r uimage_type
23e28b3c r uimage_comp
23e28b84 r erase_seq
23e28b88 r tab_seq
23e28b94 R config_full
23e28ba0 R config_full_total
23e28bc0 R config_high
23e28bcc R config_high_total
23e28bec R qualifier_desc
23e28bf8 R string_desc0
23e28bfc R string_desc1
23e28c14 R string_desc2
23e28c40 r CSWTCH.13
23e28c60 r block_drvr
23e28c70 r multipliers
23e28cb0 r fbase
23e28cc0 r __func__.3105
23e28ccc r __func__.3001
23e28cdc r __func__.3073
23e28cf0 r default_nand_name
23e28cf8 r __FUNCTION__.3318
23e28d0c r __FUNCTION__.3896
23e28d1c r __FUNCTION__.3659
23e28d30 r __func__.4040
23e28d44 r __FUNCTION__.4073
23e28d54 r nand_ecc_precalc_table
23e28e54 R nand_flash_ids
23e292bc R nand_manuf_ids
23e2930c r udivslot
23e2934c r filesystems
23e29364 R crc7_syndrome_table
23e29464 r crc16_tab
23e29664 r crc_table
23e29a64 r names.2657
23e29a6c R _ctype
23e29b6c R hex_asc
23e29b80 r digits.2746
23e29b90 r lext.2985
23e29bd0 r lbase.2984
23e29c10 r dext.2987
23e29c50 r dbase.2986
23e29c90 r lenfix
23e2a490 r distfix
23e2a510 r order.3080
23e2a538 R z_errmsg
23e3232c D s5p_cpu_id
23e32330 D s5p_cpu_rev
23e32334 D init_sequence
23e32360 d cmd_bootm_sub
23e32408 d do_echo
23e3240c d dp_last_length
23e32410 d curr_device
23e32414 d cmd_env_sub
23e324ec d env_id
23e324f0 D load_addr
23e324f4 d av_
23e328fc d sbrk_base
23e32900 d trim_threshold
23e32904 d mmap_threshold
23e32908 D env_name_spec
23e3290c d reserved_list
23e32990 d hist_cur
23e32994 D stdio_names
23e329a0 D test_pkt
23e329d8 d cur_dev_num
23e329dc D nand_curr_device
23e329e0 d nand_oob_8
23e32c28 d nand_oob_16
23e32e70 d nand_oob_64
23e330b8 d nand_oob_128
23e33300 d largepage_flashbased
23e33324 d smallpage_flashbased
23e33348 d largepage_memorybased
23e3336c d smallpage_memorybased
23e33390 d bbt_main_descr
23e333b4 d bbt_mirror_descr
23e333d8 d agand_flashbased
23e333fc d bbt_pattern
23e33400 d mirror_pattern
23e33404 d scan_agand_pattern
23e3340c d scan_ff_pattern
23e33410 d s3c_nand_oob_128
23e33658 d s3c_nand_oob_64_8bit
23e338a0 d s3c_nand_oob_16
23e33ae8 d s3c_nand_oob_mlc_64
23e33d30 D s5p_serial0_device
23e33d60 D s5p_serial1_device
23e33d90 D s5p_serial2_device
23e33dc0 D s5p_serial3_device
23e33df0 d cur_part
23e33df4 D file_cwd
23e33ff4 d current_filesystem
23e33ff8 D NetOurVLAN
23e33ffa D NetOurNativeVLAN
23e33ffc D NetBcastAddr
23e34004 d nfs_offset
23e34008 d TftpTimeoutMSecs
23e3400c d TftpBlkSizeOption
23e34010 d TftpTimeoutCountMax
23e34014 d TftpBlkSize
23e34018 D TftpRRQTimeoutCountMax
23e3401c D TftpRRQTimeoutMSecs
23e3402c A __u_boot_cmd_start
23e3402c D __u_boot_cmd_bdinfo
23e34044 D __u_boot_cmd_go
23e3405c D __u_boot_cmd_reset
23e34074 D __u_boot_cmd_bootm
23e3408c D __u_boot_cmd_boot
23e340a4 D __u_boot_cmd_bootd
23e340bc D __u_boot_cmd_iminfo
23e340d4 D __u_boot_cmd_coninfo
23e340ec D __u_boot_cmd_echo
23e34104 D __u_boot_cmd_bootelf
23e3411c D __u_boot_cmd_bootvx
23e34134 D __u_boot_cmd_exit
23e3414c D __u_boot_cmd_fatload
23e34164 D __u_boot_cmd_fatls
23e3417c D __u_boot_cmd_fatinfo
23e34194 D __u_boot_cmd_flinfo
23e341ac D __u_boot_cmd_erase
23e341c4 D __u_boot_cmd_protect
23e341dc D __u_boot_cmd_help
23e341f4 D __u_boot_cmd_question_mark
23e3420c D __u_boot_cmd_itest
23e34224 D __u_boot_cmd_led
23e3423c D __u_boot_cmd_loads
23e34254 D __u_boot_cmd_loadb
23e3426c D __u_boot_cmd_loady
23e34284 D __u_boot_cmd_md
23e3429c D __u_boot_cmd_mm
23e342b4 D __u_boot_cmd_nm
23e342cc D __u_boot_cmd_mw
23e342e4 D __u_boot_cmd_cp
23e342fc D __u_boot_cmd_cmp
23e34314 D __u_boot_cmd_crc32
23e3432c D __u_boot_cmd_base
23e34344 D __u_boot_cmd_loop
23e3435c D __u_boot_cmd_mtest
23e34374 D __u_boot_cmd_menu
23e3438c D __u_boot_cmd_sleep
23e343a4 D __u_boot_cmd_mmcinfo
23e343bc D __u_boot_cmd_mmc
23e343d4 D __u_boot_cmd_chpart
23e343ec D __u_boot_cmd_mtdparts
23e34404 D __u_boot_cmd_nand
23e3441c D __u_boot_cmd_nboot
23e34434 D __u_boot_cmd_bootp
23e3444c D __u_boot_cmd_tftpboot
23e34464 D __u_boot_cmd_dhcp
23e3447c D __u_boot_cmd_nfs
23e34494 D __u_boot_cmd_ping
23e344ac D __u_boot_cmd_saveenv
23e344c4 D __u_boot_cmd_env
23e344dc D __u_boot_cmd_editenv
23e344f4 D __u_boot_cmd_printenv
23e3450c D __u_boot_cmd_setenv
23e34524 D __u_boot_cmd_run
23e3453c D __u_boot_cmd_sound
23e34554 D __u_boot_cmd_source
23e3456c D __u_boot_cmd_test
23e34584 D __u_boot_cmd_false
23e3459c D __u_boot_cmd_true
23e345b4 D __u_boot_cmd_uart3
23e345cc D __u_boot_cmd_dnw
23e345e4 D __u_boot_cmd_version
23e345fc D __u_boot_cmd_lcd
23e34614 D __u_boot_cmd_imxtract
23e3462c D __u_boot_cmd_showvar
23e34644 A __image_copy_end
23e34644 A __u_boot_cmd_end
23e34644 B __bss_start
23e34644 B monitor_flash_len
23e34644 R __rel_dyn_start
23e34648 b params
23e34650 b images
23e3477c b os_data_state
23e34780 b os_data_addr
23e34784 b bin_start_address
23e34788 B his_pad_count
23e3478c B his_pad_char
23e34790 b a_b
23e347a8 B his_eol
23e347ac b k_data_escape
23e347b0 B os_data_init
23e347b4 b k_data_escape_saved
23e347b8 b os_data_state_saved
23e347bc b os_data_addr_saved
23e347c0 B os_data_char
23e347c4 B his_quote
23e347c8 B send_ptr
23e347cc B send_parms
23e347e0 b base_address
23e347e4 b mm_last_addr
23e347e8 b mm_last_size
23e347ec b dp_last_addr
23e347f0 b dp_last_size
23e347f4 B current_mtd_dev
23e347f8 B devices
23e34800 B current_mtd_partnum
23e34804 b last_partition
23e34814 b last_parts
23e34a14 B mtdids
23e34a1c b initialized.3877
23e34a20 b last_ids
23e34aa0 b last.3625
23e34aa8 b ctrlc_disabled
23e34aac b ctrlc_was_pressed
23e34ab0 B mem_malloc_brk
23e34ab4 B mem_malloc_start
23e34ab8 B mem_malloc_end
23e34abc b current_mallinfo
23e34ae4 b top_pad
23e34ae8 b max_sbrked_mem
23e34aec b max_total_mem
23e34af0 b n_mmaps_max
23e34af4 B env_htab
23e34b00 B env_ptr
23e34b04 b top_vars
23e34b08 b flag_repeat
23e34b0c b do_repeat
23e34b10 b the_command.2912
23e34c10 b local.2896
23e34c28 b buf.3110
23e34c50 B last_return_code
23e34c54 b map
23e34d54 b ifs
23e34d58 B nesting_level
23e34d5c b initted.2806
23e34d60 b hist_max
23e34d64 b hist_add_idx
23e34d68 B hist_num
23e34d6c B hist_lines
23e36180 B hist_list
23e361d0 B console_buffer
23e362d4 b serial_devices
23e362d8 b serial_current
23e362dc b devs
23e36318 B stdio_devices
23e36324 B otg
23e363a8 B speed
23e363ac B remode_wakeup
23e363b0 B get_status
23e363b6 B config_value
23e363b8 B get_intf
23e363bc B s3c_usbd_dn_addr
23e363c0 B usb_download_filesize
23e363c4 B s3c_usbd_dn_cnt
23e363c8 B s3c_receive_done
23e363cc B op_mode
23e363d0 B s3c_got_header
23e363d4 B DNW
23e363d8 b xyz
23e36818 b mmc_devices
23e36820 B mmc_dev
23e36ca0 B mmc_host
23e36ce0 B mtd_table
23e36d60 B nand_info
23e36e10 b nand_chip
23e36f30 B nand_type
23e36f34 B cur_ecc_mode
23e36f38 b dm9000_info
23e3701c b cur_dev
23e37020 b part_offset
23e37024 B get_vfatname_block
23e39fac R __dynsym_start
23e39fac R __rel_dyn_end
23e3a06c A _end
23e47024 B do_fat_read_block
23e57024 B get_dentfromdir_block
23e67024 B errno
23e67028 B ___strtok
23e6702c B dhcp_leasetime
23e67030 B NetDHCPServerIP
23e67034 B BootpID
23e67038 B dhcp_state
23e6703c B BootpTry
23e67040 b eth_current
23e67044 b eth_devices
23e67048 b first_failed.3305
23e6704c b act.3310
23e67050 b env_changed_id.3311
23e67054 B NetState
23e67058 B NetPingIP
23e6705c b packetHandler
23e67060 b timeHandler
23e67064 b timeStart
23e67068 b timeDelta
23e6706c b NetTryCount
23e67070 b NetRestarted
23e67074 B NetRestartWrap
23e67078 b NetDevExists
23e6707c B NetOurEther
23e67084 B NetRxPacket
23e67088 B NetRxPacketLen
23e6708c B NetOurIP
23e67090 B NetArpWaitPacketIP
23e67094 B NetArpWaitPacketMAC
23e67098 B NetArpWaitReplyIP
23e6709c B NetArpWaitTxPacket
23e670a0 B NetArpWaitTxPacketSize
23e670a4 B NetTxPacket
23e670a8 B NetOurSubnetMask
23e670ac B NetOurGatewayIP
23e670b0 B NetArpWaitTimerStart
23e670b4 B NetArpWaitTry
23e670b8 b mac.2829
23e670c0 B NetEtherNullAddr
23e670c8 B NetIPID
23e670cc b PingSeqNo
23e670d0 B PktBuf
23e68ef0 B NetRxPackets
23e68f00 B NetArpWaitPacketBuf
23e69520 b env_changed_id.2761
23e69524 B NetServerIP
23e69528 B NetBootFileXferSize
23e6952c B NetOurNISDomain
23e6954c B NetOurHostName
23e6956c B NetOurRootPath
23e695ac B NetOurDNSIP
23e695b0 B NetBootFileSize
23e695b4 B NetServerEther
23e695bc B BootFile
23e6963c b rpc_id
23e69640 b NfsSrvMountPort
23e69644 b NfsSrvNfsPort
23e69648 b NfsServerIP
23e6964c b NfsOurPort
23e69650 b fs_mounted
23e69654 b dirfh
23e69674 b filefh
23e69694 b NfsState
23e69698 b nfs_path
23e6969c b nfs_filename
23e696a0 b nfs_len
23e696a4 b NfsTimeoutCount
23e696a8 b NfsDownloadState
23e696ac b nfs_path_buff
23e69eac b default_filename
23e69eec b TftpState
23e69ef0 b tftp_filename
23e69f70 b TftpBlock
23e69f74 b TftpRemoteIP
23e69f78 b TftpRemotePort
23e69f7c b TftpOurPort
23e69f80 b TftpTimeoutCount
23e69f84 b TftpBlockWrap
23e69f88 b TftpBlockWrapOffset
23e69f8c b TftpLastBlock
23e69f90 b default_filename
23e69fa0 b s5pc110_gpio
23e69fa4 B __bss_end__
