Archive member included because of file (symbol)

board/samsung/webee210/libwebee210.o(webee210.o)
                              arch/arm/lib/libarm.o (board_init)
board/samsung/webee210/libwebee210.o(lowlevel_init.o)
                              arch/arm/cpu/armv7/start.o (lowlevel_init)
board/samsung/webee210/libwebee210.o(mem_setup.o)
                              board/samsung/webee210/libwebee210.o(lowlevel_init.o) (mem_ctrl_asm_init)
/home/lry5/下载/opt/FriendlyARM/toolschain/4.5.1/bin/../lib/gcc/arm-none-linux-gnueabi/4.5.1/libgcc.a(_udivsi3.o)
                              arch/arm/cpu/armv7/s5p-common/libs5p-common.o (__aeabi_uidiv)
/home/lry5/下载/opt/FriendlyARM/toolschain/4.5.1/bin/../lib/gcc/arm-none-linux-gnueabi/4.5.1/libgcc.a(_divsi3.o)
                              common/libcommon.o (__aeabi_idiv)
/home/lry5/下载/opt/FriendlyARM/toolschain/4.5.1/bin/../lib/gcc/arm-none-linux-gnueabi/4.5.1/libgcc.a(_lshrdi3.o)
                              drivers/mtd/nand/libnand.o (__aeabi_llsr)
/home/lry5/下载/opt/FriendlyARM/toolschain/4.5.1/bin/../lib/gcc/arm-none-linux-gnueabi/4.5.1/libgcc.a(_ashrdi3.o)
                              drivers/mtd/nand/libnand.o (__aeabi_lasr)
/home/lry5/下载/opt/FriendlyARM/toolschain/4.5.1/bin/../lib/gcc/arm-none-linux-gnueabi/4.5.1/libgcc.a(_ashldi3.o)
                              drivers/mmc/libmmc.o (__aeabi_llsl)
/home/lry5/下载/opt/FriendlyARM/toolschain/4.5.1/bin/../lib/gcc/arm-none-linux-gnueabi/4.5.1/libgcc.a(_dvmd_lnx.o)
                              /home/lry5/下载/opt/FriendlyARM/toolschain/4.5.1/bin/../lib/gcc/arm-none-linux-gnueabi/4.5.1/libgcc.a(_udivsi3.o) (__aeabi_idiv0)

Memory Configuration

Name             Origin             Length             Attributes
*default*        0x00000000         0xffffffff

Linker script and memory map

                0x00000000                . = 0x0
                0x00000000                . = ALIGN (0x4)

.text           0x23e00000    0x2855c
 arch/arm/cpu/armv7/start.o(.text)
 .text          0x23e00000      0x500 arch/arm/cpu/armv7/start.o
                0x23e00000                _start
                0x23e00040                _end_vect
                0x23e00040                _TEXT_BASE
                0x23e00044                _bss_start_ofs
                0x23e00048                _image_copy_end_ofs
                0x23e0004c                _bss_end_ofs
                0x23e00050                _end_ofs
                0x23e00054                IRQ_STACK_START_IN
                0x23e00100                relocate_code
 *(.text)
 .text          0x23e00500       0xd0 arch/arm/cpu/armv7/libarmv7.o
                0x23e00500                invalidate_dcache_all
                0x23e00504                flush_dcache_all
                0x23e00508                invalidate_dcache_range
                0x23e0050c                flush_dcache_range
                0x23e00510                arm_init_before_mmu
                0x23e00514                flush_cache
                0x23e00518                invalidate_icache_all
                0x23e00530                __v7_outer_cache_enable
                0x23e00534                __v7_outer_cache_disable
                0x23e00538                __v7_outer_cache_flush_all
                0x23e00538                v7_outer_cache_flush_all
                0x23e0053c                v7_outer_cache_inval_all
                0x23e0053c                __v7_outer_cache_inval_all
                0x23e00540                v7_outer_cache_flush_range
                0x23e00540                __v7_outer_cache_flush_range
                0x23e00544                __v7_outer_cache_inval_range
                0x23e00544                v7_outer_cache_inval_range
                0x23e00548                save_boot_params_default
                0x23e00548                save_boot_params
                0x23e0054c                cleanup_before_linux
                0x23e0056c                sdelay
                0x23e00578                sr32
                0x23e0059c                wait_on_value
 .text          0x23e005d0      0x534 arch/arm/cpu/armv7/s5p-common/libs5p-common.o
                0x23e005d0                arch_cpu_init
                0x23e00600                get_device_type
                0x23e00610                print_cpuinfo
                0x23e006c8                timer_init
                0x23e006fc                reset_timer_masked
                0x23e00718                get_timer_masked
                0x23e0075c                get_timer
                0x23e00770                __udelay
                0x23e00804                get_ticks
                0x23e00814                get_tbclk
                0x23e0081c                s5p_config_sromc
                0x23e008a8                pwm_enable
                0x23e008dc                pwm_disable
                0x23e0090c                pwm_config
                0x23e00a38                pwm_init
 *fill*         0x23e00b04       0x1c 00
 .text          0x23e00b20      0x33c arch/arm/cpu/armv7/s5pc1xx/libs5pc1xx.o
                0x23e00b5c                get_pll_clk
                0x23e00d18                get_arm_clk
                0x23e00d88                get_pwm_clk
                0x23e00dac                get_uart_clk
                0x23e00dd0                set_mmc_clk
                0x23e00de0                v7_outer_cache_enable
                0x23e00df4                v7_outer_cache_disable
                0x23e00e20                reset_cpu
 .text          0x23e00e5c      0x868 arch/arm/lib/libarm.o
                0x23e00ed0                coloured_LED_init
                0x23e00ed0                __coloured_LED_init
                0x23e00ed4                red_LED_on
                0x23e00ed4                __red_LED_on
                0x23e00ed8                __red_LED_off
                0x23e00ed8                red_LED_off
                0x23e00edc                green_LED_on
                0x23e00edc                __green_LED_on
                0x23e00ee0                __green_LED_off
                0x23e00ee0                green_LED_off
                0x23e00ee4                __yellow_LED_on
                0x23e00ee4                yellow_LED_on
                0x23e00ee8                __yellow_LED_off
                0x23e00ee8                yellow_LED_off
                0x23e00eec                blue_LED_on
                0x23e00eec                __blue_LED_on
                0x23e00ef0                blue_LED_off
                0x23e00ef0                __blue_LED_off
                0x23e00ef4                __dram_init_banksize
                0x23e00f10                board_init_f_nand
                0x23e00f14                board_init_r
                0x23e0103c                hang
                0x23e01050                board_init_f
                0x23e01180                arch_lmb_reserve
                0x23e011a4                do_bootm_linux
                0x23e0137c                __flush_cache
                0x23e01380                __flush_dcache_all
                0x23e0138c                enable_caches
                0x23e0138c                __enable_caches
                0x23e013c8                __arm_init_before_mmu
                0x23e013cc                icache_enable
                0x23e013e4                icache_disable
                0x23e013fc                icache_status
                0x23e01410                dcache_enable
                0x23e01414                dcache_disable
                0x23e01418                dcache_status
                0x23e01420                interrupt_init
                0x23e0143c                enable_interrupts
                0x23e01440                disable_interrupts
                0x23e01448                bad_mode
                0x23e01458                show_regs
                0x23e01598                do_undefined_instruction
                0x23e015bc                do_software_interrupt
                0x23e015e0                do_prefetch_abort
                0x23e01604                do_data_abort
                0x23e01628                do_not_used
                0x23e0164c                do_fiq
                0x23e01670                do_irq
                0x23e01694                do_reset
 .text          0x23e016c4    0x1152c common/libcommon.o
                0x23e016c4                do_bdinfo
                0x23e01848                do_go_exec
                0x23e01860                do_go
                0x23e018ec                do_bootd
                0x23e01c34                do_iminfo
                0x23e02174                arch_preboot_os
                0x23e02174                __arch_preboot_os
                0x23e02178                do_bootm_subcommand
                0x23e023c4                do_bootm
                0x23e0265c                bootm_maybe_autostart
                0x23e026d0                do_coninfo
                0x23e02788                do_echo
                0x23e02898                do_bootelf_exec
                0x23e028dc                valid_elf_image
                0x23e02928                do_bootvx
                0x23e02bc0                do_bootelf
                0x23e02d14                do_exit
                0x23e02d44                do_fat_fsinfo
                0x23e02e1c                do_fat_ls
                0x23e02f24                do_fat_fsload
                0x23e030a8                do_flinfo
                0x23e030b0                do_flerase
                0x23e030b8                do_protect
                0x23e03108                do_help
                0x23e031dc                binary_test
                0x23e03398                do_itest
                0x23e03430                buzzer_on
                0x23e03460                buzzer_off
                0x23e03478                delay
                0x23e0349c                hareware_init
                0x23e034b4                led_test
                0x23e038ec                do_load_serial
                0x23e039c8                send_pad
                0x23e039f4                ktrans
                0x23e03a14                chk1
                0x23e03a3c                s1_sendpacket
                0x23e03a60                send_ack
                0x23e03ac0                send_nack
                0x23e03b20                k_data_init
                0x23e03b40                k_data_save
                0x23e03b64                k_data_restore
                0x23e03b88                k_data_char
                0x23e03bd8                handle_send_packet
                0x23e03d9c                do_load_serial_bin
                0x23e041f8                do_mem_crc
                0x23e042a0                do_mem_base
                0x23e042e4                do_mem_mtest
                0x23e04488                do_mem_loop
                0x23e04580                do_mem_cp
                0x23e04658                do_mem_cmp
                0x23e047e8                do_mem_mw
                0x23e049f0                do_mem_nm
                0x23e04a14                do_mem_mm
                0x23e04a38                do_mem_md
                0x23e04b10                main_menu_usage
                0x23e04bb4                awaitkey
                0x23e04bd0                menu_shell
                0x23e04f80                do_menu
                0x23e04f90                do_sleep
                0x23e05010                do_mmcops
                0x23e05440                do_mmcinfo
                0x23e06004                mtd_device_validate
                0x23e06034                device_find
                0x23e065ec                mtd_id_parse
                0x23e066fc                find_dev_and_part
                0x23e068b4                mtdparts_init
                0x23e06ea8                do_mtdparts
                0x23e074d4                do_chpart
                0x23e0782c                do_nandboot
                0x23e07cdc                do_nand
                0x23e08720                do_ping
                0x23e08a5c                do_nfs
                0x23e08a68                do_dhcp
                0x23e08a74                do_tftpb
                0x23e08a80                do_bootp
                0x23e08d94                do_env_save
                0x23e08e58                do_env_print
                0x23e08edc                get_env_id
                0x23e08eec                _do_env_set
                0x23e092b4                do_env_set
                0x23e092d0                setenv
                0x23e09540                envmatch
                0x23e095a4                getenv_f
                0x23e09660                getenv
                0x23e096cc                do_env_edit
                0x23e09734                iis_init
                0x23e097a8                iic_write
                0x23e09864                iic_init
                0x23e0989c                wm8960_init
                0x23e0997c                sound_test
                0x23e099ac                source
                0x23e09ad0                do_source
                0x23e09b14                do_false
                0x23e09b1c                do_true
                0x23e09b24                do_test
                0x23e09f94                putc3
                0x23e09fb4                uart3_test
                0x23e0a044                do_usbd_dnw
                0x23e0a150                do_version
                0x23e0a188                do_imgextract
                0x23e0a460                find_cmd_tbl
                0x23e0a4fc                find_cmd
                0x23e0a524                cmd_usage
                0x23e0a580                _do_help
                0x23e0a708                cmd_get_data_size
                0x23e0a7fc                serial_printf
                0x23e0a840                fgetc
                0x23e0a86c                ftstc
                0x23e0a898                fputc
                0x23e0a8c0                fputs
                0x23e0a8e8                fprintf
                0x23e0a934                getc
                0x23e0a94c                tstc
                0x23e0a964                putc
                0x23e0a980                puts
                0x23e0a99c                printf
                0x23e0a9e0                vprintf
                0x23e0aa18                ctrlc
                0x23e0aa64                disable_ctrlc
                0x23e0aa7c                had_ctrlc
                0x23e0aa8c                clear_ctrlc
                0x23e0aaa0                dbg
                0x23e0aaac                search_device
                0x23e0aad4                console_assign
                0x23e0ab14                console_init_f
                0x23e0ab24                stdio_print_current_devices
                0x23e0abdc                console_init_r
                0x23e0acc4                sbrk
                0x23e0ad20                mem_malloc_init
                0x23e0ad40                malloc_trim
                0x23e0ae10                free
                0x23e0b034                cfree
                0x23e0b038                malloc
                0x23e0b5f0                calloc
                0x23e0b6d0                memalign
                0x23e0b7e0                pvalloc
                0x23e0b7f8                valloc
                0x23e0b804                realloc
                0x23e0bc54                malloc_usable_size
                0x23e0bc94                mallopt
                0x23e0bd08                env_get_addr
                0x23e0bd2c                env_get_char_memory
                0x23e0bd3c                env_get_char
                0x23e0bd70                set_default_env
                0x23e0be10                env_import
                0x23e0bee0                env_relocate
                0x23e0bf10                env_get_char_spec
                0x23e0bf1c                env_init
                0x23e0bf38                writeenv
                0x23e0c008                saveenv
                0x23e0c174                readenv
                0x23e0c228                env_relocate_spec
                0x23e0c270                get_version
                0x23e0c278                jumptable_init
                0x23e0c49c                do_showvar
                0x23e0c99c                simple_itoa
                0x23e0c9f4                get_local_var
                0x23e0cbc0                set_local_var
                0x23e0cd78                unset_local_var
                0x23e0ce18                new_pipe
                0x23e0ce88                reserved_word
                0x23e0d1b0                mapset
                0x23e0d1d4                update_ifs_map
                0x23e0d244                parse_string_outer
                0x23e0e13c                parse_file_outer
                0x23e0e180                u_boot_hush_start
                0x23e0e214                image_check_hcrc
                0x23e0e264                image_check_dcrc
                0x23e0e2a4                image_multi_count
                0x23e0e2c4                image_multi_getimg
                0x23e0e348                getenv_yesno
                0x23e0e370                getenv_bootm_low
                0x23e0e3a0                getenv_bootm_size
                0x23e0e3fc                getenv_bootm_mapsize
                0x23e0e42c                memmove_wd
                0x23e0e438                genimg_print_size
                0x23e0e468                get_table_entry_name
                0x23e0e494                genimg_get_os_name
                0x23e0e4ac                genimg_get_arch_name
                0x23e0e4c4                genimg_get_type_name
                0x23e0e4dc                genimg_get_comp_name
                0x23e0e4f4                image_print_contents
                0x23e0e66c                get_table_entry_id
                0x23e0e6b8                genimg_get_os_id
                0x23e0e6d0                genimg_get_arch_id
                0x23e0e6e8                genimg_get_type_id
                0x23e0e700                genimg_get_comp_id
                0x23e0e718                genimg_get_format
                0x23e0e730                genimg_get_image
                0x23e0e734                genimg_has_config
                0x23e0e73c                boot_get_ramdisk
                0x23e0e96c                boot_ramdisk_high
                0x23e0ec5c                __show_boot_progress
                0x23e0ec5c                show_boot_progress
                0x23e0ec60                readline_into_buffer
                0x23e0f4b8                readline
                0x23e0f4d4                parse_line
                0x23e0f564                run_command
                0x23e0f8f8                main_loop
                0x23e0fa28                do_run
                0x23e0fa9c                get_ram_size
                0x23e0fc00                srec_decode
                0x23e0fe78                serial_register
                0x23e0fe90                serial_stdio_init
                0x23e0ff20                serial_assign
                0x23e0ff6c                serial_initialize
                0x23e0ffbc                serial_reinit_all
                0x23e0ffe8                serial_init
                0x23e10028                serial_setbrg
                0x23e10060                serial_getc
                0x23e100a0                serial_tstc
                0x23e100e0                serial_putc
                0x23e10120                serial_puts
                0x23e10160                stdio_get_list
                0x23e1016c                stdio_get_by_name
                0x23e101c0                stdio_clone
                0x23e10208                stdio_register
                0x23e1024c                stdio_init
                0x23e102dc                s3c_usb_init_phy
                0x23e1031c                s3c_usb_phy_off
                0x23e10348                s3c_usb_core_soft_reset
                0x23e10364                s3c_usb_wait_cable_insert
                0x23e103b0                s3c_usb_init_core
                0x23e103cc                s3c_usb_check_current_mode
                0x23e103e0                s3c_usb_set_soft_disconnect
                0x23e103f4                s3c_usb_clear_soft_disconnect
                0x23e10408                s3c_usb_init_device
                0x23e10430                s3c_usbctl_init
                0x23e104b4                s3c_usbc_activate
                0x23e104bc                s3c_usb_stop
                0x23e104d0                s3c_usb_print_pkt
                0x23e1051c                s3c_usb_verify_checksum
                0x23e105c4                s3c_usb_set_inep_xfersize
                0x23e105f8                s3c_usb_set_outep_xfersize
                0x23e1062c                s3c_usb_write_ep0_fifo
                0x23e10678                s3c_usb_write_in_fifo
                0x23e106c4                s3c_usb_read_out_fifo
                0x23e1070c                s3c_usb_get_desc
                0x23e1081c                s3c_usb_clear_feature
                0x23e1088c                s3c_usb_set_feature
                0x23e109e4                s3c_usb_get_status
                0x23e10a5c                s3c_usb_ep0_int_hndlr
                0x23e10bc8                s3c_usb_set_otherspeed_conf_desc
                0x23e10cbc                s3c_usb_transfer_ep0
                0x23e11608                s3c_usb_int_bulkin
                0x23e116d0                s3c_usb_upload_start
                0x23e11838                s3c_usb_download_start
                0x23e1196c                s3c_usb_download_continue
                0x23e11a18                s3c_usb_int_bulkout
                0x23e11a40                s3c_usb_dma_in_done
                0x23e11ae0                s3c_usb_dma_out_done
                0x23e11b8c                s3c_usb_set_all_outep_nak
                0x23e11bb4                s3c_usb_clear_all_outep_nak
                0x23e11bdc                s3c_usb_set_max_pktsize
                0x23e11c18                s3c_usb_set_endpoint
                0x23e11c64                s3c_usb_set_descriptors
                0x23e11db8                s3c_usb_check_speed
                0x23e11dd0                s3c_usb_clear_dnfile_info
                0x23e11dec                s3c_usb_clear_upfile_info
                0x23e11e08                s3c_usb_check_setconf
                0x23e11e20                s3c_usb_set_opmode
                0x23e11e8c                s3c_usb_reset
                0x23e11ee8                s3c_usb_set_init
                0x23e11f44                s3c_usb_pkt_receive
                0x23e11fc4                s3c_usb_transfer
                0x23e120b4                s3c_udc_int_hndlr
                0x23e12158                lcd_init
                0x23e12270                lcd_draw_pixel
                0x23e12284                lcd_clear_screen
                0x23e122c4                lcd_draw_picture
                0x23e12320                WB_lcd_init_and_display
                0x23e12338                CYGACC_COMM_IF_GETC_TIMEOUT
                0x23e12630                CYGACC_COMM_IF_PUTC
                0x23e12638                parse_num
                0x23e12754                xyzModem_stream_open
                0x23e1289c                xyzModem_stream_read
                0x23e12aec                xyzModem_stream_close
                0x23e12b3c                xyzModem_stream_terminate
                0x23e12bd0                xyzModem_error
 .text          0x23e12bf0      0x8e4 disk/libdisk.o
                0x23e12bf0                get_dev
                0x23e12c50                dev_print
                0x23e12e68                init_part
                0x23e12e84                get_partition_info
                0x23e12eac                print_part
                0x23e13420                test_part_dos
                0x23e13488                print_part_dos
                0x23e134b4                get_partition_info_dos
 .text          0x23e134d4      0x254 drivers/gpio/libgpio.o
                0x23e134d4                s5p_gpio_cfg_pin
                0x23e134f0                s5p_gpio_direction_output
                0x23e13528                s5p_gpio_direction_input
                0x23e13530                s5p_gpio_set_value
                0x23e13550                s5p_gpio_get_value
                0x23e13568                s5p_gpio_set_pull
                0x23e1358c                s5p_gpio_set_drv
                0x23e135b0                s5p_gpio_set_rate
                0x23e135d8                s5p_gpio_get_bank
                0x23e135f8                s5p_gpio_get_pin
                0x23e13610                gpio_request
                0x23e13618                gpio_direction_input
                0x23e1365c                gpio_direction_output
                0x23e136a4                gpio_get_value
                0x23e136ec                gpio_set_value
 .text          0x23e13728     0x1cb0 drivers/mmc/libmmc.o
                0x23e13744                __board_mmc_getcd
                0x23e13744                board_mmc_getcd
                0x23e1374c                mmc_send_cmd
                0x23e1375c                mmc_send_status
                0x23e13824                mmc_set_blocklen
                0x23e1385c                find_mmc_device
                0x23e13bcc                mmc_read_blocks
                0x23e13d50                mmc_go_idle
                0x23e13da4                sd_send_op_cond
                0x23e13f08                mmc_send_op_cond
                0x23e14074                mmc_send_ext_csd
                0x23e140c8                mmc_switch
                0x23e14120                mmc_change_freq
                0x23e141d4                mmc_switch_part
                0x23e14210                sd_switch
                0x23e14280                sd_change_freq
                0x23e14460                mmc_set_ios
                0x23e14470                mmc_set_clock
                0x23e1449c                mmc_set_bus_width
                0x23e144b0                mmc_startup
                0x23e14aec                mmc_send_if_cond
                0x23e14b6c                mmc_register
                0x23e14bf0                mmc_get_dev
                0x23e14c04                mmc_init
                0x23e14cbc                cpu_mmc_init
                0x23e14cc4                print_mmc_devices
                0x23e14d28                get_mmc_num
                0x23e14d38                mmc_initialize
                0x23e152ac                s5p_mmc_init
 .text          0x23e153d8      0x1dc drivers/mtd/libmtd.o
                0x23e153d8                add_mtd_device
                0x23e15448                del_mtd_device
                0x23e15498                get_mtd_device
                0x23e15514                get_mtd_device_nm
                0x23e15588                put_mtd_device
 .text          0x23e155b4     0x6dbc drivers/mtd/nand/libnand.o
                0x23e155b4                nand_init
                0x23e17658                nand_wait_ready
                0x23e18248                nand_erase_nand
                0x23e18644                nand_scan_ident
                0x23e18c38                nand_scan_tail
                0x23e191c4                nand_scan
                0x23e191e8                nand_release
                0x23e1a1a0                nand_update_bbt
                0x23e1a45c                nand_scan_bbt
                0x23e1a90c                nand_default_bbt
                0x23e1a9cc                nand_isbad_bbt
                0x23e1aa20                nand_calculate_ecc
                0x23e1ab10                nand_correct_data
                0x23e1acc8                nand_erase_opts
                0x23e1b03c                nand_write_skip_bad
                0x23e1b2c8                nand_read_skip_bad
                0x23e1b630                s3c_nand_enable_hwecc_8bit
                0x23e1b78c                s3c_nand_read_oob_8bit
                0x23e1b7d4                s3c_nand_write_oob_8bit
                0x23e1bc50                s3c_nand_correct_data_8bit
                0x23e1bd88                s3c_nand_calculate_ecc_8bit
                0x23e1bea4                s3c_nand_read_page_8bit
                0x23e1bf98                s3c_nand_write_page_8bit
                0x23e1c064                board_nand_init
 .text          0x23e1c370      0x9d8 drivers/net/libnet.o
                0x23e1ccc4                dm9000_initialize
 .text          0x23e1cd48        0x0 drivers/pcmcia/libpcmcia.o
 .text          0x23e1cd48        0x0 drivers/rtc/librtc.o
 .text          0x23e1cd48      0x268 drivers/serial/libserial.o
                0x23e1cd84                serial_setbrg_dev
                0x23e1cdcc                s5p_serial3_setbrg
                0x23e1cdd4                s5p_serial2_setbrg
                0x23e1cddc                s5p_serial1_setbrg
                0x23e1cde4                s5p_serial0_setbrg
                0x23e1cdec                serial_init_dev
                0x23e1ce2c                s5p_serial3_init
                0x23e1ce34                s5p_serial2_init
                0x23e1ce3c                s5p_serial1_init
                0x23e1ce44                s5p_serial0_init
                0x23e1ce4c                serial_getc_dev
                0x23e1ce90                s5p_serial3_getc
                0x23e1ce98                s5p_serial2_getc
                0x23e1cea0                s5p_serial1_getc
                0x23e1cea8                s5p_serial0_getc
                0x23e1ceb0                serial_putc_dev
                0x23e1cf00                s5p_serial3_putc
                0x23e1cf08                s5p_serial2_putc
                0x23e1cf10                s5p_serial1_putc
                0x23e1cf18                s5p_serial0_putc
                0x23e1cf20                serial_tstc_dev
                0x23e1cf3c                s5p_serial3_tstc
                0x23e1cf44                s5p_serial2_tstc
                0x23e1cf4c                s5p_serial1_tstc
                0x23e1cf54                s5p_serial0_tstc
                0x23e1cf5c                serial_puts_dev
                0x23e1cf84                s5p_serial3_puts
                0x23e1cf8c                s5p_serial2_puts
                0x23e1cf94                s5p_serial1_puts
                0x23e1cf9c                s5p_serial0_puts
                0x23e1cfa4                default_serial_console
 .text          0x23e1cfb0     0x17b8 fs/fat/libfat.o
                0x23e1d6cc                fat_register_device
                0x23e1d7e0                do_fat_read
                0x23e1e254                file_fat_detectfs
                0x23e1e3b4                file_fat_ls
                0x23e1e3c4                file_fat_read
                0x23e1e3fc                file_getfsname
                0x23e1e414                file_cd
                0x23e1e608                file_detectfs
                0x23e1e648                file_ls
                0x23e1e6d0                file_read
 .text          0x23e1e768     0x2cd0 lib/libgeneric.o
                0x23e1e768                crc7
                0x23e1e790                cyg_crc16
                0x23e1e7d8                crc32_no_comp
                0x23e1e8c0                crc32
                0x23e1e8d4                crc32_wd
                0x23e1e8d8                display_options
                0x23e1e8f8                print_size
                0x23e1ea28                print_buffer
                0x23e1eb94                zfree
                0x23e1eb9c                zalloc
                0x23e1ebac                zunzip
                0x23e1ecb4                gunzip
                0x23e1ed74                hcreate_r
                0x23e1ee20                hdestroy_r
                0x23e1ee94                hstrstr_r
                0x23e1ef40                hmatch_r
                0x23e1efe0                hsearch_r
                0x23e1f2c4                hdelete_r
                0x23e1f34c                hexport_r
                0x23e1f564                himport_r
                0x23e1f960                lmb_dump_all
                0x23e1f964                lmb_init
                0x23e1f98c                lmb_add
                0x23e1f990                lmb_free
                0x23e1fab8                lmb_reserve
                0x23e1fac0                lmb_overlaps_region
                0x23e1fb14                __lmb_alloc_base
                0x23e1fc44                lmb_alloc_base
                0x23e1fc78                lmb_alloc
                0x23e1fc80                lmb_is_reserved
                0x23e1fce0                board_lmb_reserve
                0x23e1fce0                __board_lmb_reserve
                0x23e1fce4                __arch_lmb_reserve
                0x23e1fce8                ldiv
                0x23e1fd38                string_to_ip
                0x23e1fdb4                qsort
                0x23e1fea0                strcmp_compar
                0x23e1feac                strmhz
                0x23e1ff18                __div64_32
                0x23e2000c                strcpy
                0x23e20028                strncpy
                0x23e20050                strcat
                0x23e20080                strncat
                0x23e200d0                strcmp
                0x23e20100                strncmp
                0x23e20148                strchr
                0x23e2017c                strlen
                0x23e20198                strrchr
                0x23e201d4                strnlen
                0x23e201fc                strdup
                0x23e20230                strspn
                0x23e20270                strpbrk
                0x23e202ac                strtok
                0x23e20328                strsep
                0x23e2035c                strswab
                0x23e203a8                memset
                0x23e20410                bcopy
                0x23e20438                memcpy
                0x23e204ac                memmove
                0x23e20504                memcmp
                0x23e2053c                memscan
                0x23e20564                strstr
                0x23e205c4                memchr
                0x23e205f8                udelay
                0x23e20b0c                simple_strtoul
                0x23e20bb8                strict_strtoul
                0x23e20c30                simple_strtol
                0x23e20c58                ustrtoul
                0x23e20ccc                simple_strtoull
                0x23e20dac                vsprintf
                0x23e213d0                sprintf
                0x23e213f4                panic
 .text          0x23e21438     0x267c lib/zlib/libz.o
                0x23e21438                zcfree
                0x23e21440                zcalloc
                0x23e21448                inflate_fast
                0x23e2199c                inflate_table
                0x23e21f10                inflateReset
                0x23e21f90                inflateInit2_
                0x23e22098                inflateInit_
                0x23e220ac                inflateEnd
                0x23e22118                adler32
                0x23e22414                inflate
 .text          0x23e23ab4     0x39e8 net/libnet.o
                0x23e241ec                BootpRequest
                0x23e243e4                DhcpRequest
                0x23e24430                cpu_eth_init
                0x23e24494                eth_parse_enetaddr
                0x23e244f0                eth_getenv_enetaddr
                0x23e24510                eth_setenv_enetaddr
                0x23e24548                eth_getenv_enetaddr_by_index
                0x23e2459c                eth_get_dev
                0x23e245ac                eth_get_dev_by_name
                0x23e24600                eth_get_dev_by_index
                0x23e2464c                eth_get_dev_index
                0x23e2469c                eth_write_hwaddr
                0x23e247c8                eth_register
                0x23e24850                eth_initialize
                0x23e249e4                eth_halt
                0x23e24a14                eth_send
                0x23e24a4c                eth_rx
                0x23e24a78                eth_try_another
                0x23e24af4                eth_init
                0x23e24bc4                eth_set_current
                0x23e24c58                eth_get_name
                0x23e24cfc                NetSetHandler
                0x23e24d0c                NetSetTimeout
                0x23e24d3c                NetStartAgain
                0x23e24e48                NetSendPacket
                0x23e24e4c                NetCksum
                0x23e24e84                NetCksumOk
                0x23e24ea8                NetEthHdrSize
                0x23e24ee8                NetSetEther
                0x23e24f8c                NetReceive
                0x23e25498                ArpRequest
                0x23e25598                ArpTimeoutCheck
                0x23e2560c                PingSend
                0x23e25754                NetSetIP
                0x23e2584c                NetSendUDPPacket
                0x23e2598c                copy_filename
                0x23e259d0                random_port
                0x23e259ec                ip_to_string
                0x23e25a3c                VLAN_to_string
                0x23e25a8c                string_to_VLAN
                0x23e25ae4                getenv_VLAN
                0x23e25af4                NetLoop
                0x23e26a6c                NfsStart
                0x23e271bc                TftpStart
 .text          0x23e2749c      0x260 board/samsung/webee210/libwebee210.o(webee210.o)
                0x23e2749c                board_init
                0x23e27548                dram_init
                0x23e27568                dram_init_banksize
                0x23e2758c                board_late_init
                0x23e27594                board_eth_init
                0x23e27598                checkboard
                0x23e275b0                board_mmc_init
 .text          0x23e276fc      0x42c board/samsung/webee210/libwebee210.o(lowlevel_init.o)
                0x23e27700                lowlevel_init
 *fill*         0x23e27b28       0x18 00
 .text          0x23e27b40      0x560 board/samsung/webee210/libwebee210.o(mem_setup.o)
                0x23e27b40                mem_ctrl_asm_init
                0x23e27eb8                cleanDCache
                0x23e27ec4                cleanFlushDCache
                0x23e27ed0                cleanFlushCache
                0x23e27f60                v7_flush_dcache_all
                0x23e28000                disable_l2cache
                0x23e28020                enable_l2cache
                0x23e28040                set_l2cache_auxctrl
                0x23e28060                set_l2cache_auxctrl_cycle
 .text          0x23e280a0        0xc /home/lry5/workplace/webee/webee210v2_uboot/arch/arm/lib/eabi_compat.o
                0x23e280a0                raise
                0x23e280a8                __aeabi_unwind_cpp_pr0
 .text          0x23e280ac      0x20c /home/lry5/下载/opt/FriendlyARM/toolschain/4.5.1/bin/../lib/gcc/arm-none-linux-gnueabi/4.5.1/libgcc.a(_udivsi3.o)
                0x23e280ac                __udivsi3
                0x23e280ac                __aeabi_uidiv
                0x23e28298                __aeabi_uidivmod
 .text          0x23e282b8      0x240 /home/lry5/下载/opt/FriendlyARM/toolschain/4.5.1/bin/../lib/gcc/arm-none-linux-gnueabi/4.5.1/libgcc.a(_divsi3.o)
                0x23e282b8                __aeabi_idiv
                0x23e282b8                __divsi3
                0x23e284d8                __aeabi_idivmod
 .text          0x23e284f8       0x1c /home/lry5/下载/opt/FriendlyARM/toolschain/4.5.1/bin/../lib/gcc/arm-none-linux-gnueabi/4.5.1/libgcc.a(_lshrdi3.o)
                0x23e284f8                __aeabi_llsr
                0x23e284f8                __lshrdi3
 .text          0x23e28514       0x1c /home/lry5/下载/opt/FriendlyARM/toolschain/4.5.1/bin/../lib/gcc/arm-none-linux-gnueabi/4.5.1/libgcc.a(_ashrdi3.o)
                0x23e28514                __ashrdi3
                0x23e28514                __aeabi_lasr
 .text          0x23e28530       0x1c /home/lry5/下载/opt/FriendlyARM/toolschain/4.5.1/bin/../lib/gcc/arm-none-linux-gnueabi/4.5.1/libgcc.a(_ashldi3.o)
                0x23e28530                __ashldi3
                0x23e28530                __aeabi_llsl
 .text          0x23e2854c       0x10 /home/lry5/下载/opt/FriendlyARM/toolschain/4.5.1/bin/../lib/gcc/arm-none-linux-gnueabi/4.5.1/libgcc.a(_dvmd_lnx.o)
                0x23e2854c                __aeabi_ldiv0
                0x23e2854c                __aeabi_idiv0

.glue_7         0x23e2855c        0x0
 .glue_7        0x00000000        0x0 linker stubs

.glue_7t        0x23e2855c        0x0
 .glue_7t       0x00000000        0x0 linker stubs

.vfp11_veneer   0x23e2855c        0x0
 .vfp11_veneer  0x00000000        0x0 linker stubs

.v4_bx          0x23e2855c        0x0
 .v4_bx         0x00000000        0x0 linker stubs
                0x23e2855c                . = ALIGN (0x4)

.rodata         0x23e2855c     0x9d8b
 *(SORT(.rodata*))
 .rodata        0x23e2855c       0x80 arch/arm/lib/libarm.o
 .rodata        0x23e285dc      0x684 common/libcommon.o
                0x23e286b0                version_string
                0x23e28758                default_environment
                0x23e28b94                config_full
                0x23e28ba0                config_full_total
                0x23e28bc0                config_high
                0x23e28bcc                config_high_total
                0x23e28bec                qualifier_desc
                0x23e28bf8                string_desc0
                0x23e28bfc                string_desc1
                0x23e28c14                string_desc2
 .rodata        0x23e28c60       0x10 disk/libdisk.o
 .rodata        0x23e28c70       0x80 drivers/mmc/libmmc.o
 .rodata        0x23e28cf0      0x61c drivers/mtd/nand/libnand.o
                0x23e28e54                nand_flash_ids
                0x23e292bc                nand_manuf_ids
 .rodata        0x23e2930c       0x40 drivers/serial/libserial.o
 .rodata        0x23e2934c       0x18 fs/fat/libfat.o
 .rodata        0x23e29364      0x82c lib/libgeneric.o
                0x23e29364                crc7_syndrome_table
                0x23e29a6c                _ctype
                0x23e29b6c                hex_asc
 .rodata        0x23e29b90      0x9d0 lib/zlib/libz.o
                0x23e2a538                z_errmsg
 .rodata        0x23e2a560        0xe net/libnet.o
 .rodata.str1.1
                0x23e2a56e       0xd5 arch/arm/cpu/armv7/s5p-common/libs5p-common.o
                                 0xd7 (size before relaxing)
 .rodata.str1.1
                0x23e2a643       0x16 arch/arm/cpu/armv7/s5pc1xx/libs5pc1xx.o
 .rodata.str1.1
                0x23e2a659      0x39e arch/arm/lib/libarm.o
                                0x3bb (size before relaxing)
 .rodata.str1.1
                0x23e2a9f7     0x590b common/libcommon.o
                               0x5e59 (size before relaxing)
 .rodata.str1.1
                0x23e30302      0x2ba disk/libdisk.o
                                0x2db (size before relaxing)
 .rodata.str1.1
                0x23e305bc      0x1dc drivers/mmc/libmmc.o
                                0x1e8 (size before relaxing)
 .rodata.str1.1
                0x23e30798       0x50 drivers/mtd/libmtd.o
 .rodata.str1.1
                0x23e307e8      0xc8a drivers/mtd/nand/libnand.o
                                0xca2 (size before relaxing)
 .rodata.str1.1
                0x23e31472      0x20d drivers/net/libnet.o
                                0x21b (size before relaxing)
 .rodata.str1.1
                0x23e3167f      0x195 fs/fat/libfat.o
                                0x1ca (size before relaxing)
 .rodata.str1.1
                0x23e31814      0x12b lib/libgeneric.o
                                0x13d (size before relaxing)
 .rodata.str1.1
                0x23e3193f      0x21c lib/zlib/libz.o
                                0x21d (size before relaxing)
 .rodata.str1.1
                0x23e31b5b      0x75a net/libnet.o
                                0x8f3 (size before relaxing)
 .rodata.str1.1
                0x23e322b5       0x32 board/samsung/webee210/libwebee210.o(webee210.o)

.hash           0x23e322e8       0x44
 .hash          0x23e322e8       0x44 arch/arm/cpu/armv7/start.o
                0x23e3232c                . = ALIGN (0x4)

.data           0x23e3232c     0x1cf4
 *(.data)
 .data          0x23e3232c        0x0 arch/arm/cpu/armv7/start.o
 .data          0x23e3232c        0x0 arch/arm/cpu/armv7/libarmv7.o
 .data          0x23e3232c        0x8 arch/arm/cpu/armv7/s5p-common/libs5p-common.o
                0x23e3232c                s5p_cpu_id
                0x23e32330                s5p_cpu_rev
 .data          0x23e32334        0x0 arch/arm/cpu/armv7/s5pc1xx/libs5pc1xx.o
 .data          0x23e32334       0x2c arch/arm/lib/libarm.o
                0x23e32334                init_sequence
 .data          0x23e32360      0x678 common/libcommon.o
                0x23e324f0                load_addr
                0x23e32908                env_name_spec
                0x23e32994                stdio_names
                0x23e329a0                test_pkt
 .data          0x23e329d8        0x0 disk/libdisk.o
 .data          0x23e329d8        0x0 drivers/gpio/libgpio.o
 .data          0x23e329d8        0x4 drivers/mmc/libmmc.o
 .data          0x23e329dc        0x0 drivers/mtd/libmtd.o
 .data          0x23e329dc     0x1354 drivers/mtd/nand/libnand.o
                0x23e329dc                nand_curr_device
 .data          0x23e33d30        0x0 drivers/net/libnet.o
 .data          0x23e33d30        0x0 drivers/pcmcia/libpcmcia.o
 .data          0x23e33d30        0x0 drivers/rtc/librtc.o
 .data          0x23e33d30       0xc0 drivers/serial/libserial.o
                0x23e33d30                s5p_serial0_device
                0x23e33d60                s5p_serial1_device
                0x23e33d90                s5p_serial2_device
                0x23e33dc0                s5p_serial3_device
 .data          0x23e33df0      0x208 fs/fat/libfat.o
                0x23e33df4                file_cwd
 .data          0x23e33ff8        0x0 lib/libgeneric.o
 .data          0x23e33ff8        0x0 lib/zlib/libz.o
 .data          0x23e33ff8       0x28 net/libnet.o
                0x23e33ff8                NetOurVLAN
                0x23e33ffa                NetOurNativeVLAN
                0x23e33ffc                NetBcastAddr
                0x23e34018                TftpRRQTimeoutCountMax
                0x23e3401c                TftpRRQTimeoutMSecs
 .data          0x23e34020        0x0 board/samsung/webee210/libwebee210.o(webee210.o)
 .data          0x23e34020        0x0 board/samsung/webee210/libwebee210.o(lowlevel_init.o)
 .data          0x23e34020        0x0 board/samsung/webee210/libwebee210.o(mem_setup.o)
 .data          0x23e34020        0x0 /home/lry5/workplace/webee/webee210v2_uboot/arch/arm/lib/eabi_compat.o
 .data          0x23e34020        0x0 /home/lry5/下载/opt/FriendlyARM/toolschain/4.5.1/bin/../lib/gcc/arm-none-linux-gnueabi/4.5.1/libgcc.a(_udivsi3.o)
 .data          0x23e34020        0x0 /home/lry5/下载/opt/FriendlyARM/toolschain/4.5.1/bin/../lib/gcc/arm-none-linux-gnueabi/4.5.1/libgcc.a(_divsi3.o)
 .data          0x23e34020        0x0 /home/lry5/下载/opt/FriendlyARM/toolschain/4.5.1/bin/../lib/gcc/arm-none-linux-gnueabi/4.5.1/libgcc.a(_lshrdi3.o)
 .data          0x23e34020        0x0 /home/lry5/下载/opt/FriendlyARM/toolschain/4.5.1/bin/../lib/gcc/arm-none-linux-gnueabi/4.5.1/libgcc.a(_ashrdi3.o)
 .data          0x23e34020        0x0 /home/lry5/下载/opt/FriendlyARM/toolschain/4.5.1/bin/../lib/gcc/arm-none-linux-gnueabi/4.5.1/libgcc.a(_ashldi3.o)
 .data          0x23e34020        0x0 /home/lry5/下载/opt/FriendlyARM/toolschain/4.5.1/bin/../lib/gcc/arm-none-linux-gnueabi/4.5.1/libgcc.a(_dvmd_lnx.o)

.got            0x23e34020        0x0
 .got           0x00000000        0x0 arch/arm/cpu/armv7/start.o

.got.plt        0x23e34020        0xc
 .got.plt       0x23e34020        0xc arch/arm/cpu/armv7/start.o
                0x23e34020                _GLOBAL_OFFSET_TABLE_
                0x23e3402c                . = ALIGN (0x4)
                0x23e3402c                . = .
                0x23e3402c                __u_boot_cmd_start = .

.u_boot_cmd     0x23e3402c      0x618
 *(.u_boot_cmd)
 .u_boot_cmd    0x23e3402c      0x618 common/libcommon.o
                0x23e3402c                __u_boot_cmd_bdinfo
                0x23e34044                __u_boot_cmd_go
                0x23e3405c                __u_boot_cmd_reset
                0x23e34074                __u_boot_cmd_bootm
                0x23e3408c                __u_boot_cmd_boot
                0x23e340a4                __u_boot_cmd_bootd
                0x23e340bc                __u_boot_cmd_iminfo
                0x23e340d4                __u_boot_cmd_coninfo
                0x23e340ec                __u_boot_cmd_echo
                0x23e34104                __u_boot_cmd_bootelf
                0x23e3411c                __u_boot_cmd_bootvx
                0x23e34134                __u_boot_cmd_exit
                0x23e3414c                __u_boot_cmd_fatload
                0x23e34164                __u_boot_cmd_fatls
                0x23e3417c                __u_boot_cmd_fatinfo
                0x23e34194                __u_boot_cmd_flinfo
                0x23e341ac                __u_boot_cmd_erase
                0x23e341c4                __u_boot_cmd_protect
                0x23e341dc                __u_boot_cmd_help
                0x23e341f4                __u_boot_cmd_question_mark
                0x23e3420c                __u_boot_cmd_itest
                0x23e34224                __u_boot_cmd_led
                0x23e3423c                __u_boot_cmd_loads
                0x23e34254                __u_boot_cmd_loadb
                0x23e3426c                __u_boot_cmd_loady
                0x23e34284                __u_boot_cmd_md
                0x23e3429c                __u_boot_cmd_mm
                0x23e342b4                __u_boot_cmd_nm
                0x23e342cc                __u_boot_cmd_mw
                0x23e342e4                __u_boot_cmd_cp
                0x23e342fc                __u_boot_cmd_cmp
                0x23e34314                __u_boot_cmd_crc32
                0x23e3432c                __u_boot_cmd_base
                0x23e34344                __u_boot_cmd_loop
                0x23e3435c                __u_boot_cmd_mtest
                0x23e34374                __u_boot_cmd_menu
                0x23e3438c                __u_boot_cmd_sleep
                0x23e343a4                __u_boot_cmd_mmcinfo
                0x23e343bc                __u_boot_cmd_mmc
                0x23e343d4                __u_boot_cmd_chpart
                0x23e343ec                __u_boot_cmd_mtdparts
                0x23e34404                __u_boot_cmd_nand
                0x23e3441c                __u_boot_cmd_nboot
                0x23e34434                __u_boot_cmd_bootp
                0x23e3444c                __u_boot_cmd_tftpboot
                0x23e34464                __u_boot_cmd_dhcp
                0x23e3447c                __u_boot_cmd_nfs
                0x23e34494                __u_boot_cmd_ping
                0x23e344ac                __u_boot_cmd_saveenv
                0x23e344c4                __u_boot_cmd_env
                0x23e344dc                __u_boot_cmd_editenv
                0x23e344f4                __u_boot_cmd_printenv
                0x23e3450c                __u_boot_cmd_setenv
                0x23e34524                __u_boot_cmd_run
                0x23e3453c                __u_boot_cmd_sound
                0x23e34554                __u_boot_cmd_source
                0x23e3456c                __u_boot_cmd_test
                0x23e34584                __u_boot_cmd_false
                0x23e3459c                __u_boot_cmd_true
                0x23e345b4                __u_boot_cmd_uart3
                0x23e345cc                __u_boot_cmd_dnw
                0x23e345e4                __u_boot_cmd_version
                0x23e345fc                __u_boot_cmd_lcd
                0x23e34614                __u_boot_cmd_imxtract
                0x23e3462c                __u_boot_cmd_showvar
                0x23e34644                __u_boot_cmd_end = .
                0x23e34644                . = ALIGN (0x4)
                0x23e34644                __image_copy_end = .

.rel.dyn        0x23e34644     0x5968
                0x23e34644                __rel_dyn_start = .
 *(.rel*)
 .rel.got       0x00000000        0x0 arch/arm/cpu/armv7/start.o
 .rel.plt       0x00000000        0x0 arch/arm/cpu/armv7/start.o
 .rel.text      0x23e34644     0x3eb0 arch/arm/cpu/armv7/start.o
 .rel.rodata    0x23e384f4      0x720 arch/arm/cpu/armv7/start.o
 .rel.data      0x23e38c14      0xb88 arch/arm/cpu/armv7/start.o
 .rel.u_boot_cmd
                0x23e3979c      0x810 arch/arm/cpu/armv7/start.o
                0x23e39fac                __rel_dyn_end = .

.dynsym         0x23e39fac       0xc0
                0x23e39fac                __dynsym_start = .
 *(.dynsym)
 .dynsym        0x23e39fac       0xc0 arch/arm/cpu/armv7/start.o
                0x23e3a06c                _end = .

.bss            0x23e34644    0x35960
                0x23e34644                __bss_start = .
 *(.bss)
 .bss           0x23e34644        0x0 arch/arm/cpu/armv7/start.o
 .bss           0x23e34644        0x0 arch/arm/cpu/armv7/libarmv7.o
 .bss           0x23e34644        0x0 arch/arm/cpu/armv7/s5p-common/libs5p-common.o
 .bss           0x23e34644        0x0 arch/arm/cpu/armv7/s5pc1xx/libs5pc1xx.o
 .bss           0x23e34644        0x8 arch/arm/lib/libarm.o
                0x23e34644                monitor_flash_len
 *fill*         0x23e3464c        0x4 00
 .bss           0x23e34650     0x21c4 common/libcommon.o
                0x23e34788                his_pad_count
                0x23e3478c                his_pad_char
                0x23e347a8                his_eol
                0x23e347b0                os_data_init
                0x23e347c0                os_data_char
                0x23e347c4                his_quote
                0x23e347c8                send_ptr
                0x23e347cc                send_parms
                0x23e347f4                current_mtd_dev
                0x23e347f8                devices
                0x23e34800                current_mtd_partnum
                0x23e34a14                mtdids
                0x23e34ab0                mem_malloc_brk
                0x23e34ab4                mem_malloc_start
                0x23e34ab8                mem_malloc_end
                0x23e34af4                env_htab
                0x23e34b00                env_ptr
                0x23e34c50                last_return_code
                0x23e34d58                nesting_level
                0x23e34d68                hist_num
                0x23e34d6c                hist_lines
                0x23e36180                hist_list
                0x23e361d0                console_buffer
                0x23e36318                stdio_devices
                0x23e36324                otg
                0x23e363a8                speed
                0x23e363ac                remode_wakeup
                0x23e363b0                get_status
                0x23e363b6                config_value
                0x23e363b8                get_intf
                0x23e363bc                s3c_usbd_dn_addr
                0x23e363c0                usb_download_filesize
                0x23e363c4                s3c_usbd_dn_cnt
                0x23e363c8                s3c_receive_done
                0x23e363cc                op_mode
                0x23e363d0                s3c_got_header
                0x23e363d4                DNW
 .bss           0x23e36814        0x0 disk/libdisk.o
 .bss           0x23e36814        0x0 drivers/gpio/libgpio.o
 *fill*         0x23e36814        0x4 00
 .bss           0x23e36818      0x4c8 drivers/mmc/libmmc.o
                0x23e36820                mmc_dev
                0x23e36ca0                mmc_host
 .bss           0x23e36ce0       0x80 drivers/mtd/libmtd.o
                0x23e36ce0                mtd_table
 .bss           0x23e36d60      0x1d8 drivers/mtd/nand/libnand.o
                0x23e36d60                nand_info
                0x23e36f30                nand_type
                0x23e36f34                cur_ecc_mode
 .bss           0x23e36f38       0xe4 drivers/net/libnet.o
 .bss           0x23e3701c        0x0 drivers/pcmcia/libpcmcia.o
 .bss           0x23e3701c        0x0 drivers/rtc/librtc.o
 .bss           0x23e3701c        0x0 drivers/serial/libserial.o
 .bss           0x23e3701c    0x30008 fs/fat/libfat.o
                0x23e37024                get_vfatname_block
                0x23e47024                do_fat_read_block
                0x23e57024                get_dentfromdir_block
 .bss           0x23e67024        0x8 lib/libgeneric.o
                0x23e67024                errno
                0x23e67028                ___strtok
 .bss           0x23e6702c        0x0 lib/zlib/libz.o
 .bss           0x23e6702c     0x2f74 net/libnet.o
                0x23e6702c                dhcp_leasetime
                0x23e67030                NetDHCPServerIP
                0x23e67034                BootpID
                0x23e67038                dhcp_state
                0x23e6703c                BootpTry
                0x23e67054                NetState
                0x23e67058                NetPingIP
                0x23e67074                NetRestartWrap
                0x23e6707c                NetOurEther
                0x23e67084                NetRxPacket
                0x23e67088                NetRxPacketLen
                0x23e6708c                NetOurIP
                0x23e67090                NetArpWaitPacketIP
                0x23e67094                NetArpWaitPacketMAC
                0x23e67098                NetArpWaitReplyIP
                0x23e6709c                NetArpWaitTxPacket
                0x23e670a0                NetArpWaitTxPacketSize
                0x23e670a4                NetTxPacket
                0x23e670a8                NetOurSubnetMask
                0x23e670ac                NetOurGatewayIP
                0x23e670b0                NetArpWaitTimerStart
                0x23e670b4                NetArpWaitTry
                0x23e670c0                NetEtherNullAddr
                0x23e670c8                NetIPID
                0x23e670d0                PktBuf
                0x23e68ef0                NetRxPackets
                0x23e68f00                NetArpWaitPacketBuf
                0x23e69524                NetServerIP
                0x23e69528                NetBootFileXferSize
                0x23e6952c                NetOurNISDomain
                0x23e6954c                NetOurHostName
                0x23e6956c                NetOurRootPath
                0x23e695ac                NetOurDNSIP
                0x23e695b0                NetBootFileSize
                0x23e695b4                NetServerEther
                0x23e695bc                BootFile
 .bss           0x23e69fa0        0x4 board/samsung/webee210/libwebee210.o(webee210.o)
 .bss           0x23e69fa4        0x0 board/samsung/webee210/libwebee210.o(lowlevel_init.o)
 .bss           0x23e69fa4        0x0 board/samsung/webee210/libwebee210.o(mem_setup.o)
 .bss           0x23e69fa4        0x0 /home/lry5/workplace/webee/webee210v2_uboot/arch/arm/lib/eabi_compat.o
 .bss           0x23e69fa4        0x0 /home/lry5/下载/opt/FriendlyARM/toolschain/4.5.1/bin/../lib/gcc/arm-none-linux-gnueabi/4.5.1/libgcc.a(_udivsi3.o)
 .bss           0x23e69fa4        0x0 /home/lry5/下载/opt/FriendlyARM/toolschain/4.5.1/bin/../lib/gcc/arm-none-linux-gnueabi/4.5.1/libgcc.a(_divsi3.o)
 .bss           0x23e69fa4        0x0 /home/lry5/下载/opt/FriendlyARM/toolschain/4.5.1/bin/../lib/gcc/arm-none-linux-gnueabi/4.5.1/libgcc.a(_lshrdi3.o)
 .bss           0x23e69fa4        0x0 /home/lry5/下载/opt/FriendlyARM/toolschain/4.5.1/bin/../lib/gcc/arm-none-linux-gnueabi/4.5.1/libgcc.a(_ashrdi3.o)
 .bss           0x23e69fa4        0x0 /home/lry5/下载/opt/FriendlyARM/toolschain/4.5.1/bin/../lib/gcc/arm-none-linux-gnueabi/4.5.1/libgcc.a(_ashldi3.o)
 .bss           0x23e69fa4        0x0 /home/lry5/下载/opt/FriendlyARM/toolschain/4.5.1/bin/../lib/gcc/arm-none-linux-gnueabi/4.5.1/libgcc.a(_dvmd_lnx.o)
                0x23e69fa4                . = ALIGN (0x4)
                0x23e69fa4                __bss_end__ = .

.dynbss         0x23e69fa4        0x0
 .dynbss        0x00000000        0x0 arch/arm/cpu/armv7/start.o

/DISCARD/
 *(.dynstr*)
 *(.dynamic*)
 *(.plt*)
 *(.interp*)
 *(.gnu*)
Address of section .text set to 0x23e00000
LOAD arch/arm/cpu/armv7/start.o
START GROUP
LOAD api/libapi.o
LOAD arch/arm/cpu/armv7/libarmv7.o
LOAD arch/arm/cpu/armv7/s5p-common/libs5p-common.o
LOAD arch/arm/cpu/armv7/s5pc1xx/libs5pc1xx.o
LOAD arch/arm/lib/libarm.o
LOAD common/libcommon.o
LOAD disk/libdisk.o
LOAD drivers/bios_emulator/libatibiosemu.o
LOAD drivers/block/libblock.o
LOAD drivers/dma/libdma.o
LOAD drivers/fpga/libfpga.o
LOAD drivers/gpio/libgpio.o
LOAD drivers/hwmon/libhwmon.o
LOAD drivers/i2c/libi2c.o
LOAD drivers/input/libinput.o
LOAD drivers/misc/libmisc.o
LOAD drivers/mmc/libmmc.o
LOAD drivers/mtd/libmtd.o
LOAD drivers/mtd/nand/libnand.o
LOAD drivers/mtd/onenand/libonenand.o
LOAD drivers/mtd/spi/libspi_flash.o
LOAD drivers/mtd/ubi/libubi.o
LOAD drivers/net/libnet.o
LOAD drivers/net/phy/libphy.o
LOAD drivers/pci/libpci.o
LOAD drivers/pcmcia/libpcmcia.o
LOAD drivers/power/libpower.o
LOAD drivers/rtc/librtc.o
LOAD drivers/serial/libserial.o
LOAD drivers/spi/libspi.o
LOAD drivers/twserial/libtws.o
LOAD drivers/usb/eth/libusb_eth.o
LOAD drivers/usb/gadget/libusb_gadget.o
LOAD drivers/usb/host/libusb_host.o
LOAD drivers/usb/musb/libusb_musb.o
LOAD drivers/usb/phy/libusb_phy.o
LOAD drivers/video/libvideo.o
LOAD drivers/watchdog/libwatchdog.o
LOAD fs/cramfs/libcramfs.o
LOAD fs/ext2/libext2fs.o
LOAD fs/fat/libfat.o
LOAD fs/fdos/libfdos.o
LOAD fs/jffs2/libjffs2.o
LOAD fs/reiserfs/libreiserfs.o
LOAD fs/ubifs/libubifs.o
LOAD fs/yaffs2/libyaffs2.o
LOAD lib/libfdt/libfdt.o
LOAD lib/libgeneric.o
LOAD lib/lzma/liblzma.o
LOAD lib/lzo/liblzo.o
LOAD lib/zlib/libz.o
LOAD net/libnet.o
LOAD post/libpost.o
LOAD board/samsung/webee210/libwebee210.o
END GROUP
LOAD /home/lry5/workplace/webee/webee210v2_uboot/arch/arm/lib/eabi_compat.o
LOAD /home/lry5/下载/opt/FriendlyARM/toolschain/4.5.1/bin/../lib/gcc/arm-none-linux-gnueabi/4.5.1/libgcc.a
OUTPUT(u-boot elf32-littlearm)

.ARM.attributes
                0x00000000       0x32
 .ARM.attributes
                0x00000000       0x19 arch/arm/cpu/armv7/start.o
 .ARM.attributes
                0x00000019       0x29 arch/arm/cpu/armv7/libarmv7.o
 .ARM.attributes
                0x00000042       0x29 arch/arm/cpu/armv7/s5p-common/libs5p-common.o
 .ARM.attributes
                0x0000006b       0x29 arch/arm/cpu/armv7/s5pc1xx/libs5pc1xx.o
 .ARM.attributes
                0x00000094       0x29 arch/arm/lib/libarm.o
 .ARM.attributes
                0x000000bd       0x29 common/libcommon.o
 .ARM.attributes
                0x000000e6       0x29 disk/libdisk.o
 .ARM.attributes
                0x0000010f       0x29 drivers/gpio/libgpio.o
 .ARM.attributes
                0x00000138       0x29 drivers/mmc/libmmc.o
 .ARM.attributes
                0x00000161       0x29 drivers/mtd/libmtd.o
 .ARM.attributes
                0x0000018a       0x29 drivers/mtd/nand/libnand.o
 .ARM.attributes
                0x000001b3       0x29 drivers/net/libnet.o
 .ARM.attributes
                0x000001dc       0x27 drivers/pcmcia/libpcmcia.o
 .ARM.attributes
                0x00000203       0x27 drivers/rtc/librtc.o
 .ARM.attributes
                0x0000022a       0x29 drivers/serial/libserial.o
 .ARM.attributes
                0x00000253       0x29 fs/fat/libfat.o
 .ARM.attributes
                0x0000027c       0x29 lib/libgeneric.o
 .ARM.attributes
                0x000002a5       0x29 lib/zlib/libz.o
 .ARM.attributes
                0x000002ce       0x29 net/libnet.o
 .ARM.attributes
                0x000002f7       0x29 board/samsung/webee210/libwebee210.o(webee210.o)
 .ARM.attributes
                0x00000320       0x19 board/samsung/webee210/libwebee210.o(lowlevel_init.o)
 .ARM.attributes
                0x00000339       0x19 board/samsung/webee210/libwebee210.o(mem_setup.o)
 .ARM.attributes
                0x00000352       0x29 /home/lry5/workplace/webee/webee210v2_uboot/arch/arm/lib/eabi_compat.o
 .ARM.attributes
                0x0000037b       0x28 /home/lry5/下载/opt/FriendlyARM/toolschain/4.5.1/bin/../lib/gcc/arm-none-linux-gnueabi/4.5.1/libgcc.a(_udivsi3.o)
 .ARM.attributes
                0x000003a3       0x28 /home/lry5/下载/opt/FriendlyARM/toolschain/4.5.1/bin/../lib/gcc/arm-none-linux-gnueabi/4.5.1/libgcc.a(_divsi3.o)
 .ARM.attributes
                0x000003cb       0x28 /home/lry5/下载/opt/FriendlyARM/toolschain/4.5.1/bin/../lib/gcc/arm-none-linux-gnueabi/4.5.1/libgcc.a(_lshrdi3.o)
 .ARM.attributes
                0x000003f3       0x28 /home/lry5/下载/opt/FriendlyARM/toolschain/4.5.1/bin/../lib/gcc/arm-none-linux-gnueabi/4.5.1/libgcc.a(_ashrdi3.o)
 .ARM.attributes
                0x0000041b       0x28 /home/lry5/下载/opt/FriendlyARM/toolschain/4.5.1/bin/../lib/gcc/arm-none-linux-gnueabi/4.5.1/libgcc.a(_ashldi3.o)
 .ARM.attributes
                0x00000443       0x28 /home/lry5/下载/opt/FriendlyARM/toolschain/4.5.1/bin/../lib/gcc/arm-none-linux-gnueabi/4.5.1/libgcc.a(_dvmd_lnx.o)

.note.GNU-stack
                0x00000000        0x0
 .note.GNU-stack
                0x00000000        0x0 arch/arm/cpu/armv7/libarmv7.o
 .note.GNU-stack
                0x00000000        0x0 arch/arm/cpu/armv7/s5p-common/libs5p-common.o
 .note.GNU-stack
                0x00000000        0x0 arch/arm/cpu/armv7/s5pc1xx/libs5pc1xx.o
 .note.GNU-stack
                0x00000000        0x0 arch/arm/lib/libarm.o
 .note.GNU-stack
                0x00000000        0x0 common/libcommon.o
 .note.GNU-stack
                0x00000000        0x0 disk/libdisk.o
 .note.GNU-stack
                0x00000000        0x0 drivers/gpio/libgpio.o
 .note.GNU-stack
                0x00000000        0x0 drivers/mmc/libmmc.o
 .note.GNU-stack
                0x00000000        0x0 drivers/mtd/libmtd.o
 .note.GNU-stack
                0x00000000        0x0 drivers/mtd/nand/libnand.o
 .note.GNU-stack
                0x00000000        0x0 drivers/net/libnet.o
 .note.GNU-stack
                0x00000000        0x0 drivers/pcmcia/libpcmcia.o
 .note.GNU-stack
                0x00000000        0x0 drivers/rtc/librtc.o
 .note.GNU-stack
                0x00000000        0x0 drivers/serial/libserial.o
 .note.GNU-stack
                0x00000000        0x0 fs/fat/libfat.o
 .note.GNU-stack
                0x00000000        0x0 lib/libgeneric.o
 .note.GNU-stack
                0x00000000        0x0 lib/zlib/libz.o
 .note.GNU-stack
                0x00000000        0x0 net/libnet.o
 .note.GNU-stack
                0x00000000        0x0 board/samsung/webee210/libwebee210.o(webee210.o)
 .note.GNU-stack
                0x00000000        0x0 /home/lry5/workplace/webee/webee210v2_uboot/arch/arm/lib/eabi_compat.o
 .note.GNU-stack
                0x00000000        0x0 /home/lry5/下载/opt/FriendlyARM/toolschain/4.5.1/bin/../lib/gcc/arm-none-linux-gnueabi/4.5.1/libgcc.a(_udivsi3.o)
 .note.GNU-stack
                0x00000000        0x0 /home/lry5/下载/opt/FriendlyARM/toolschain/4.5.1/bin/../lib/gcc/arm-none-linux-gnueabi/4.5.1/libgcc.a(_divsi3.o)
 .note.GNU-stack
                0x00000000        0x0 /home/lry5/下载/opt/FriendlyARM/toolschain/4.5.1/bin/../lib/gcc/arm-none-linux-gnueabi/4.5.1/libgcc.a(_lshrdi3.o)
 .note.GNU-stack
                0x00000000        0x0 /home/lry5/下载/opt/FriendlyARM/toolschain/4.5.1/bin/../lib/gcc/arm-none-linux-gnueabi/4.5.1/libgcc.a(_ashrdi3.o)
 .note.GNU-stack
                0x00000000        0x0 /home/lry5/下载/opt/FriendlyARM/toolschain/4.5.1/bin/../lib/gcc/arm-none-linux-gnueabi/4.5.1/libgcc.a(_ashldi3.o)
 .note.GNU-stack
                0x00000000        0x0 /home/lry5/下载/opt/FriendlyARM/toolschain/4.5.1/bin/../lib/gcc/arm-none-linux-gnueabi/4.5.1/libgcc.a(_dvmd_lnx.o)

.comment        0x00000000       0x1b
 .comment       0x00000000       0x1b arch/arm/cpu/armv7/libarmv7.o
                                 0x54 (size before relaxing)
 .comment       0x00000000       0x70 arch/arm/cpu/armv7/s5p-common/libs5p-common.o
 .comment       0x00000000       0x1c arch/arm/cpu/armv7/s5pc1xx/libs5pc1xx.o
 .comment       0x00000000       0xa8 arch/arm/lib/libarm.o
 .comment       0x00000000      0x524 common/libcommon.o
 .comment       0x00000000       0x38 disk/libdisk.o
 .comment       0x00000000       0x1c drivers/gpio/libgpio.o
 .comment       0x00000000       0x38 drivers/mmc/libmmc.o
 .comment       0x00000000       0x1c drivers/mtd/libmtd.o
 .comment       0x00000000       0xc4 drivers/mtd/nand/libnand.o
 .comment       0x00000000       0x1c drivers/net/libnet.o
 .comment       0x00000000       0x38 drivers/pcmcia/libpcmcia.o
 .comment       0x00000000       0x1c drivers/rtc/librtc.o
 .comment       0x00000000       0x1c drivers/serial/libserial.o
 .comment       0x00000000       0x38 fs/fat/libfat.o
 .comment       0x00000000      0x1dc lib/libgeneric.o
 .comment       0x00000000       0x1c lib/zlib/libz.o
 .comment       0x00000000       0x8c net/libnet.o
 .comment       0x00000000       0x1c board/samsung/webee210/libwebee210.o(webee210.o)
 .comment       0x00000000       0x1c /home/lry5/workplace/webee/webee210v2_uboot/arch/arm/lib/eabi_compat.o

.debug_line     0x00000000    0x1092f
 .debug_line    0x00000000       0xea arch/arm/cpu/armv7/start.o
 .debug_line    0x000000ea      0x281 arch/arm/cpu/armv7/libarmv7.o
 .debug_line    0x0000036b      0x483 arch/arm/cpu/armv7/s5p-common/libs5p-common.o
 .debug_line    0x000007ee      0x25d arch/arm/cpu/armv7/s5pc1xx/libs5pc1xx.o
 .debug_line    0x00000a4b      0x909 arch/arm/lib/libarm.o
 .debug_line    0x00001354     0x7158 common/libcommon.o
 .debug_line    0x000084ac      0x402 disk/libdisk.o
 .debug_line    0x000088ae      0x168 drivers/gpio/libgpio.o
 .debug_line    0x00008a16      0x9b2 drivers/mmc/libmmc.o
 .debug_line    0x000093c8      0x221 drivers/mtd/libmtd.o
 .debug_line    0x000095e9     0x215c drivers/mtd/nand/libnand.o
 .debug_line    0x0000b745      0x422 drivers/net/libnet.o
 .debug_line    0x0000bb67       0xc6 drivers/pcmcia/libpcmcia.o
 .debug_line    0x0000bc2d       0x63 drivers/rtc/librtc.o
 .debug_line    0x0000bc90      0x244 drivers/serial/libserial.o
 .debug_line    0x0000bed4      0x76f fs/fat/libfat.o
 .debug_line    0x0000c643     0x1c59 lib/libgeneric.o
 .debug_line    0x0000e29c      0xaa8 lib/zlib/libz.o
 .debug_line    0x0000ed44     0x138d net/libnet.o
 .debug_line    0x000100d1      0x1ff board/samsung/webee210/libwebee210.o(webee210.o)
 .debug_line    0x000102d0      0x12e board/samsung/webee210/libwebee210.o(lowlevel_init.o)
 .debug_line    0x000103fe      0x15f board/samsung/webee210/libwebee210.o(mem_setup.o)
 .debug_line    0x0001055d       0x86 /home/lry5/workplace/webee/webee210v2_uboot/arch/arm/lib/eabi_compat.o
 .debug_line    0x000105e3       0x9e /home/lry5/下载/opt/FriendlyARM/toolschain/4.5.1/bin/../lib/gcc/arm-none-linux-gnueabi/4.5.1/libgcc.a(_udivsi3.o)
 .debug_line    0x00010681       0xaa /home/lry5/下载/opt/FriendlyARM/toolschain/4.5.1/bin/../lib/gcc/arm-none-linux-gnueabi/4.5.1/libgcc.a(_divsi3.o)
 .debug_line    0x0001072b       0x81 /home/lry5/下载/opt/FriendlyARM/toolschain/4.5.1/bin/../lib/gcc/arm-none-linux-gnueabi/4.5.1/libgcc.a(_lshrdi3.o)
 .debug_line    0x000107ac       0x81 /home/lry5/下载/opt/FriendlyARM/toolschain/4.5.1/bin/../lib/gcc/arm-none-linux-gnueabi/4.5.1/libgcc.a(_ashrdi3.o)
 .debug_line    0x0001082d       0x81 /home/lry5/下载/opt/FriendlyARM/toolschain/4.5.1/bin/../lib/gcc/arm-none-linux-gnueabi/4.5.1/libgcc.a(_ashldi3.o)
 .debug_line    0x000108ae       0x81 /home/lry5/下载/opt/FriendlyARM/toolschain/4.5.1/bin/../lib/gcc/arm-none-linux-gnueabi/4.5.1/libgcc.a(_dvmd_lnx.o)

.debug_info     0x00000000    0x3b1ab
 .debug_info    0x00000000       0x6f arch/arm/cpu/armv7/start.o
 .debug_info    0x0000006f      0x533 arch/arm/cpu/armv7/libarmv7.o
 .debug_info    0x000005a2      0xf13 arch/arm/cpu/armv7/s5p-common/libs5p-common.o
 .debug_info    0x000014b5      0xe07 arch/arm/cpu/armv7/s5pc1xx/libs5pc1xx.o
 .debug_info    0x000022bc     0x203b arch/arm/lib/libarm.o
 .debug_info    0x000042f7    0x18a47 common/libcommon.o
 .debug_info    0x0001cd3e      0xef6 disk/libdisk.o
 .debug_info    0x0001dc34      0x803 drivers/gpio/libgpio.o
 .debug_info    0x0001e437     0x2ef9 drivers/mmc/libmmc.o
 .debug_info    0x00021330      0x9ce drivers/mtd/libmtd.o
 .debug_info    0x00021cfe     0xb533 drivers/mtd/nand/libnand.o
 .debug_info    0x0002d231     0x1968 drivers/net/libnet.o
 .debug_info    0x0002eb99      0x11a drivers/pcmcia/libpcmcia.o
 .debug_info    0x0002ecb3       0x8d drivers/rtc/librtc.o
 .debug_info    0x0002ed40      0xd45 drivers/serial/libserial.o
 .debug_info    0x0002fa85     0x16f9 fs/fat/libfat.o
 .debug_info    0x0003117e     0x3a44 lib/libgeneric.o
 .debug_info    0x00034bc2     0x103f lib/zlib/libz.o
 .debug_info    0x00035c01     0x433a net/libnet.o
 .debug_info    0x00039f3b      0xbe3 board/samsung/webee210/libwebee210.o(webee210.o)
 .debug_info    0x0003ab1e       0x7b board/samsung/webee210/libwebee210.o(lowlevel_init.o)
 .debug_info    0x0003ab99       0x77 board/samsung/webee210/libwebee210.o(mem_setup.o)
 .debug_info    0x0003ac10       0xcd /home/lry5/workplace/webee/webee210v2_uboot/arch/arm/lib/eabi_compat.o
 .debug_info    0x0003acdd       0xcd /home/lry5/下载/opt/FriendlyARM/toolschain/4.5.1/bin/../lib/gcc/arm-none-linux-gnueabi/4.5.1/libgcc.a(_udivsi3.o)
 .debug_info    0x0003adaa       0xcd /home/lry5/下载/opt/FriendlyARM/toolschain/4.5.1/bin/../lib/gcc/arm-none-linux-gnueabi/4.5.1/libgcc.a(_divsi3.o)
 .debug_info    0x0003ae77       0xcd /home/lry5/下载/opt/FriendlyARM/toolschain/4.5.1/bin/../lib/gcc/arm-none-linux-gnueabi/4.5.1/libgcc.a(_lshrdi3.o)
 .debug_info    0x0003af44       0xcd /home/lry5/下载/opt/FriendlyARM/toolschain/4.5.1/bin/../lib/gcc/arm-none-linux-gnueabi/4.5.1/libgcc.a(_ashrdi3.o)
 .debug_info    0x0003b011       0xcd /home/lry5/下载/opt/FriendlyARM/toolschain/4.5.1/bin/../lib/gcc/arm-none-linux-gnueabi/4.5.1/libgcc.a(_ashldi3.o)
 .debug_info    0x0003b0de       0xcd /home/lry5/下载/opt/FriendlyARM/toolschain/4.5.1/bin/../lib/gcc/arm-none-linux-gnueabi/4.5.1/libgcc.a(_dvmd_lnx.o)

.debug_abbrev   0x00000000     0xca08
 .debug_abbrev  0x00000000       0x14 arch/arm/cpu/armv7/start.o
 .debug_abbrev  0x00000014      0x1fd arch/arm/cpu/armv7/libarmv7.o
 .debug_abbrev  0x00000211      0x5e9 arch/arm/cpu/armv7/s5p-common/libs5p-common.o
 .debug_abbrev  0x000007fa      0x2bb arch/arm/cpu/armv7/s5pc1xx/libs5pc1xx.o
 .debug_abbrev  0x00000ab5      0x9ed arch/arm/lib/libarm.o
 .debug_abbrev  0x000014a2     0x5827 common/libcommon.o
 .debug_abbrev  0x00006cc9      0x44d disk/libdisk.o
 .debug_abbrev  0x00007116      0x240 drivers/gpio/libgpio.o
 .debug_abbrev  0x00007356      0x906 drivers/mmc/libmmc.o
 .debug_abbrev  0x00007c5c      0x1b7 drivers/mtd/libmtd.o
 .debug_abbrev  0x00007e13     0x13f5 drivers/mtd/nand/libnand.o
 .debug_abbrev  0x00009208      0x347 drivers/net/libnet.o
 .debug_abbrev  0x0000954f       0x76 drivers/pcmcia/libpcmcia.o
 .debug_abbrev  0x000095c5       0x3b drivers/rtc/librtc.o
 .debug_abbrev  0x00009600      0x329 drivers/serial/libserial.o
 .debug_abbrev  0x00009929      0x4f8 fs/fat/libfat.o
 .debug_abbrev  0x00009e21     0x1418 lib/libgeneric.o
 .debug_abbrev  0x0000b239      0x35c lib/zlib/libz.o
 .debug_abbrev  0x0000b595     0x1078 net/libnet.o
 .debug_abbrev  0x0000c60d      0x2e3 board/samsung/webee210/libwebee210.o(webee210.o)
 .debug_abbrev  0x0000c8f0       0x14 board/samsung/webee210/libwebee210.o(lowlevel_init.o)
 .debug_abbrev  0x0000c904       0x14 board/samsung/webee210/libwebee210.o(mem_setup.o)
 .debug_abbrev  0x0000c918       0x78 /home/lry5/workplace/webee/webee210v2_uboot/arch/arm/lib/eabi_compat.o
 .debug_abbrev  0x0000c990       0x14 /home/lry5/下载/opt/FriendlyARM/toolschain/4.5.1/bin/../lib/gcc/arm-none-linux-gnueabi/4.5.1/libgcc.a(_udivsi3.o)
 .debug_abbrev  0x0000c9a4       0x14 /home/lry5/下载/opt/FriendlyARM/toolschain/4.5.1/bin/../lib/gcc/arm-none-linux-gnueabi/4.5.1/libgcc.a(_divsi3.o)
 .debug_abbrev  0x0000c9b8       0x14 /home/lry5/下载/opt/FriendlyARM/toolschain/4.5.1/bin/../lib/gcc/arm-none-linux-gnueabi/4.5.1/libgcc.a(_lshrdi3.o)
 .debug_abbrev  0x0000c9cc       0x14 /home/lry5/下载/opt/FriendlyARM/toolschain/4.5.1/bin/../lib/gcc/arm-none-linux-gnueabi/4.5.1/libgcc.a(_ashrdi3.o)
 .debug_abbrev  0x0000c9e0       0x14 /home/lry5/下载/opt/FriendlyARM/toolschain/4.5.1/bin/../lib/gcc/arm-none-linux-gnueabi/4.5.1/libgcc.a(_ashldi3.o)
 .debug_abbrev  0x0000c9f4       0x14 /home/lry5/下载/opt/FriendlyARM/toolschain/4.5.1/bin/../lib/gcc/arm-none-linux-gnueabi/4.5.1/libgcc.a(_dvmd_lnx.o)

.debug_aranges  0x00000000      0xd80
 .debug_aranges
                0x00000000       0x20 arch/arm/cpu/armv7/start.o
 .debug_aranges
                0x00000020       0x60 arch/arm/cpu/armv7/libarmv7.o
 .debug_aranges
                0x00000080       0x80 arch/arm/cpu/armv7/s5p-common/libs5p-common.o
 .debug_aranges
                0x00000100       0x60 arch/arm/cpu/armv7/s5pc1xx/libs5pc1xx.o
 .debug_aranges
                0x00000160       0xc0 arch/arm/lib/libarm.o
 .debug_aranges
                0x00000220      0x580 common/libcommon.o
 .debug_aranges
                0x000007a0       0x40 disk/libdisk.o
 .debug_aranges
                0x000007e0       0x20 drivers/gpio/libgpio.o
 .debug_aranges
                0x00000800       0x40 drivers/mmc/libmmc.o
 .debug_aranges
                0x00000840       0x20 drivers/mtd/libmtd.o
 .debug_aranges
                0x00000860       0xc0 drivers/mtd/nand/libnand.o
 .debug_aranges
                0x00000920       0x20 drivers/net/libnet.o
 .debug_aranges
                0x00000940       0x20 drivers/serial/libserial.o
 .debug_aranges
                0x00000960       0x40 fs/fat/libfat.o
 .debug_aranges
                0x000009a0      0x1e0 lib/libgeneric.o
 .debug_aranges
                0x00000b80       0x20 lib/zlib/libz.o
 .debug_aranges
                0x00000ba0       0xa0 net/libnet.o
 .debug_aranges
                0x00000c40       0x20 board/samsung/webee210/libwebee210.o(webee210.o)
 .debug_aranges
                0x00000c60       0x20 board/samsung/webee210/libwebee210.o(lowlevel_init.o)
 .debug_aranges
                0x00000c80       0x20 board/samsung/webee210/libwebee210.o(mem_setup.o)
 .debug_aranges
                0x00000ca0       0x20 /home/lry5/workplace/webee/webee210v2_uboot/arch/arm/lib/eabi_compat.o
 .debug_aranges
                0x00000cc0       0x20 /home/lry5/下载/opt/FriendlyARM/toolschain/4.5.1/bin/../lib/gcc/arm-none-linux-gnueabi/4.5.1/libgcc.a(_udivsi3.o)
 .debug_aranges
                0x00000ce0       0x20 /home/lry5/下载/opt/FriendlyARM/toolschain/4.5.1/bin/../lib/gcc/arm-none-linux-gnueabi/4.5.1/libgcc.a(_divsi3.o)
 .debug_aranges
                0x00000d00       0x20 /home/lry5/下载/opt/FriendlyARM/toolschain/4.5.1/bin/../lib/gcc/arm-none-linux-gnueabi/4.5.1/libgcc.a(_lshrdi3.o)
 .debug_aranges
                0x00000d20       0x20 /home/lry5/下载/opt/FriendlyARM/toolschain/4.5.1/bin/../lib/gcc/arm-none-linux-gnueabi/4.5.1/libgcc.a(_ashrdi3.o)
 .debug_aranges
                0x00000d40       0x20 /home/lry5/下载/opt/FriendlyARM/toolschain/4.5.1/bin/../lib/gcc/arm-none-linux-gnueabi/4.5.1/libgcc.a(_ashldi3.o)
 .debug_aranges
                0x00000d60       0x20 /home/lry5/下载/opt/FriendlyARM/toolschain/4.5.1/bin/../lib/gcc/arm-none-linux-gnueabi/4.5.1/libgcc.a(_dvmd_lnx.o)

.debug_pubnames
                0x00000000     0x4109
 .debug_pubnames
                0x00000000      0x1ef arch/arm/cpu/armv7/libarmv7.o
 .debug_pubnames
                0x000001ef      0x168 arch/arm/cpu/armv7/s5p-common/libs5p-common.o
 .debug_pubnames
                0x00000357       0x63 arch/arm/cpu/armv7/s5pc1xx/libs5pc1xx.o
 .debug_pubnames
                0x000003ba      0x394 arch/arm/lib/libarm.o
 .debug_pubnames
                0x0000074e     0x206d common/libcommon.o
 .debug_pubnames
                0x000027bb       0xb9 disk/libdisk.o
 .debug_pubnames
                0x00002874      0x166 drivers/gpio/libgpio.o
 .debug_pubnames
                0x000029da      0x230 drivers/mmc/libmmc.o
 .debug_pubnames
                0x00002c0a       0x82 drivers/mtd/libmtd.o
 .debug_pubnames
                0x00002c8c      0x309 drivers/mtd/nand/libnand.o
 .debug_pubnames
                0x00002f95       0x28 drivers/net/libnet.o
 .debug_pubnames
                0x00002fbd      0x30a drivers/serial/libserial.o
 .debug_pubnames
                0x000032c7      0x123 fs/fat/libfat.o
 .debug_pubnames
                0x000033ea      0x547 lib/libgeneric.o
 .debug_pubnames
                0x00003931       0xb4 lib/zlib/libz.o
 .debug_pubnames
                0x000039e5      0x657 net/libnet.o
 .debug_pubnames
                0x0000403c       0x96 board/samsung/webee210/libwebee210.o(webee210.o)
 .debug_pubnames
                0x000040d2       0x37 /home/lry5/workplace/webee/webee210v2_uboot/arch/arm/lib/eabi_compat.o

.debug_frame    0x00000000     0x5b60
 .debug_frame   0x00000000      0x168 arch/arm/cpu/armv7/libarmv7.o
 .debug_frame   0x00000168      0x1d4 arch/arm/cpu/armv7/s5p-common/libs5p-common.o
 .debug_frame   0x0000033c       0xb8 arch/arm/cpu/armv7/s5pc1xx/libs5pc1xx.o
 .debug_frame   0x000003f4      0x3b0 arch/arm/lib/libarm.o
 .debug_frame   0x000007a4     0x26f4 common/libcommon.o
 .debug_frame   0x00002e98      0x174 disk/libdisk.o
 .debug_frame   0x0000300c      0x11c drivers/gpio/libgpio.o
 .debug_frame   0x00003128      0x408 drivers/mmc/libmmc.o
 .debug_frame   0x00003530       0x7c drivers/mtd/libmtd.o
 .debug_frame   0x000035ac      0xbc4 drivers/mtd/nand/libnand.o
 .debug_frame   0x00004170      0x180 drivers/net/libnet.o
 .debug_frame   0x000042f0      0x254 drivers/serial/libserial.o
 .debug_frame   0x00004544      0x258 fs/fat/libfat.o
 .debug_frame   0x0000479c      0x904 lib/libgeneric.o
 .debug_frame   0x000050a0      0x11c lib/zlib/libz.o
 .debug_frame   0x000051bc      0x888 net/libnet.o
 .debug_frame   0x00005a44       0xac board/samsung/webee210/libwebee210.o(webee210.o)
 .debug_frame   0x00005af0       0x30 /home/lry5/workplace/webee/webee210v2_uboot/arch/arm/lib/eabi_compat.o
 .debug_frame   0x00005b20       0x20 /home/lry5/下载/opt/FriendlyARM/toolschain/4.5.1/bin/../lib/gcc/arm-none-linux-gnueabi/4.5.1/libgcc.a(_udivsi3.o)
 .debug_frame   0x00005b40       0x20 /home/lry5/下载/opt/FriendlyARM/toolschain/4.5.1/bin/../lib/gcc/arm-none-linux-gnueabi/4.5.1/libgcc.a(_divsi3.o)

.debug_str      0x00000000     0x9279
 .debug_str     0x00000000      0x243 arch/arm/cpu/armv7/libarmv7.o
                                0x486 (size before relaxing)
 .debug_str     0x00000243      0x3b7 arch/arm/cpu/armv7/s5p-common/libs5p-common.o
                                0x851 (size before relaxing)
 .debug_str     0x000005fa      0x2d2 arch/arm/cpu/armv7/s5pc1xx/libs5pc1xx.o
                                0x3f2 (size before relaxing)
 .debug_str     0x000008cc      0x7d9 arch/arm/lib/libarm.o
                               0x1299 (size before relaxing)
 .debug_str     0x000010a5     0x44a3 common/libcommon.o
                               0xa55c (size before relaxing)
 .debug_str     0x00005548      0x260 disk/libdisk.o
                                0x6b7 (size before relaxing)
 .debug_str     0x000057a8      0x140 drivers/gpio/libgpio.o
                                0x24e (size before relaxing)
 .debug_str     0x000058e8      0x464 drivers/mmc/libmmc.o
                                0xb98 (size before relaxing)
 .debug_str     0x00005d4c       0xad drivers/mtd/libmtd.o
                                0x4d6 (size before relaxing)
 .debug_str     0x00005df9      0xf62 drivers/mtd/nand/libnand.o
                               0x3ebb (size before relaxing)
 .debug_str     0x00006d5b      0x2cf drivers/net/libnet.o
                                0x43e (size before relaxing)
 .debug_str     0x0000702a       0x58 drivers/pcmcia/libpcmcia.o
                                0x1d3 (size before relaxing)
 .debug_str     0x00007082       0x3f drivers/rtc/librtc.o
                                 0xdf (size before relaxing)
 .debug_str     0x000070c1      0x310 drivers/serial/libserial.o
                                0x5b5 (size before relaxing)
 .debug_str     0x000073d1      0x546 fs/fat/libfat.o
                                0x891 (size before relaxing)
 .debug_str     0x00007917      0x67a lib/libgeneric.o
                               0x16d9 (size before relaxing)
 .debug_str     0x00007f91      0x2f2 lib/zlib/libz.o
                                0x583 (size before relaxing)
 .debug_str     0x00008283      0xe53 net/libnet.o
                               0x19e3 (size before relaxing)
 .debug_str     0x000090d6      0x171 board/samsung/webee210/libwebee210.o(webee210.o)
                                0x4a4 (size before relaxing)
 .debug_str     0x00009247       0x32 /home/lry5/workplace/webee/webee210v2_uboot/arch/arm/lib/eabi_compat.o
                                0x10b (size before relaxing)

.debug_loc      0x00000000    0x2a855
 .debug_loc     0x00000000      0x15d arch/arm/cpu/armv7/libarmv7.o
 .debug_loc     0x0000015d      0x843 arch/arm/cpu/armv7/s5p-common/libs5p-common.o
 .debug_loc     0x000009a0      0x70a arch/arm/cpu/armv7/s5pc1xx/libs5pc1xx.o
 .debug_loc     0x000010aa      0x75c arch/arm/lib/libarm.o
 .debug_loc     0x00001806    0x11a38 common/libcommon.o
 .debug_loc     0x0001323e      0x8f7 disk/libdisk.o
 .debug_loc     0x00013b35      0x55a drivers/gpio/libgpio.o
 .debug_loc     0x0001408f     0x2143 drivers/mmc/libmmc.o
 .debug_loc     0x000161d2      0x252 drivers/mtd/libmtd.o
 .debug_loc     0x00016424     0x88a6 drivers/mtd/nand/libnand.o
 .debug_loc     0x0001ecca      0x981 drivers/net/libnet.o
 .debug_loc     0x0001f64b      0x3d6 drivers/serial/libserial.o
 .debug_loc     0x0001fa21     0x18a7 fs/fat/libfat.o
 .debug_loc     0x000212c8     0x426c lib/libgeneric.o
 .debug_loc     0x00025534     0x2625 lib/zlib/libz.o
 .debug_loc     0x00027b59     0x2aac net/libnet.o
 .debug_loc     0x0002a605      0x23d board/samsung/webee210/libwebee210.o(webee210.o)
 .debug_loc     0x0002a842       0x13 /home/lry5/workplace/webee/webee210v2_uboot/arch/arm/lib/eabi_compat.o

.debug_pubtypes
                0x00000000     0x3cdb
 .debug_pubtypes
                0x00000000       0x4e arch/arm/cpu/armv7/libarmv7.o
 .debug_pubtypes
                0x0000004e       0xda arch/arm/cpu/armv7/s5p-common/libs5p-common.o
 .debug_pubtypes
                0x00000128       0x47 arch/arm/cpu/armv7/s5pc1xx/libs5pc1xx.o
 .debug_pubtypes
                0x0000016f      0x3a0 arch/arm/lib/libarm.o
 .debug_pubtypes
                0x0000050f     0x1a6c common/libcommon.o
 .debug_pubtypes
                0x00001f7b      0x186 disk/libdisk.o
 .debug_pubtypes
                0x00002101       0x2c drivers/gpio/libgpio.o
 .debug_pubtypes
                0x0000212d      0x1b2 drivers/mmc/libmmc.o
 .debug_pubtypes
                0x000022df      0x16d drivers/mtd/libmtd.o
 .debug_pubtypes
                0x0000244c      0xc62 drivers/mtd/nand/libnand.o
 .debug_pubtypes
                0x000030ae       0x8b drivers/net/libnet.o
 .debug_pubtypes
                0x00003139       0x24 drivers/pcmcia/libpcmcia.o
 .debug_pubtypes
                0x0000315d       0x12 drivers/rtc/librtc.o
 .debug_pubtypes
                0x0000316f       0x9c drivers/serial/libserial.o
 .debug_pubtypes
                0x0000320b      0x17d fs/fat/libfat.o
 .debug_pubtypes
                0x00003388      0x4ac lib/libgeneric.o
 .debug_pubtypes
                0x00003834      0x11e lib/zlib/libz.o
 .debug_pubtypes
                0x00003952      0x2d4 net/libnet.o
 .debug_pubtypes
                0x00003c26       0xa3 board/samsung/webee210/libwebee210.o(webee210.o)
 .debug_pubtypes
                0x00003cc9       0x12 /home/lry5/workplace/webee/webee210v2_uboot/arch/arm/lib/eabi_compat.o

.debug_ranges   0x00000000     0x2848
 .debug_ranges  0x00000000       0xa8 arch/arm/cpu/armv7/s5p-common/libs5p-common.o
 .debug_ranges  0x000000a8       0xb8 arch/arm/cpu/armv7/s5pc1xx/libs5pc1xx.o
 .debug_ranges  0x00000160       0xd8 arch/arm/lib/libarm.o
 .debug_ranges  0x00000238     0x1058 common/libcommon.o
 .debug_ranges  0x00001290      0x198 drivers/gpio/libgpio.o
 .debug_ranges  0x00001428      0x3a8 drivers/mmc/libmmc.o
 .debug_ranges  0x000017d0      0x5a8 drivers/mtd/nand/libnand.o
 .debug_ranges  0x00001d78      0x288 drivers/net/libnet.o
 .debug_ranges  0x00002000       0x60 drivers/serial/libserial.o
 .debug_ranges  0x00002060      0x1a0 fs/fat/libfat.o
 .debug_ranges  0x00002200      0x2c0 lib/libgeneric.o
 .debug_ranges  0x000024c0       0x60 lib/zlib/libz.o
 .debug_ranges  0x00002520      0x288 net/libnet.o
 .debug_ranges  0x000027a8       0xa0 board/samsung/webee210/libwebee210.o(webee210.o)
