Archive member included because of file (symbol)

board/samsung/webee210/libwebee210.o(webee210.o)
                              arch/arm/lib/libarm.o (board_init)
board/samsung/webee210/libwebee210.o(lowlevel_init.o)
                              arch/arm/cpu/armv7/start.o (lowlevel_init)
board/samsung/webee210/libwebee210.o(mem_setup.o)
                              board/samsung/webee210/libwebee210.o(lowlevel_init.o) (mem_ctrl_asm_init)
/home/lry5/下载/opt/FriendlyARM/toolschain/4.5.1/bin/../lib/gcc/arm-none-linux-gnueabi/4.5.1/libgcc.a(_udivsi3.o)
                              arch/arm/cpu/armv7/s5p-common/libs5p-common.o (__aeabi_uidiv)
/home/lry5/下载/opt/FriendlyARM/toolschain/4.5.1/bin/../lib/gcc/arm-none-linux-gnueabi/4.5.1/libgcc.a(_divsi3.o)
                              common/libcommon.o (__aeabi_idiv)
/home/lry5/下载/opt/FriendlyARM/toolschain/4.5.1/bin/../lib/gcc/arm-none-linux-gnueabi/4.5.1/libgcc.a(_lshrdi3.o)
                              drivers/mtd/nand/libnand.o (__aeabi_llsr)
/home/lry5/下载/opt/FriendlyARM/toolschain/4.5.1/bin/../lib/gcc/arm-none-linux-gnueabi/4.5.1/libgcc.a(_ashrdi3.o)
                              drivers/mtd/nand/libnand.o (__aeabi_lasr)
/home/lry5/下载/opt/FriendlyARM/toolschain/4.5.1/bin/../lib/gcc/arm-none-linux-gnueabi/4.5.1/libgcc.a(_ashldi3.o)
                              drivers/mmc/libmmc.o (__aeabi_llsl)
/home/lry5/下载/opt/FriendlyARM/toolschain/4.5.1/bin/../lib/gcc/arm-none-linux-gnueabi/4.5.1/libgcc.a(_dvmd_lnx.o)
                              /home/lry5/下载/opt/FriendlyARM/toolschain/4.5.1/bin/../lib/gcc/arm-none-linux-gnueabi/4.5.1/libgcc.a(_udivsi3.o) (__aeabi_idiv0)

Memory Configuration

Name             Origin             Length             Attributes
*default*        0x00000000         0xffffffff

Linker script and memory map

                0x00000000                . = 0x0
                0x00000000                . = ALIGN (0x4)

.text           0x33e00000    0x2857c
 arch/arm/cpu/armv7/start.o(.text)
 .text          0x33e00000      0x500 arch/arm/cpu/armv7/start.o
                0x33e00000                _start
                0x33e00040                _end_vect
                0x33e00040                _TEXT_BASE
                0x33e00044                _bss_start_ofs
                0x33e00048                _image_copy_end_ofs
                0x33e0004c                _bss_end_ofs
                0x33e00050                _end_ofs
                0x33e00054                IRQ_STACK_START_IN
                0x33e00100                relocate_code
 *(.text)
 .text          0x33e00500       0xd0 arch/arm/cpu/armv7/libarmv7.o
                0x33e00500                invalidate_dcache_all
                0x33e00504                flush_dcache_all
                0x33e00508                invalidate_dcache_range
                0x33e0050c                flush_dcache_range
                0x33e00510                arm_init_before_mmu
                0x33e00514                flush_cache
                0x33e00518                invalidate_icache_all
                0x33e00530                __v7_outer_cache_enable
                0x33e00534                __v7_outer_cache_disable
                0x33e00538                __v7_outer_cache_flush_all
                0x33e00538                v7_outer_cache_flush_all
                0x33e0053c                v7_outer_cache_inval_all
                0x33e0053c                __v7_outer_cache_inval_all
                0x33e00540                v7_outer_cache_flush_range
                0x33e00540                __v7_outer_cache_flush_range
                0x33e00544                __v7_outer_cache_inval_range
                0x33e00544                v7_outer_cache_inval_range
                0x33e00548                save_boot_params_default
                0x33e00548                save_boot_params
                0x33e0054c                cleanup_before_linux
                0x33e0056c                sdelay
                0x33e00578                sr32
                0x33e0059c                wait_on_value
 .text          0x33e005d0      0x534 arch/arm/cpu/armv7/s5p-common/libs5p-common.o
                0x33e005d0                arch_cpu_init
                0x33e00600                get_device_type
                0x33e00610                print_cpuinfo
                0x33e006c8                timer_init
                0x33e006fc                reset_timer_masked
                0x33e00718                get_timer_masked
                0x33e0075c                get_timer
                0x33e00770                __udelay
                0x33e00804                get_ticks
                0x33e00814                get_tbclk
                0x33e0081c                s5p_config_sromc
                0x33e008a8                pwm_enable
                0x33e008dc                pwm_disable
                0x33e0090c                pwm_config
                0x33e00a38                pwm_init
 *fill*         0x33e00b04       0x1c 00
 .text          0x33e00b20      0x33c arch/arm/cpu/armv7/s5pc1xx/libs5pc1xx.o
                0x33e00b5c                get_pll_clk
                0x33e00d18                get_arm_clk
                0x33e00d88                get_pwm_clk
                0x33e00dac                get_uart_clk
                0x33e00dd0                set_mmc_clk
                0x33e00de0                v7_outer_cache_enable
                0x33e00df4                v7_outer_cache_disable
                0x33e00e20                reset_cpu
 .text          0x33e00e5c      0x868 arch/arm/lib/libarm.o
                0x33e00ed0                coloured_LED_init
                0x33e00ed0                __coloured_LED_init
                0x33e00ed4                red_LED_on
                0x33e00ed4                __red_LED_on
                0x33e00ed8                __red_LED_off
                0x33e00ed8                red_LED_off
                0x33e00edc                green_LED_on
                0x33e00edc                __green_LED_on
                0x33e00ee0                __green_LED_off
                0x33e00ee0                green_LED_off
                0x33e00ee4                __yellow_LED_on
                0x33e00ee4                yellow_LED_on
                0x33e00ee8                __yellow_LED_off
                0x33e00ee8                yellow_LED_off
                0x33e00eec                blue_LED_on
                0x33e00eec                __blue_LED_on
                0x33e00ef0                blue_LED_off
                0x33e00ef0                __blue_LED_off
                0x33e00ef4                __dram_init_banksize
                0x33e00f10                board_init_f_nand
                0x33e00f14                board_init_r
                0x33e0103c                hang
                0x33e01050                board_init_f
                0x33e01180                arch_lmb_reserve
                0x33e011a4                do_bootm_linux
                0x33e0137c                __flush_cache
                0x33e01380                __flush_dcache_all
                0x33e0138c                enable_caches
                0x33e0138c                __enable_caches
                0x33e013c8                __arm_init_before_mmu
                0x33e013cc                icache_enable
                0x33e013e4                icache_disable
                0x33e013fc                icache_status
                0x33e01410                dcache_enable
                0x33e01414                dcache_disable
                0x33e01418                dcache_status
                0x33e01420                interrupt_init
                0x33e0143c                enable_interrupts
                0x33e01440                disable_interrupts
                0x33e01448                bad_mode
                0x33e01458                show_regs
                0x33e01598                do_undefined_instruction
                0x33e015bc                do_software_interrupt
                0x33e015e0                do_prefetch_abort
                0x33e01604                do_data_abort
                0x33e01628                do_not_used
                0x33e0164c                do_fiq
                0x33e01670                do_irq
                0x33e01694                do_reset
 .text          0x33e016c4    0x1152c common/libcommon.o
                0x33e016c4                do_bdinfo
                0x33e01848                do_go_exec
                0x33e01860                do_go
                0x33e018ec                do_bootd
                0x33e01c34                do_iminfo
                0x33e02174                arch_preboot_os
                0x33e02174                __arch_preboot_os
                0x33e02178                do_bootm_subcommand
                0x33e023c4                do_bootm
                0x33e0265c                bootm_maybe_autostart
                0x33e026d0                do_coninfo
                0x33e02788                do_echo
                0x33e02898                do_bootelf_exec
                0x33e028dc                valid_elf_image
                0x33e02928                do_bootvx
                0x33e02bc0                do_bootelf
                0x33e02d14                do_exit
                0x33e02d44                do_fat_fsinfo
                0x33e02e1c                do_fat_ls
                0x33e02f24                do_fat_fsload
                0x33e030a8                do_flinfo
                0x33e030b0                do_flerase
                0x33e030b8                do_protect
                0x33e03108                do_help
                0x33e031dc                binary_test
                0x33e03398                do_itest
                0x33e03430                buzzer_on
                0x33e03460                buzzer_off
                0x33e03478                delay
                0x33e0349c                hareware_init
                0x33e034b4                led_test
                0x33e038ec                do_load_serial
                0x33e039c8                send_pad
                0x33e039f4                ktrans
                0x33e03a14                chk1
                0x33e03a3c                s1_sendpacket
                0x33e03a60                send_ack
                0x33e03ac0                send_nack
                0x33e03b20                k_data_init
                0x33e03b40                k_data_save
                0x33e03b64                k_data_restore
                0x33e03b88                k_data_char
                0x33e03bd8                handle_send_packet
                0x33e03d9c                do_load_serial_bin
                0x33e041f8                do_mem_crc
                0x33e042a0                do_mem_base
                0x33e042e4                do_mem_mtest
                0x33e04488                do_mem_loop
                0x33e04580                do_mem_cp
                0x33e04658                do_mem_cmp
                0x33e047e8                do_mem_mw
                0x33e049f0                do_mem_nm
                0x33e04a14                do_mem_mm
                0x33e04a38                do_mem_md
                0x33e04b10                main_menu_usage
                0x33e04bb4                awaitkey
                0x33e04bd0                menu_shell
                0x33e04f80                do_menu
                0x33e04f90                do_sleep
                0x33e05010                do_mmcops
                0x33e05440                do_mmcinfo
                0x33e06004                mtd_device_validate
                0x33e06034                device_find
                0x33e065ec                mtd_id_parse
                0x33e066fc                find_dev_and_part
                0x33e068b4                mtdparts_init
                0x33e06ea8                do_mtdparts
                0x33e074d4                do_chpart
                0x33e0782c                do_nandboot
                0x33e07cdc                do_nand
                0x33e08720                do_ping
                0x33e08a5c                do_nfs
                0x33e08a68                do_dhcp
                0x33e08a74                do_tftpb
                0x33e08a80                do_bootp
                0x33e08d94                do_env_save
                0x33e08e58                do_env_print
                0x33e08edc                get_env_id
                0x33e08eec                _do_env_set
                0x33e092b4                do_env_set
                0x33e092d0                setenv
                0x33e09540                envmatch
                0x33e095a4                getenv_f
                0x33e09660                getenv
                0x33e096cc                do_env_edit
                0x33e09734                iis_init
                0x33e097a8                iic_write
                0x33e09864                iic_init
                0x33e0989c                wm8960_init
                0x33e0997c                sound_test
                0x33e099ac                source
                0x33e09ad0                do_source
                0x33e09b14                do_false
                0x33e09b1c                do_true
                0x33e09b24                do_test
                0x33e09f94                putc3
                0x33e09fb4                uart3_test
                0x33e0a044                do_usbd_dnw
                0x33e0a150                do_version
                0x33e0a188                do_imgextract
                0x33e0a460                find_cmd_tbl
                0x33e0a4fc                find_cmd
                0x33e0a524                cmd_usage
                0x33e0a580                _do_help
                0x33e0a708                cmd_get_data_size
                0x33e0a7fc                serial_printf
                0x33e0a840                fgetc
                0x33e0a86c                ftstc
                0x33e0a898                fputc
                0x33e0a8c0                fputs
                0x33e0a8e8                fprintf
                0x33e0a934                getc
                0x33e0a94c                tstc
                0x33e0a964                putc
                0x33e0a980                puts
                0x33e0a99c                printf
                0x33e0a9e0                vprintf
                0x33e0aa18                ctrlc
                0x33e0aa64                disable_ctrlc
                0x33e0aa7c                had_ctrlc
                0x33e0aa8c                clear_ctrlc
                0x33e0aaa0                dbg
                0x33e0aaac                search_device
                0x33e0aad4                console_assign
                0x33e0ab14                console_init_f
                0x33e0ab24                stdio_print_current_devices
                0x33e0abdc                console_init_r
                0x33e0acc4                sbrk
                0x33e0ad20                mem_malloc_init
                0x33e0ad40                malloc_trim
                0x33e0ae10                free
                0x33e0b034                cfree
                0x33e0b038                malloc
                0x33e0b5f0                calloc
                0x33e0b6d0                memalign
                0x33e0b7e0                pvalloc
                0x33e0b7f8                valloc
                0x33e0b804                realloc
                0x33e0bc54                malloc_usable_size
                0x33e0bc94                mallopt
                0x33e0bd08                env_get_addr
                0x33e0bd2c                env_get_char_memory
                0x33e0bd3c                env_get_char
                0x33e0bd70                set_default_env
                0x33e0be10                env_import
                0x33e0bee0                env_relocate
                0x33e0bf10                env_get_char_spec
                0x33e0bf1c                env_init
                0x33e0bf38                writeenv
                0x33e0c008                saveenv
                0x33e0c174                readenv
                0x33e0c228                env_relocate_spec
                0x33e0c270                get_version
                0x33e0c278                jumptable_init
                0x33e0c49c                do_showvar
                0x33e0c99c                simple_itoa
                0x33e0c9f4                get_local_var
                0x33e0cbc0                set_local_var
                0x33e0cd78                unset_local_var
                0x33e0ce18                new_pipe
                0x33e0ce88                reserved_word
                0x33e0d1b0                mapset
                0x33e0d1d4                update_ifs_map
                0x33e0d244                parse_string_outer
                0x33e0e13c                parse_file_outer
                0x33e0e180                u_boot_hush_start
                0x33e0e214                image_check_hcrc
                0x33e0e264                image_check_dcrc
                0x33e0e2a4                image_multi_count
                0x33e0e2c4                image_multi_getimg
                0x33e0e348                getenv_yesno
                0x33e0e370                getenv_bootm_low
                0x33e0e3a0                getenv_bootm_size
                0x33e0e3fc                getenv_bootm_mapsize
                0x33e0e42c                memmove_wd
                0x33e0e438                genimg_print_size
                0x33e0e468                get_table_entry_name
                0x33e0e494                genimg_get_os_name
                0x33e0e4ac                genimg_get_arch_name
                0x33e0e4c4                genimg_get_type_name
                0x33e0e4dc                genimg_get_comp_name
                0x33e0e4f4                image_print_contents
                0x33e0e66c                get_table_entry_id
                0x33e0e6b8                genimg_get_os_id
                0x33e0e6d0                genimg_get_arch_id
                0x33e0e6e8                genimg_get_type_id
                0x33e0e700                genimg_get_comp_id
                0x33e0e718                genimg_get_format
                0x33e0e730                genimg_get_image
                0x33e0e734                genimg_has_config
                0x33e0e73c                boot_get_ramdisk
                0x33e0e96c                boot_ramdisk_high
                0x33e0ec5c                __show_boot_progress
                0x33e0ec5c                show_boot_progress
                0x33e0ec60                readline_into_buffer
                0x33e0f4b8                readline
                0x33e0f4d4                parse_line
                0x33e0f564                run_command
                0x33e0f8f8                main_loop
                0x33e0fa28                do_run
                0x33e0fa9c                get_ram_size
                0x33e0fc00                srec_decode
                0x33e0fe78                serial_register
                0x33e0fe90                serial_stdio_init
                0x33e0ff20                serial_assign
                0x33e0ff6c                serial_initialize
                0x33e0ffbc                serial_reinit_all
                0x33e0ffe8                serial_init
                0x33e10028                serial_setbrg
                0x33e10060                serial_getc
                0x33e100a0                serial_tstc
                0x33e100e0                serial_putc
                0x33e10120                serial_puts
                0x33e10160                stdio_get_list
                0x33e1016c                stdio_get_by_name
                0x33e101c0                stdio_clone
                0x33e10208                stdio_register
                0x33e1024c                stdio_init
                0x33e102dc                s3c_usb_init_phy
                0x33e1031c                s3c_usb_phy_off
                0x33e10348                s3c_usb_core_soft_reset
                0x33e10364                s3c_usb_wait_cable_insert
                0x33e103b0                s3c_usb_init_core
                0x33e103cc                s3c_usb_check_current_mode
                0x33e103e0                s3c_usb_set_soft_disconnect
                0x33e103f4                s3c_usb_clear_soft_disconnect
                0x33e10408                s3c_usb_init_device
                0x33e10430                s3c_usbctl_init
                0x33e104b4                s3c_usbc_activate
                0x33e104bc                s3c_usb_stop
                0x33e104d0                s3c_usb_print_pkt
                0x33e1051c                s3c_usb_verify_checksum
                0x33e105c4                s3c_usb_set_inep_xfersize
                0x33e105f8                s3c_usb_set_outep_xfersize
                0x33e1062c                s3c_usb_write_ep0_fifo
                0x33e10678                s3c_usb_write_in_fifo
                0x33e106c4                s3c_usb_read_out_fifo
                0x33e1070c                s3c_usb_get_desc
                0x33e1081c                s3c_usb_clear_feature
                0x33e1088c                s3c_usb_set_feature
                0x33e109e4                s3c_usb_get_status
                0x33e10a5c                s3c_usb_ep0_int_hndlr
                0x33e10bc8                s3c_usb_set_otherspeed_conf_desc
                0x33e10cbc                s3c_usb_transfer_ep0
                0x33e11608                s3c_usb_int_bulkin
                0x33e116d0                s3c_usb_upload_start
                0x33e11838                s3c_usb_download_start
                0x33e1196c                s3c_usb_download_continue
                0x33e11a18                s3c_usb_int_bulkout
                0x33e11a40                s3c_usb_dma_in_done
                0x33e11ae0                s3c_usb_dma_out_done
                0x33e11b8c                s3c_usb_set_all_outep_nak
                0x33e11bb4                s3c_usb_clear_all_outep_nak
                0x33e11bdc                s3c_usb_set_max_pktsize
                0x33e11c18                s3c_usb_set_endpoint
                0x33e11c64                s3c_usb_set_descriptors
                0x33e11db8                s3c_usb_check_speed
                0x33e11dd0                s3c_usb_clear_dnfile_info
                0x33e11dec                s3c_usb_clear_upfile_info
                0x33e11e08                s3c_usb_check_setconf
                0x33e11e20                s3c_usb_set_opmode
                0x33e11e8c                s3c_usb_reset
                0x33e11ee8                s3c_usb_set_init
                0x33e11f44                s3c_usb_pkt_receive
                0x33e11fc4                s3c_usb_transfer
                0x33e120b4                s3c_udc_int_hndlr
                0x33e12158                lcd_init
                0x33e12270                lcd_draw_pixel
                0x33e12284                lcd_clear_screen
                0x33e122c4                lcd_draw_picture
                0x33e12320                WB_lcd_init_and_display
                0x33e12338                CYGACC_COMM_IF_GETC_TIMEOUT
                0x33e12630                CYGACC_COMM_IF_PUTC
                0x33e12638                parse_num
                0x33e12754                xyzModem_stream_open
                0x33e1289c                xyzModem_stream_read
                0x33e12aec                xyzModem_stream_close
                0x33e12b3c                xyzModem_stream_terminate
                0x33e12bd0                xyzModem_error
 .text          0x33e12bf0      0x8e4 disk/libdisk.o
                0x33e12bf0                get_dev
                0x33e12c50                dev_print
                0x33e12e68                init_part
                0x33e12e84                get_partition_info
                0x33e12eac                print_part
                0x33e13420                test_part_dos
                0x33e13488                print_part_dos
                0x33e134b4                get_partition_info_dos
 .text          0x33e134d4      0x254 drivers/gpio/libgpio.o
                0x33e134d4                s5p_gpio_cfg_pin
                0x33e134f0                s5p_gpio_direction_output
                0x33e13528                s5p_gpio_direction_input
                0x33e13530                s5p_gpio_set_value
                0x33e13550                s5p_gpio_get_value
                0x33e13568                s5p_gpio_set_pull
                0x33e1358c                s5p_gpio_set_drv
                0x33e135b0                s5p_gpio_set_rate
                0x33e135d8                s5p_gpio_get_bank
                0x33e135f8                s5p_gpio_get_pin
                0x33e13610                gpio_request
                0x33e13618                gpio_direction_input
                0x33e1365c                gpio_direction_output
                0x33e136a4                gpio_get_value
                0x33e136ec                gpio_set_value
 .text          0x33e13728     0x1cb0 drivers/mmc/libmmc.o
                0x33e13744                __board_mmc_getcd
                0x33e13744                board_mmc_getcd
                0x33e1374c                mmc_send_cmd
                0x33e1375c                mmc_send_status
                0x33e13824                mmc_set_blocklen
                0x33e1385c                find_mmc_device
                0x33e13bcc                mmc_read_blocks
                0x33e13d50                mmc_go_idle
                0x33e13da4                sd_send_op_cond
                0x33e13f08                mmc_send_op_cond
                0x33e14074                mmc_send_ext_csd
                0x33e140c8                mmc_switch
                0x33e14120                mmc_change_freq
                0x33e141d4                mmc_switch_part
                0x33e14210                sd_switch
                0x33e14280                sd_change_freq
                0x33e14460                mmc_set_ios
                0x33e14470                mmc_set_clock
                0x33e1449c                mmc_set_bus_width
                0x33e144b0                mmc_startup
                0x33e14aec                mmc_send_if_cond
                0x33e14b6c                mmc_register
                0x33e14bf0                mmc_get_dev
                0x33e14c04                mmc_init
                0x33e14cbc                cpu_mmc_init
                0x33e14cc4                print_mmc_devices
                0x33e14d28                get_mmc_num
                0x33e14d38                mmc_initialize
                0x33e152ac                s5p_mmc_init
 .text          0x33e153d8      0x1dc drivers/mtd/libmtd.o
                0x33e153d8                add_mtd_device
                0x33e15448                del_mtd_device
                0x33e15498                get_mtd_device
                0x33e15514                get_mtd_device_nm
                0x33e15588                put_mtd_device
 .text          0x33e155b4     0x6dbc drivers/mtd/nand/libnand.o
                0x33e155b4                nand_init
                0x33e17658                nand_wait_ready
                0x33e18248                nand_erase_nand
                0x33e18644                nand_scan_ident
                0x33e18c38                nand_scan_tail
                0x33e191c4                nand_scan
                0x33e191e8                nand_release
                0x33e1a1a0                nand_update_bbt
                0x33e1a45c                nand_scan_bbt
                0x33e1a90c                nand_default_bbt
                0x33e1a9cc                nand_isbad_bbt
                0x33e1aa20                nand_calculate_ecc
                0x33e1ab10                nand_correct_data
                0x33e1acc8                nand_erase_opts
                0x33e1b03c                nand_write_skip_bad
                0x33e1b2c8                nand_read_skip_bad
                0x33e1b630                s3c_nand_enable_hwecc_8bit
                0x33e1b78c                s3c_nand_read_oob_8bit
                0x33e1b7d4                s3c_nand_write_oob_8bit
                0x33e1bc50                s3c_nand_correct_data_8bit
                0x33e1bd88                s3c_nand_calculate_ecc_8bit
                0x33e1bea4                s3c_nand_read_page_8bit
                0x33e1bf98                s3c_nand_write_page_8bit
                0x33e1c064                board_nand_init
 .text          0x33e1c370      0x9d8 drivers/net/libnet.o
                0x33e1ccc4                dm9000_initialize
 .text          0x33e1cd48        0x0 drivers/pcmcia/libpcmcia.o
 .text          0x33e1cd48        0x0 drivers/rtc/librtc.o
 .text          0x33e1cd48      0x268 drivers/serial/libserial.o
                0x33e1cd84                serial_setbrg_dev
                0x33e1cdcc                s5p_serial3_setbrg
                0x33e1cdd4                s5p_serial2_setbrg
                0x33e1cddc                s5p_serial1_setbrg
                0x33e1cde4                s5p_serial0_setbrg
                0x33e1cdec                serial_init_dev
                0x33e1ce2c                s5p_serial3_init
                0x33e1ce34                s5p_serial2_init
                0x33e1ce3c                s5p_serial1_init
                0x33e1ce44                s5p_serial0_init
                0x33e1ce4c                serial_getc_dev
                0x33e1ce90                s5p_serial3_getc
                0x33e1ce98                s5p_serial2_getc
                0x33e1cea0                s5p_serial1_getc
                0x33e1cea8                s5p_serial0_getc
                0x33e1ceb0                serial_putc_dev
                0x33e1cf00                s5p_serial3_putc
                0x33e1cf08                s5p_serial2_putc
                0x33e1cf10                s5p_serial1_putc
                0x33e1cf18                s5p_serial0_putc
                0x33e1cf20                serial_tstc_dev
                0x33e1cf3c                s5p_serial3_tstc
                0x33e1cf44                s5p_serial2_tstc
                0x33e1cf4c                s5p_serial1_tstc
                0x33e1cf54                s5p_serial0_tstc
                0x33e1cf5c                serial_puts_dev
                0x33e1cf84                s5p_serial3_puts
                0x33e1cf8c                s5p_serial2_puts
                0x33e1cf94                s5p_serial1_puts
                0x33e1cf9c                s5p_serial0_puts
                0x33e1cfa4                default_serial_console
 .text          0x33e1cfb0     0x17b8 fs/fat/libfat.o
                0x33e1d6cc                fat_register_device
                0x33e1d7e0                do_fat_read
                0x33e1e254                file_fat_detectfs
                0x33e1e3b4                file_fat_ls
                0x33e1e3c4                file_fat_read
                0x33e1e3fc                file_getfsname
                0x33e1e414                file_cd
                0x33e1e608                file_detectfs
                0x33e1e648                file_ls
                0x33e1e6d0                file_read
 .text          0x33e1e768     0x2cd0 lib/libgeneric.o
                0x33e1e768                crc7
                0x33e1e790                cyg_crc16
                0x33e1e7d8                crc32_no_comp
                0x33e1e8c0                crc32
                0x33e1e8d4                crc32_wd
                0x33e1e8d8                display_options
                0x33e1e8f8                print_size
                0x33e1ea28                print_buffer
                0x33e1eb94                zfree
                0x33e1eb9c                zalloc
                0x33e1ebac                zunzip
                0x33e1ecb4                gunzip
                0x33e1ed74                hcreate_r
                0x33e1ee20                hdestroy_r
                0x33e1ee94                hstrstr_r
                0x33e1ef40                hmatch_r
                0x33e1efe0                hsearch_r
                0x33e1f2c4                hdelete_r
                0x33e1f34c                hexport_r
                0x33e1f564                himport_r
                0x33e1f960                lmb_dump_all
                0x33e1f964                lmb_init
                0x33e1f98c                lmb_add
                0x33e1f990                lmb_free
                0x33e1fab8                lmb_reserve
                0x33e1fac0                lmb_overlaps_region
                0x33e1fb14                __lmb_alloc_base
                0x33e1fc44                lmb_alloc_base
                0x33e1fc78                lmb_alloc
                0x33e1fc80                lmb_is_reserved
                0x33e1fce0                board_lmb_reserve
                0x33e1fce0                __board_lmb_reserve
                0x33e1fce4                __arch_lmb_reserve
                0x33e1fce8                ldiv
                0x33e1fd38                string_to_ip
                0x33e1fdb4                qsort
                0x33e1fea0                strcmp_compar
                0x33e1feac                strmhz
                0x33e1ff18                __div64_32
                0x33e2000c                strcpy
                0x33e20028                strncpy
                0x33e20050                strcat
                0x33e20080                strncat
                0x33e200d0                strcmp
                0x33e20100                strncmp
                0x33e20148                strchr
                0x33e2017c                strlen
                0x33e20198                strrchr
                0x33e201d4                strnlen
                0x33e201fc                strdup
                0x33e20230                strspn
                0x33e20270                strpbrk
                0x33e202ac                strtok
                0x33e20328                strsep
                0x33e2035c                strswab
                0x33e203a8                memset
                0x33e20410                bcopy
                0x33e20438                memcpy
                0x33e204ac                memmove
                0x33e20504                memcmp
                0x33e2053c                memscan
                0x33e20564                strstr
                0x33e205c4                memchr
                0x33e205f8                udelay
                0x33e20b0c                simple_strtoul
                0x33e20bb8                strict_strtoul
                0x33e20c30                simple_strtol
                0x33e20c58                ustrtoul
                0x33e20ccc                simple_strtoull
                0x33e20dac                vsprintf
                0x33e213d0                sprintf
                0x33e213f4                panic
 .text          0x33e21438     0x267c lib/zlib/libz.o
                0x33e21438                zcfree
                0x33e21440                zcalloc
                0x33e21448                inflate_fast
                0x33e2199c                inflate_table
                0x33e21f10                inflateReset
                0x33e21f90                inflateInit2_
                0x33e22098                inflateInit_
                0x33e220ac                inflateEnd
                0x33e22118                adler32
                0x33e22414                inflate
 .text          0x33e23ab4     0x39e8 net/libnet.o
                0x33e241ec                BootpRequest
                0x33e243e4                DhcpRequest
                0x33e24430                cpu_eth_init
                0x33e24494                eth_parse_enetaddr
                0x33e244f0                eth_getenv_enetaddr
                0x33e24510                eth_setenv_enetaddr
                0x33e24548                eth_getenv_enetaddr_by_index
                0x33e2459c                eth_get_dev
                0x33e245ac                eth_get_dev_by_name
                0x33e24600                eth_get_dev_by_index
                0x33e2464c                eth_get_dev_index
                0x33e2469c                eth_write_hwaddr
                0x33e247c8                eth_register
                0x33e24850                eth_initialize
                0x33e249e4                eth_halt
                0x33e24a14                eth_send
                0x33e24a4c                eth_rx
                0x33e24a78                eth_try_another
                0x33e24af4                eth_init
                0x33e24bc4                eth_set_current
                0x33e24c58                eth_get_name
                0x33e24cfc                NetSetHandler
                0x33e24d0c                NetSetTimeout
                0x33e24d3c                NetStartAgain
                0x33e24e48                NetSendPacket
                0x33e24e4c                NetCksum
                0x33e24e84                NetCksumOk
                0x33e24ea8                NetEthHdrSize
                0x33e24ee8                NetSetEther
                0x33e24f8c                NetReceive
                0x33e25498                ArpRequest
                0x33e25598                ArpTimeoutCheck
                0x33e2560c                PingSend
                0x33e25754                NetSetIP
                0x33e2584c                NetSendUDPPacket
                0x33e2598c                copy_filename
                0x33e259d0                random_port
                0x33e259ec                ip_to_string
                0x33e25a3c                VLAN_to_string
                0x33e25a8c                string_to_VLAN
                0x33e25ae4                getenv_VLAN
                0x33e25af4                NetLoop
                0x33e26a6c                NfsStart
                0x33e271bc                TftpStart
 .text          0x33e2749c      0x27c board/samsung/webee210/libwebee210.o(webee210.o)
                0x33e2749c                board_init
                0x33e27548                dram_init
                0x33e27568                dram_init_banksize
                0x33e275a8                board_late_init
                0x33e275b0                board_eth_init
                0x33e275b4                checkboard
                0x33e275cc                board_mmc_init
 .text          0x33e27718      0x42c board/samsung/webee210/libwebee210.o(lowlevel_init.o)
                0x33e2771c                lowlevel_init
 *fill*         0x33e27b44       0x1c 00
 .text          0x33e27b60      0x560 board/samsung/webee210/libwebee210.o(mem_setup.o)
                0x33e27b60                mem_ctrl_asm_init
                0x33e27ed8                cleanDCache
                0x33e27ee4                cleanFlushDCache
                0x33e27ef0                cleanFlushCache
                0x33e27f80                v7_flush_dcache_all
                0x33e28020                disable_l2cache
                0x33e28040                enable_l2cache
                0x33e28060                set_l2cache_auxctrl
                0x33e28080                set_l2cache_auxctrl_cycle
 .text          0x33e280c0        0xc /home/lry5/workplace/webee/webee210v2_uboot/arch/arm/lib/eabi_compat.o
                0x33e280c0                raise
                0x33e280c8                __aeabi_unwind_cpp_pr0
 .text          0x33e280cc      0x20c /home/lry5/下载/opt/FriendlyARM/toolschain/4.5.1/bin/../lib/gcc/arm-none-linux-gnueabi/4.5.1/libgcc.a(_udivsi3.o)
                0x33e280cc                __udivsi3
                0x33e280cc                __aeabi_uidiv
                0x33e282b8                __aeabi_uidivmod
 .text          0x33e282d8      0x240 /home/lry5/下载/opt/FriendlyARM/toolschain/4.5.1/bin/../lib/gcc/arm-none-linux-gnueabi/4.5.1/libgcc.a(_divsi3.o)
                0x33e282d8                __aeabi_idiv
                0x33e282d8                __divsi3
                0x33e284f8                __aeabi_idivmod
 .text          0x33e28518       0x1c /home/lry5/下载/opt/FriendlyARM/toolschain/4.5.1/bin/../lib/gcc/arm-none-linux-gnueabi/4.5.1/libgcc.a(_lshrdi3.o)
                0x33e28518                __aeabi_llsr
                0x33e28518                __lshrdi3
 .text          0x33e28534       0x1c /home/lry5/下载/opt/FriendlyARM/toolschain/4.5.1/bin/../lib/gcc/arm-none-linux-gnueabi/4.5.1/libgcc.a(_ashrdi3.o)
                0x33e28534                __ashrdi3
                0x33e28534                __aeabi_lasr
 .text          0x33e28550       0x1c /home/lry5/下载/opt/FriendlyARM/toolschain/4.5.1/bin/../lib/gcc/arm-none-linux-gnueabi/4.5.1/libgcc.a(_ashldi3.o)
                0x33e28550                __ashldi3
                0x33e28550                __aeabi_llsl
 .text          0x33e2856c       0x10 /home/lry5/下载/opt/FriendlyARM/toolschain/4.5.1/bin/../lib/gcc/arm-none-linux-gnueabi/4.5.1/libgcc.a(_dvmd_lnx.o)
                0x33e2856c                __aeabi_ldiv0
                0x33e2856c                __aeabi_idiv0

.glue_7         0x33e2857c        0x0
 .glue_7        0x00000000        0x0 linker stubs

.glue_7t        0x33e2857c        0x0
 .glue_7t       0x00000000        0x0 linker stubs

.vfp11_veneer   0x33e2857c        0x0
 .vfp11_veneer  0x00000000        0x0 linker stubs

.v4_bx          0x33e2857c        0x0
 .v4_bx         0x00000000        0x0 linker stubs
                0x33e2857c                . = ALIGN (0x4)

.rodata         0x33e2857c     0x9d8b
 *(SORT(.rodata*))
 .rodata        0x33e2857c       0x80 arch/arm/lib/libarm.o
 .rodata        0x33e285fc      0x684 common/libcommon.o
                0x33e286d0                version_string
                0x33e28778                default_environment
                0x33e28bb4                config_full
                0x33e28bc0                config_full_total
                0x33e28be0                config_high
                0x33e28bec                config_high_total
                0x33e28c0c                qualifier_desc
                0x33e28c18                string_desc0
                0x33e28c1c                string_desc1
                0x33e28c34                string_desc2
 .rodata        0x33e28c80       0x10 disk/libdisk.o
 .rodata        0x33e28c90       0x80 drivers/mmc/libmmc.o
 .rodata        0x33e28d10      0x61c drivers/mtd/nand/libnand.o
                0x33e28e74                nand_flash_ids
                0x33e292dc                nand_manuf_ids
 .rodata        0x33e2932c       0x40 drivers/serial/libserial.o
 .rodata        0x33e2936c       0x18 fs/fat/libfat.o
 .rodata        0x33e29384      0x82c lib/libgeneric.o
                0x33e29384                crc7_syndrome_table
                0x33e29a8c                _ctype
                0x33e29b8c                hex_asc
 .rodata        0x33e29bb0      0x9d0 lib/zlib/libz.o
                0x33e2a558                z_errmsg
 .rodata        0x33e2a580        0xe net/libnet.o
 .rodata.str1.1
                0x33e2a58e       0xd5 arch/arm/cpu/armv7/s5p-common/libs5p-common.o
                                 0xd7 (size before relaxing)
 .rodata.str1.1
                0x33e2a663       0x16 arch/arm/cpu/armv7/s5pc1xx/libs5pc1xx.o
 .rodata.str1.1
                0x33e2a679      0x39e arch/arm/lib/libarm.o
                                0x3bb (size before relaxing)
 .rodata.str1.1
                0x33e2aa17     0x590b common/libcommon.o
                               0x5e59 (size before relaxing)
 .rodata.str1.1
                0x33e30322      0x2ba disk/libdisk.o
                                0x2db (size before relaxing)
 .rodata.str1.1
                0x33e305dc      0x1dc drivers/mmc/libmmc.o
                                0x1e8 (size before relaxing)
 .rodata.str1.1
                0x33e307b8       0x50 drivers/mtd/libmtd.o
 .rodata.str1.1
                0x33e30808      0xc8a drivers/mtd/nand/libnand.o
                                0xca2 (size before relaxing)
 .rodata.str1.1
                0x33e31492      0x20d drivers/net/libnet.o
                                0x21b (size before relaxing)
 .rodata.str1.1
                0x33e3169f      0x195 fs/fat/libfat.o
                                0x1ca (size before relaxing)
 .rodata.str1.1
                0x33e31834      0x12b lib/libgeneric.o
                                0x13d (size before relaxing)
 .rodata.str1.1
                0x33e3195f      0x21c lib/zlib/libz.o
                                0x21d (size before relaxing)
 .rodata.str1.1
                0x33e31b7b      0x75a net/libnet.o
                                0x8f3 (size before relaxing)
 .rodata.str1.1
                0x33e322d5       0x32 board/samsung/webee210/libwebee210.o(webee210.o)

.hash           0x33e32308       0x44
 .hash          0x33e32308       0x44 arch/arm/cpu/armv7/start.o
                0x33e3234c                . = ALIGN (0x4)

.data           0x33e3234c     0x1cf4
 *(.data)
 .data          0x33e3234c        0x0 arch/arm/cpu/armv7/start.o
 .data          0x33e3234c        0x0 arch/arm/cpu/armv7/libarmv7.o
 .data          0x33e3234c        0x8 arch/arm/cpu/armv7/s5p-common/libs5p-common.o
                0x33e3234c                s5p_cpu_id
                0x33e32350                s5p_cpu_rev
 .data          0x33e32354        0x0 arch/arm/cpu/armv7/s5pc1xx/libs5pc1xx.o
 .data          0x33e32354       0x2c arch/arm/lib/libarm.o
                0x33e32354                init_sequence
 .data          0x33e32380      0x678 common/libcommon.o
                0x33e32510                load_addr
                0x33e32928                env_name_spec
                0x33e329b4                stdio_names
                0x33e329c0                test_pkt
 .data          0x33e329f8        0x0 disk/libdisk.o
 .data          0x33e329f8        0x0 drivers/gpio/libgpio.o
 .data          0x33e329f8        0x4 drivers/mmc/libmmc.o
 .data          0x33e329fc        0x0 drivers/mtd/libmtd.o
 .data          0x33e329fc     0x1354 drivers/mtd/nand/libnand.o
                0x33e329fc                nand_curr_device
 .data          0x33e33d50        0x0 drivers/net/libnet.o
 .data          0x33e33d50        0x0 drivers/pcmcia/libpcmcia.o
 .data          0x33e33d50        0x0 drivers/rtc/librtc.o
 .data          0x33e33d50       0xc0 drivers/serial/libserial.o
                0x33e33d50                s5p_serial0_device
                0x33e33d80                s5p_serial1_device
                0x33e33db0                s5p_serial2_device
                0x33e33de0                s5p_serial3_device
 .data          0x33e33e10      0x208 fs/fat/libfat.o
                0x33e33e14                file_cwd
 .data          0x33e34018        0x0 lib/libgeneric.o
 .data          0x33e34018        0x0 lib/zlib/libz.o
 .data          0x33e34018       0x28 net/libnet.o
                0x33e34018                NetOurVLAN
                0x33e3401a                NetOurNativeVLAN
                0x33e3401c                NetBcastAddr
                0x33e34038                TftpRRQTimeoutCountMax
                0x33e3403c                TftpRRQTimeoutMSecs
 .data          0x33e34040        0x0 board/samsung/webee210/libwebee210.o(webee210.o)
 .data          0x33e34040        0x0 board/samsung/webee210/libwebee210.o(lowlevel_init.o)
 .data          0x33e34040        0x0 board/samsung/webee210/libwebee210.o(mem_setup.o)
 .data          0x33e34040        0x0 /home/lry5/workplace/webee/webee210v2_uboot/arch/arm/lib/eabi_compat.o
 .data          0x33e34040        0x0 /home/lry5/下载/opt/FriendlyARM/toolschain/4.5.1/bin/../lib/gcc/arm-none-linux-gnueabi/4.5.1/libgcc.a(_udivsi3.o)
 .data          0x33e34040        0x0 /home/lry5/下载/opt/FriendlyARM/toolschain/4.5.1/bin/../lib/gcc/arm-none-linux-gnueabi/4.5.1/libgcc.a(_divsi3.o)
 .data          0x33e34040        0x0 /home/lry5/下载/opt/FriendlyARM/toolschain/4.5.1/bin/../lib/gcc/arm-none-linux-gnueabi/4.5.1/libgcc.a(_lshrdi3.o)
 .data          0x33e34040        0x0 /home/lry5/下载/opt/FriendlyARM/toolschain/4.5.1/bin/../lib/gcc/arm-none-linux-gnueabi/4.5.1/libgcc.a(_ashrdi3.o)
 .data          0x33e34040        0x0 /home/lry5/下载/opt/FriendlyARM/toolschain/4.5.1/bin/../lib/gcc/arm-none-linux-gnueabi/4.5.1/libgcc.a(_ashldi3.o)
 .data          0x33e34040        0x0 /home/lry5/下载/opt/FriendlyARM/toolschain/4.5.1/bin/../lib/gcc/arm-none-linux-gnueabi/4.5.1/libgcc.a(_dvmd_lnx.o)

.got            0x33e34040        0x0
 .got           0x00000000        0x0 arch/arm/cpu/armv7/start.o

.got.plt        0x33e34040        0xc
 .got.plt       0x33e34040        0xc arch/arm/cpu/armv7/start.o
                0x33e34040                _GLOBAL_OFFSET_TABLE_
                0x33e3404c                . = ALIGN (0x4)
                0x33e3404c                . = .
                0x33e3404c                __u_boot_cmd_start = .

.u_boot_cmd     0x33e3404c      0x618
 *(.u_boot_cmd)
 .u_boot_cmd    0x33e3404c      0x618 common/libcommon.o
                0x33e3404c                __u_boot_cmd_bdinfo
                0x33e34064                __u_boot_cmd_go
                0x33e3407c                __u_boot_cmd_reset
                0x33e34094                __u_boot_cmd_bootm
                0x33e340ac                __u_boot_cmd_boot
                0x33e340c4                __u_boot_cmd_bootd
                0x33e340dc                __u_boot_cmd_iminfo
                0x33e340f4                __u_boot_cmd_coninfo
                0x33e3410c                __u_boot_cmd_echo
                0x33e34124                __u_boot_cmd_bootelf
                0x33e3413c                __u_boot_cmd_bootvx
                0x33e34154                __u_boot_cmd_exit
                0x33e3416c                __u_boot_cmd_fatload
                0x33e34184                __u_boot_cmd_fatls
                0x33e3419c                __u_boot_cmd_fatinfo
                0x33e341b4                __u_boot_cmd_flinfo
                0x33e341cc                __u_boot_cmd_erase
                0x33e341e4                __u_boot_cmd_protect
                0x33e341fc                __u_boot_cmd_help
                0x33e34214                __u_boot_cmd_question_mark
                0x33e3422c                __u_boot_cmd_itest
                0x33e34244                __u_boot_cmd_led
                0x33e3425c                __u_boot_cmd_loads
                0x33e34274                __u_boot_cmd_loadb
                0x33e3428c                __u_boot_cmd_loady
                0x33e342a4                __u_boot_cmd_md
                0x33e342bc                __u_boot_cmd_mm
                0x33e342d4                __u_boot_cmd_nm
                0x33e342ec                __u_boot_cmd_mw
                0x33e34304                __u_boot_cmd_cp
                0x33e3431c                __u_boot_cmd_cmp
                0x33e34334                __u_boot_cmd_crc32
                0x33e3434c                __u_boot_cmd_base
                0x33e34364                __u_boot_cmd_loop
                0x33e3437c                __u_boot_cmd_mtest
                0x33e34394                __u_boot_cmd_menu
                0x33e343ac                __u_boot_cmd_sleep
                0x33e343c4                __u_boot_cmd_mmcinfo
                0x33e343dc                __u_boot_cmd_mmc
                0x33e343f4                __u_boot_cmd_chpart
                0x33e3440c                __u_boot_cmd_mtdparts
                0x33e34424                __u_boot_cmd_nand
                0x33e3443c                __u_boot_cmd_nboot
                0x33e34454                __u_boot_cmd_bootp
                0x33e3446c                __u_boot_cmd_tftpboot
                0x33e34484                __u_boot_cmd_dhcp
                0x33e3449c                __u_boot_cmd_nfs
                0x33e344b4                __u_boot_cmd_ping
                0x33e344cc                __u_boot_cmd_saveenv
                0x33e344e4                __u_boot_cmd_env
                0x33e344fc                __u_boot_cmd_editenv
                0x33e34514                __u_boot_cmd_printenv
                0x33e3452c                __u_boot_cmd_setenv
                0x33e34544                __u_boot_cmd_run
                0x33e3455c                __u_boot_cmd_sound
                0x33e34574                __u_boot_cmd_source
                0x33e3458c                __u_boot_cmd_test
                0x33e345a4                __u_boot_cmd_false
                0x33e345bc                __u_boot_cmd_true
                0x33e345d4                __u_boot_cmd_uart3
                0x33e345ec                __u_boot_cmd_dnw
                0x33e34604                __u_boot_cmd_version
                0x33e3461c                __u_boot_cmd_lcd
                0x33e34634                __u_boot_cmd_imxtract
                0x33e3464c                __u_boot_cmd_showvar
                0x33e34664                __u_boot_cmd_end = .
                0x33e34664                . = ALIGN (0x4)
                0x33e34664                __image_copy_end = .

.rel.dyn        0x33e34664     0x5968
                0x33e34664                __rel_dyn_start = .
 *(.rel*)
 .rel.got       0x00000000        0x0 arch/arm/cpu/armv7/start.o
 .rel.plt       0x00000000        0x0 arch/arm/cpu/armv7/start.o
 .rel.text      0x33e34664     0x3eb0 arch/arm/cpu/armv7/start.o
 .rel.rodata    0x33e38514      0x720 arch/arm/cpu/armv7/start.o
 .rel.data      0x33e38c34      0xb88 arch/arm/cpu/armv7/start.o
 .rel.u_boot_cmd
                0x33e397bc      0x810 arch/arm/cpu/armv7/start.o
                0x33e39fcc                __rel_dyn_end = .

.dynsym         0x33e39fcc       0xc0
                0x33e39fcc                __dynsym_start = .
 *(.dynsym)
 .dynsym        0x33e39fcc       0xc0 arch/arm/cpu/armv7/start.o
                0x33e3a08c                _end = .

.bss            0x33e34664    0x35960
                0x33e34664                __bss_start = .
 *(.bss)
 .bss           0x33e34664        0x0 arch/arm/cpu/armv7/start.o
 .bss           0x33e34664        0x0 arch/arm/cpu/armv7/libarmv7.o
 .bss           0x33e34664        0x0 arch/arm/cpu/armv7/s5p-common/libs5p-common.o
 .bss           0x33e34664        0x0 arch/arm/cpu/armv7/s5pc1xx/libs5pc1xx.o
 .bss           0x33e34664        0x8 arch/arm/lib/libarm.o
                0x33e34664                monitor_flash_len
 *fill*         0x33e3466c        0x4 00
 .bss           0x33e34670     0x21c4 common/libcommon.o
                0x33e347a8                his_pad_count
                0x33e347ac                his_pad_char
                0x33e347c8                his_eol
                0x33e347d0                os_data_init
                0x33e347e0                os_data_char
                0x33e347e4                his_quote
                0x33e347e8                send_ptr
                0x33e347ec                send_parms
                0x33e34814                current_mtd_dev
                0x33e34818                devices
                0x33e34820                current_mtd_partnum
                0x33e34a34                mtdids
                0x33e34ad0                mem_malloc_brk
                0x33e34ad4                mem_malloc_start
                0x33e34ad8                mem_malloc_end
                0x33e34b14                env_htab
                0x33e34b20                env_ptr
                0x33e34c70                last_return_code
                0x33e34d78                nesting_level
                0x33e34d88                hist_num
                0x33e34d8c                hist_lines
                0x33e361a0                hist_list
                0x33e361f0                console_buffer
                0x33e36338                stdio_devices
                0x33e36344                otg
                0x33e363c8                speed
                0x33e363cc                remode_wakeup
                0x33e363d0                get_status
                0x33e363d6                config_value
                0x33e363d8                get_intf
                0x33e363dc                s3c_usbd_dn_addr
                0x33e363e0                usb_download_filesize
                0x33e363e4                s3c_usbd_dn_cnt
                0x33e363e8                s3c_receive_done
                0x33e363ec                op_mode
                0x33e363f0                s3c_got_header
                0x33e363f4                DNW
 .bss           0x33e36834        0x0 disk/libdisk.o
 .bss           0x33e36834        0x0 drivers/gpio/libgpio.o
 *fill*         0x33e36834        0x4 00
 .bss           0x33e36838      0x4c8 drivers/mmc/libmmc.o
                0x33e36840                mmc_dev
                0x33e36cc0                mmc_host
 .bss           0x33e36d00       0x80 drivers/mtd/libmtd.o
                0x33e36d00                mtd_table
 .bss           0x33e36d80      0x1d8 drivers/mtd/nand/libnand.o
                0x33e36d80                nand_info
                0x33e36f50                nand_type
                0x33e36f54                cur_ecc_mode
 .bss           0x33e36f58       0xe4 drivers/net/libnet.o
 .bss           0x33e3703c        0x0 drivers/pcmcia/libpcmcia.o
 .bss           0x33e3703c        0x0 drivers/rtc/librtc.o
 .bss           0x33e3703c        0x0 drivers/serial/libserial.o
 .bss           0x33e3703c    0x30008 fs/fat/libfat.o
                0x33e37044                get_vfatname_block
                0x33e47044                do_fat_read_block
                0x33e57044                get_dentfromdir_block
 .bss           0x33e67044        0x8 lib/libgeneric.o
                0x33e67044                errno
                0x33e67048                ___strtok
 .bss           0x33e6704c        0x0 lib/zlib/libz.o
 .bss           0x33e6704c     0x2f74 net/libnet.o
                0x33e6704c                dhcp_leasetime
                0x33e67050                NetDHCPServerIP
                0x33e67054                BootpID
                0x33e67058                dhcp_state
                0x33e6705c                BootpTry
                0x33e67074                NetState
                0x33e67078                NetPingIP
                0x33e67094                NetRestartWrap
                0x33e6709c                NetOurEther
                0x33e670a4                NetRxPacket
                0x33e670a8                NetRxPacketLen
                0x33e670ac                NetOurIP
                0x33e670b0                NetArpWaitPacketIP
                0x33e670b4                NetArpWaitPacketMAC
                0x33e670b8                NetArpWaitReplyIP
                0x33e670bc                NetArpWaitTxPacket
                0x33e670c0                NetArpWaitTxPacketSize
                0x33e670c4                NetTxPacket
                0x33e670c8                NetOurSubnetMask
                0x33e670cc                NetOurGatewayIP
                0x33e670d0                NetArpWaitTimerStart
                0x33e670d4                NetArpWaitTry
                0x33e670e0                NetEtherNullAddr
                0x33e670e8                NetIPID
                0x33e670f0                PktBuf
                0x33e68f10                NetRxPackets
                0x33e68f20                NetArpWaitPacketBuf
                0x33e69544                NetServerIP
                0x33e69548                NetBootFileXferSize
                0x33e6954c                NetOurNISDomain
                0x33e6956c                NetOurHostName
                0x33e6958c                NetOurRootPath
                0x33e695cc                NetOurDNSIP
                0x33e695d0                NetBootFileSize
                0x33e695d4                NetServerEther
                0x33e695dc                BootFile
 .bss           0x33e69fc0        0x4 board/samsung/webee210/libwebee210.o(webee210.o)
 .bss           0x33e69fc4        0x0 board/samsung/webee210/libwebee210.o(lowlevel_init.o)
 .bss           0x33e69fc4        0x0 board/samsung/webee210/libwebee210.o(mem_setup.o)
 .bss           0x33e69fc4        0x0 /home/lry5/workplace/webee/webee210v2_uboot/arch/arm/lib/eabi_compat.o
 .bss           0x33e69fc4        0x0 /home/lry5/下载/opt/FriendlyARM/toolschain/4.5.1/bin/../lib/gcc/arm-none-linux-gnueabi/4.5.1/libgcc.a(_udivsi3.o)
 .bss           0x33e69fc4        0x0 /home/lry5/下载/opt/FriendlyARM/toolschain/4.5.1/bin/../lib/gcc/arm-none-linux-gnueabi/4.5.1/libgcc.a(_divsi3.o)
 .bss           0x33e69fc4        0x0 /home/lry5/下载/opt/FriendlyARM/toolschain/4.5.1/bin/../lib/gcc/arm-none-linux-gnueabi/4.5.1/libgcc.a(_lshrdi3.o)
 .bss           0x33e69fc4        0x0 /home/lry5/下载/opt/FriendlyARM/toolschain/4.5.1/bin/../lib/gcc/arm-none-linux-gnueabi/4.5.1/libgcc.a(_ashrdi3.o)
 .bss           0x33e69fc4        0x0 /home/lry5/下载/opt/FriendlyARM/toolschain/4.5.1/bin/../lib/gcc/arm-none-linux-gnueabi/4.5.1/libgcc.a(_ashldi3.o)
 .bss           0x33e69fc4        0x0 /home/lry5/下载/opt/FriendlyARM/toolschain/4.5.1/bin/../lib/gcc/arm-none-linux-gnueabi/4.5.1/libgcc.a(_dvmd_lnx.o)
                0x33e69fc4                . = ALIGN (0x4)
                0x33e69fc4                __bss_end__ = .

.dynbss         0x33e69fc4        0x0
 .dynbss        0x00000000        0x0 arch/arm/cpu/armv7/start.o

/DISCARD/
 *(.dynstr*)
 *(.dynamic*)
 *(.plt*)
 *(.interp*)
 *(.gnu*)
Address of section .text set to 0x33e00000
LOAD arch/arm/cpu/armv7/start.o
START GROUP
LOAD api/libapi.o
LOAD arch/arm/cpu/armv7/libarmv7.o
LOAD arch/arm/cpu/armv7/s5p-common/libs5p-common.o
LOAD arch/arm/cpu/armv7/s5pc1xx/libs5pc1xx.o
LOAD arch/arm/lib/libarm.o
LOAD common/libcommon.o
LOAD disk/libdisk.o
LOAD drivers/bios_emulator/libatibiosemu.o
LOAD drivers/block/libblock.o
LOAD drivers/dma/libdma.o
LOAD drivers/fpga/libfpga.o
LOAD drivers/gpio/libgpio.o
LOAD drivers/hwmon/libhwmon.o
LOAD drivers/i2c/libi2c.o
LOAD drivers/input/libinput.o
LOAD drivers/misc/libmisc.o
LOAD drivers/mmc/libmmc.o
LOAD drivers/mtd/libmtd.o
LOAD drivers/mtd/nand/libnand.o
LOAD drivers/mtd/onenand/libonenand.o
LOAD drivers/mtd/spi/libspi_flash.o
LOAD drivers/mtd/ubi/libubi.o
LOAD drivers/net/libnet.o
LOAD drivers/net/phy/libphy.o
LOAD drivers/pci/libpci.o
LOAD drivers/pcmcia/libpcmcia.o
LOAD drivers/power/libpower.o
LOAD drivers/rtc/librtc.o
LOAD drivers/serial/libserial.o
LOAD drivers/spi/libspi.o
LOAD drivers/twserial/libtws.o
LOAD drivers/usb/eth/libusb_eth.o
LOAD drivers/usb/gadget/libusb_gadget.o
LOAD drivers/usb/host/libusb_host.o
LOAD drivers/usb/musb/libusb_musb.o
LOAD drivers/usb/phy/libusb_phy.o
LOAD drivers/video/libvideo.o
LOAD drivers/watchdog/libwatchdog.o
LOAD fs/cramfs/libcramfs.o
LOAD fs/ext2/libext2fs.o
LOAD fs/fat/libfat.o
LOAD fs/fdos/libfdos.o
LOAD fs/jffs2/libjffs2.o
LOAD fs/reiserfs/libreiserfs.o
LOAD fs/ubifs/libubifs.o
LOAD fs/yaffs2/libyaffs2.o
LOAD lib/libfdt/libfdt.o
LOAD lib/libgeneric.o
LOAD lib/lzma/liblzma.o
LOAD lib/lzo/liblzo.o
LOAD lib/zlib/libz.o
LOAD net/libnet.o
LOAD post/libpost.o
LOAD board/samsung/webee210/libwebee210.o
END GROUP
LOAD /home/lry5/workplace/webee/webee210v2_uboot/arch/arm/lib/eabi_compat.o
LOAD /home/lry5/下载/opt/FriendlyARM/toolschain/4.5.1/bin/../lib/gcc/arm-none-linux-gnueabi/4.5.1/libgcc.a
OUTPUT(u-boot elf32-littlearm)

.ARM.attributes
                0x00000000       0x32
 .ARM.attributes
                0x00000000       0x19 arch/arm/cpu/armv7/start.o
 .ARM.attributes
                0x00000019       0x29 arch/arm/cpu/armv7/libarmv7.o
 .ARM.attributes
                0x00000042       0x29 arch/arm/cpu/armv7/s5p-common/libs5p-common.o
 .ARM.attributes
                0x0000006b       0x29 arch/arm/cpu/armv7/s5pc1xx/libs5pc1xx.o
 .ARM.attributes
                0x00000094       0x29 arch/arm/lib/libarm.o
 .ARM.attributes
                0x000000bd       0x29 common/libcommon.o
 .ARM.attributes
                0x000000e6       0x29 disk/libdisk.o
 .ARM.attributes
                0x0000010f       0x29 drivers/gpio/libgpio.o
 .ARM.attributes
                0x00000138       0x29 drivers/mmc/libmmc.o
 .ARM.attributes
                0x00000161       0x29 drivers/mtd/libmtd.o
 .ARM.attributes
                0x0000018a       0x29 drivers/mtd/nand/libnand.o
 .ARM.attributes
                0x000001b3       0x29 drivers/net/libnet.o
 .ARM.attributes
                0x000001dc       0x27 drivers/pcmcia/libpcmcia.o
 .ARM.attributes
                0x00000203       0x27 drivers/rtc/librtc.o
 .ARM.attributes
                0x0000022a       0x29 drivers/serial/libserial.o
 .ARM.attributes
                0x00000253       0x29 fs/fat/libfat.o
 .ARM.attributes
                0x0000027c       0x29 lib/libgeneric.o
 .ARM.attributes
                0x000002a5       0x29 lib/zlib/libz.o
 .ARM.attributes
                0x000002ce       0x29 net/libnet.o
 .ARM.attributes
                0x000002f7       0x29 board/samsung/webee210/libwebee210.o(webee210.o)
 .ARM.attributes
                0x00000320       0x19 board/samsung/webee210/libwebee210.o(lowlevel_init.o)
 .ARM.attributes
                0x00000339       0x19 board/samsung/webee210/libwebee210.o(mem_setup.o)
 .ARM.attributes
                0x00000352       0x29 /home/lry5/workplace/webee/webee210v2_uboot/arch/arm/lib/eabi_compat.o
 .ARM.attributes
                0x0000037b       0x28 /home/lry5/下载/opt/FriendlyARM/toolschain/4.5.1/bin/../lib/gcc/arm-none-linux-gnueabi/4.5.1/libgcc.a(_udivsi3.o)
 .ARM.attributes
                0x000003a3       0x28 /home/lry5/下载/opt/FriendlyARM/toolschain/4.5.1/bin/../lib/gcc/arm-none-linux-gnueabi/4.5.1/libgcc.a(_divsi3.o)
 .ARM.attributes
                0x000003cb       0x28 /home/lry5/下载/opt/FriendlyARM/toolschain/4.5.1/bin/../lib/gcc/arm-none-linux-gnueabi/4.5.1/libgcc.a(_lshrdi3.o)
 .ARM.attributes
                0x000003f3       0x28 /home/lry5/下载/opt/FriendlyARM/toolschain/4.5.1/bin/../lib/gcc/arm-none-linux-gnueabi/4.5.1/libgcc.a(_ashrdi3.o)
 .ARM.attributes
                0x0000041b       0x28 /home/lry5/下载/opt/FriendlyARM/toolschain/4.5.1/bin/../lib/gcc/arm-none-linux-gnueabi/4.5.1/libgcc.a(_ashldi3.o)
 .ARM.attributes
                0x00000443       0x28 /home/lry5/下载/opt/FriendlyARM/toolschain/4.5.1/bin/../lib/gcc/arm-none-linux-gnueabi/4.5.1/libgcc.a(_dvmd_lnx.o)

.note.GNU-stack
                0x00000000        0x0
 .note.GNU-stack
                0x00000000        0x0 arch/arm/cpu/armv7/libarmv7.o
 .note.GNU-stack
                0x00000000        0x0 arch/arm/cpu/armv7/s5p-common/libs5p-common.o
 .note.GNU-stack
                0x00000000        0x0 arch/arm/cpu/armv7/s5pc1xx/libs5pc1xx.o
 .note.GNU-stack
                0x00000000        0x0 arch/arm/lib/libarm.o
 .note.GNU-stack
                0x00000000        0x0 common/libcommon.o
 .note.GNU-stack
                0x00000000        0x0 disk/libdisk.o
 .note.GNU-stack
                0x00000000        0x0 drivers/gpio/libgpio.o
 .note.GNU-stack
                0x00000000        0x0 drivers/mmc/libmmc.o
 .note.GNU-stack
                0x00000000        0x0 drivers/mtd/libmtd.o
 .note.GNU-stack
                0x00000000        0x0 drivers/mtd/nand/libnand.o
 .note.GNU-stack
                0x00000000        0x0 drivers/net/libnet.o
 .note.GNU-stack
                0x00000000        0x0 drivers/pcmcia/libpcmcia.o
 .note.GNU-stack
                0x00000000        0x0 drivers/rtc/librtc.o
 .note.GNU-stack
                0x00000000        0x0 drivers/serial/libserial.o
 .note.GNU-stack
                0x00000000        0x0 fs/fat/libfat.o
 .note.GNU-stack
                0x00000000        0x0 lib/libgeneric.o
 .note.GNU-stack
                0x00000000        0x0 lib/zlib/libz.o
 .note.GNU-stack
                0x00000000        0x0 net/libnet.o
 .note.GNU-stack
                0x00000000        0x0 board/samsung/webee210/libwebee210.o(webee210.o)
 .note.GNU-stack
                0x00000000        0x0 /home/lry5/workplace/webee/webee210v2_uboot/arch/arm/lib/eabi_compat.o
 .note.GNU-stack
                0x00000000        0x0 /home/lry5/下载/opt/FriendlyARM/toolschain/4.5.1/bin/../lib/gcc/arm-none-linux-gnueabi/4.5.1/libgcc.a(_udivsi3.o)
 .note.GNU-stack
                0x00000000        0x0 /home/lry5/下载/opt/FriendlyARM/toolschain/4.5.1/bin/../lib/gcc/arm-none-linux-gnueabi/4.5.1/libgcc.a(_divsi3.o)
 .note.GNU-stack
                0x00000000        0x0 /home/lry5/下载/opt/FriendlyARM/toolschain/4.5.1/bin/../lib/gcc/arm-none-linux-gnueabi/4.5.1/libgcc.a(_lshrdi3.o)
 .note.GNU-stack
                0x00000000        0x0 /home/lry5/下载/opt/FriendlyARM/toolschain/4.5.1/bin/../lib/gcc/arm-none-linux-gnueabi/4.5.1/libgcc.a(_ashrdi3.o)
 .note.GNU-stack
                0x00000000        0x0 /home/lry5/下载/opt/FriendlyARM/toolschain/4.5.1/bin/../lib/gcc/arm-none-linux-gnueabi/4.5.1/libgcc.a(_ashldi3.o)
 .note.GNU-stack
                0x00000000        0x0 /home/lry5/下载/opt/FriendlyARM/toolschain/4.5.1/bin/../lib/gcc/arm-none-linux-gnueabi/4.5.1/libgcc.a(_dvmd_lnx.o)

.comment        0x00000000       0x1b
 .comment       0x00000000       0x1b arch/arm/cpu/armv7/libarmv7.o
                                 0x54 (size before relaxing)
 .comment       0x00000000       0x70 arch/arm/cpu/armv7/s5p-common/libs5p-common.o
 .comment       0x00000000       0x1c arch/arm/cpu/armv7/s5pc1xx/libs5pc1xx.o
 .comment       0x00000000       0xa8 arch/arm/lib/libarm.o
 .comment       0x00000000      0x524 common/libcommon.o
 .comment       0x00000000       0x38 disk/libdisk.o
 .comment       0x00000000       0x1c drivers/gpio/libgpio.o
 .comment       0x00000000       0x38 drivers/mmc/libmmc.o
 .comment       0x00000000       0x1c drivers/mtd/libmtd.o
 .comment       0x00000000       0xc4 drivers/mtd/nand/libnand.o
 .comment       0x00000000       0x1c drivers/net/libnet.o
 .comment       0x00000000       0x38 drivers/pcmcia/libpcmcia.o
 .comment       0x00000000       0x1c drivers/rtc/librtc.o
 .comment       0x00000000       0x1c drivers/serial/libserial.o
 .comment       0x00000000       0x38 fs/fat/libfat.o
 .comment       0x00000000      0x1dc lib/libgeneric.o
 .comment       0x00000000       0x1c lib/zlib/libz.o
 .comment       0x00000000       0x8c net/libnet.o
 .comment       0x00000000       0x1c board/samsung/webee210/libwebee210.o(webee210.o)
 .comment       0x00000000       0x1c /home/lry5/workplace/webee/webee210v2_uboot/arch/arm/lib/eabi_compat.o

.debug_line     0x00000000    0x10933
 .debug_line    0x00000000       0xea arch/arm/cpu/armv7/start.o
 .debug_line    0x000000ea      0x281 arch/arm/cpu/armv7/libarmv7.o
 .debug_line    0x0000036b      0x483 arch/arm/cpu/armv7/s5p-common/libs5p-common.o
 .debug_line    0x000007ee      0x25d arch/arm/cpu/armv7/s5pc1xx/libs5pc1xx.o
 .debug_line    0x00000a4b      0x909 arch/arm/lib/libarm.o
 .debug_line    0x00001354     0x7158 common/libcommon.o
 .debug_line    0x000084ac      0x402 disk/libdisk.o
 .debug_line    0x000088ae      0x168 drivers/gpio/libgpio.o
 .debug_line    0x00008a16      0x9b2 drivers/mmc/libmmc.o
 .debug_line    0x000093c8      0x221 drivers/mtd/libmtd.o
 .debug_line    0x000095e9     0x215c drivers/mtd/nand/libnand.o
 .debug_line    0x0000b745      0x422 drivers/net/libnet.o
 .debug_line    0x0000bb67       0xc6 drivers/pcmcia/libpcmcia.o
 .debug_line    0x0000bc2d       0x63 drivers/rtc/librtc.o
 .debug_line    0x0000bc90      0x244 drivers/serial/libserial.o
 .debug_line    0x0000bed4      0x76f fs/fat/libfat.o
 .debug_line    0x0000c643     0x1c59 lib/libgeneric.o
 .debug_line    0x0000e29c      0xaa8 lib/zlib/libz.o
 .debug_line    0x0000ed44     0x138d net/libnet.o
 .debug_line    0x000100d1      0x203 board/samsung/webee210/libwebee210.o(webee210.o)
 .debug_line    0x000102d4      0x12e board/samsung/webee210/libwebee210.o(lowlevel_init.o)
 .debug_line    0x00010402      0x15f board/samsung/webee210/libwebee210.o(mem_setup.o)
 .debug_line    0x00010561       0x86 /home/lry5/workplace/webee/webee210v2_uboot/arch/arm/lib/eabi_compat.o
 .debug_line    0x000105e7       0x9e /home/lry5/下载/opt/FriendlyARM/toolschain/4.5.1/bin/../lib/gcc/arm-none-linux-gnueabi/4.5.1/libgcc.a(_udivsi3.o)
 .debug_line    0x00010685       0xaa /home/lry5/下载/opt/FriendlyARM/toolschain/4.5.1/bin/../lib/gcc/arm-none-linux-gnueabi/4.5.1/libgcc.a(_divsi3.o)
 .debug_line    0x0001072f       0x81 /home/lry5/下载/opt/FriendlyARM/toolschain/4.5.1/bin/../lib/gcc/arm-none-linux-gnueabi/4.5.1/libgcc.a(_lshrdi3.o)
 .debug_line    0x000107b0       0x81 /home/lry5/下载/opt/FriendlyARM/toolschain/4.5.1/bin/../lib/gcc/arm-none-linux-gnueabi/4.5.1/libgcc.a(_ashrdi3.o)
 .debug_line    0x00010831       0x81 /home/lry5/下载/opt/FriendlyARM/toolschain/4.5.1/bin/../lib/gcc/arm-none-linux-gnueabi/4.5.1/libgcc.a(_ashldi3.o)
 .debug_line    0x000108b2       0x81 /home/lry5/下载/opt/FriendlyARM/toolschain/4.5.1/bin/../lib/gcc/arm-none-linux-gnueabi/4.5.1/libgcc.a(_dvmd_lnx.o)

.debug_info     0x00000000    0x3b1ab
 .debug_info    0x00000000       0x6f arch/arm/cpu/armv7/start.o
 .debug_info    0x0000006f      0x533 arch/arm/cpu/armv7/libarmv7.o
 .debug_info    0x000005a2      0xf13 arch/arm/cpu/armv7/s5p-common/libs5p-common.o
 .debug_info    0x000014b5      0xe07 arch/arm/cpu/armv7/s5pc1xx/libs5pc1xx.o
 .debug_info    0x000022bc     0x203b arch/arm/lib/libarm.o
 .debug_info    0x000042f7    0x18a47 common/libcommon.o
 .debug_info    0x0001cd3e      0xef6 disk/libdisk.o
 .debug_info    0x0001dc34      0x803 drivers/gpio/libgpio.o
 .debug_info    0x0001e437     0x2ef9 drivers/mmc/libmmc.o
 .debug_info    0x00021330      0x9ce drivers/mtd/libmtd.o
 .debug_info    0x00021cfe     0xb533 drivers/mtd/nand/libnand.o
 .debug_info    0x0002d231     0x1968 drivers/net/libnet.o
 .debug_info    0x0002eb99      0x11a drivers/pcmcia/libpcmcia.o
 .debug_info    0x0002ecb3       0x8d drivers/rtc/librtc.o
 .debug_info    0x0002ed40      0xd45 drivers/serial/libserial.o
 .debug_info    0x0002fa85     0x16f9 fs/fat/libfat.o
 .debug_info    0x0003117e     0x3a44 lib/libgeneric.o
 .debug_info    0x00034bc2     0x103f lib/zlib/libz.o
 .debug_info    0x00035c01     0x433a net/libnet.o
 .debug_info    0x00039f3b      0xbe3 board/samsung/webee210/libwebee210.o(webee210.o)
 .debug_info    0x0003ab1e       0x7b board/samsung/webee210/libwebee210.o(lowlevel_init.o)
 .debug_info    0x0003ab99       0x77 board/samsung/webee210/libwebee210.o(mem_setup.o)
 .debug_info    0x0003ac10       0xcd /home/lry5/workplace/webee/webee210v2_uboot/arch/arm/lib/eabi_compat.o
 .debug_info    0x0003acdd       0xcd /home/lry5/下载/opt/FriendlyARM/toolschain/4.5.1/bin/../lib/gcc/arm-none-linux-gnueabi/4.5.1/libgcc.a(_udivsi3.o)
 .debug_info    0x0003adaa       0xcd /home/lry5/下载/opt/FriendlyARM/toolschain/4.5.1/bin/../lib/gcc/arm-none-linux-gnueabi/4.5.1/libgcc.a(_divsi3.o)
 .debug_info    0x0003ae77       0xcd /home/lry5/下载/opt/FriendlyARM/toolschain/4.5.1/bin/../lib/gcc/arm-none-linux-gnueabi/4.5.1/libgcc.a(_lshrdi3.o)
 .debug_info    0x0003af44       0xcd /home/lry5/下载/opt/FriendlyARM/toolschain/4.5.1/bin/../lib/gcc/arm-none-linux-gnueabi/4.5.1/libgcc.a(_ashrdi3.o)
 .debug_info    0x0003b011       0xcd /home/lry5/下载/opt/FriendlyARM/toolschain/4.5.1/bin/../lib/gcc/arm-none-linux-gnueabi/4.5.1/libgcc.a(_ashldi3.o)
 .debug_info    0x0003b0de       0xcd /home/lry5/下载/opt/FriendlyARM/toolschain/4.5.1/bin/../lib/gcc/arm-none-linux-gnueabi/4.5.1/libgcc.a(_dvmd_lnx.o)

.debug_abbrev   0x00000000     0xca08
 .debug_abbrev  0x00000000       0x14 arch/arm/cpu/armv7/start.o
 .debug_abbrev  0x00000014      0x1fd arch/arm/cpu/armv7/libarmv7.o
 .debug_abbrev  0x00000211      0x5e9 arch/arm/cpu/armv7/s5p-common/libs5p-common.o
 .debug_abbrev  0x000007fa      0x2bb arch/arm/cpu/armv7/s5pc1xx/libs5pc1xx.o
 .debug_abbrev  0x00000ab5      0x9ed arch/arm/lib/libarm.o
 .debug_abbrev  0x000014a2     0x5827 common/libcommon.o
 .debug_abbrev  0x00006cc9      0x44d disk/libdisk.o
 .debug_abbrev  0x00007116      0x240 drivers/gpio/libgpio.o
 .debug_abbrev  0x00007356      0x906 drivers/mmc/libmmc.o
 .debug_abbrev  0x00007c5c      0x1b7 drivers/mtd/libmtd.o
 .debug_abbrev  0x00007e13     0x13f5 drivers/mtd/nand/libnand.o
 .debug_abbrev  0x00009208      0x347 drivers/net/libnet.o
 .debug_abbrev  0x0000954f       0x76 drivers/pcmcia/libpcmcia.o
 .debug_abbrev  0x000095c5       0x3b drivers/rtc/librtc.o
 .debug_abbrev  0x00009600      0x329 drivers/serial/libserial.o
 .debug_abbrev  0x00009929      0x4f8 fs/fat/libfat.o
 .debug_abbrev  0x00009e21     0x1418 lib/libgeneric.o
 .debug_abbrev  0x0000b239      0x35c lib/zlib/libz.o
 .debug_abbrev  0x0000b595     0x1078 net/libnet.o
 .debug_abbrev  0x0000c60d      0x2e3 board/samsung/webee210/libwebee210.o(webee210.o)
 .debug_abbrev  0x0000c8f0       0x14 board/samsung/webee210/libwebee210.o(lowlevel_init.o)
 .debug_abbrev  0x0000c904       0x14 board/samsung/webee210/libwebee210.o(mem_setup.o)
 .debug_abbrev  0x0000c918       0x78 /home/lry5/workplace/webee/webee210v2_uboot/arch/arm/lib/eabi_compat.o
 .debug_abbrev  0x0000c990       0x14 /home/lry5/下载/opt/FriendlyARM/toolschain/4.5.1/bin/../lib/gcc/arm-none-linux-gnueabi/4.5.1/libgcc.a(_udivsi3.o)
 .debug_abbrev  0x0000c9a4       0x14 /home/lry5/下载/opt/FriendlyARM/toolschain/4.5.1/bin/../lib/gcc/arm-none-linux-gnueabi/4.5.1/libgcc.a(_divsi3.o)
 .debug_abbrev  0x0000c9b8       0x14 /home/lry5/下载/opt/FriendlyARM/toolschain/4.5.1/bin/../lib/gcc/arm-none-linux-gnueabi/4.5.1/libgcc.a(_lshrdi3.o)
 .debug_abbrev  0x0000c9cc       0x14 /home/lry5/下载/opt/FriendlyARM/toolschain/4.5.1/bin/../lib/gcc/arm-none-linux-gnueabi/4.5.1/libgcc.a(_ashrdi3.o)
 .debug_abbrev  0x0000c9e0       0x14 /home/lry5/下载/opt/FriendlyARM/toolschain/4.5.1/bin/../lib/gcc/arm-none-linux-gnueabi/4.5.1/libgcc.a(_ashldi3.o)
 .debug_abbrev  0x0000c9f4       0x14 /home/lry5/下载/opt/FriendlyARM/toolschain/4.5.1/bin/../lib/gcc/arm-none-linux-gnueabi/4.5.1/libgcc.a(_dvmd_lnx.o)

.debug_aranges  0x00000000      0xd80
 .debug_aranges
                0x00000000       0x20 arch/arm/cpu/armv7/start.o
 .debug_aranges
                0x00000020       0x60 arch/arm/cpu/armv7/libarmv7.o
 .debug_aranges
                0x00000080       0x80 arch/arm/cpu/armv7/s5p-common/libs5p-common.o
 .debug_aranges
                0x00000100       0x60 arch/arm/cpu/armv7/s5pc1xx/libs5pc1xx.o
 .debug_aranges
                0x00000160       0xc0 arch/arm/lib/libarm.o
 .debug_aranges
                0x00000220      0x580 common/libcommon.o
 .debug_aranges
                0x000007a0       0x40 disk/libdisk.o
 .debug_aranges
                0x000007e0       0x20 drivers/gpio/libgpio.o
 .debug_aranges
                0x00000800       0x40 drivers/mmc/libmmc.o
 .debug_aranges
                0x00000840       0x20 drivers/mtd/libmtd.o
 .debug_aranges
                0x00000860       0xc0 drivers/mtd/nand/libnand.o
 .debug_aranges
                0x00000920       0x20 drivers/net/libnet.o
 .debug_aranges
                0x00000940       0x20 drivers/serial/libserial.o
 .debug_aranges
                0x00000960       0x40 fs/fat/libfat.o
 .debug_aranges
                0x000009a0      0x1e0 lib/libgeneric.o
 .debug_aranges
                0x00000b80       0x20 lib/zlib/libz.o
 .debug_aranges
                0x00000ba0       0xa0 net/libnet.o
 .debug_aranges
                0x00000c40       0x20 board/samsung/webee210/libwebee210.o(webee210.o)
 .debug_aranges
                0x00000c60       0x20 board/samsung/webee210/libwebee210.o(lowlevel_init.o)
 .debug_aranges
                0x00000c80       0x20 board/samsung/webee210/libwebee210.o(mem_setup.o)
 .debug_aranges
                0x00000ca0       0x20 /home/lry5/workplace/webee/webee210v2_uboot/arch/arm/lib/eabi_compat.o
 .debug_aranges
                0x00000cc0       0x20 /home/lry5/下载/opt/FriendlyARM/toolschain/4.5.1/bin/../lib/gcc/arm-none-linux-gnueabi/4.5.1/libgcc.a(_udivsi3.o)
 .debug_aranges
                0x00000ce0       0x20 /home/lry5/下载/opt/FriendlyARM/toolschain/4.5.1/bin/../lib/gcc/arm-none-linux-gnueabi/4.5.1/libgcc.a(_divsi3.o)
 .debug_aranges
                0x00000d00       0x20 /home/lry5/下载/opt/FriendlyARM/toolschain/4.5.1/bin/../lib/gcc/arm-none-linux-gnueabi/4.5.1/libgcc.a(_lshrdi3.o)
 .debug_aranges
                0x00000d20       0x20 /home/lry5/下载/opt/FriendlyARM/toolschain/4.5.1/bin/../lib/gcc/arm-none-linux-gnueabi/4.5.1/libgcc.a(_ashrdi3.o)
 .debug_aranges
                0x00000d40       0x20 /home/lry5/下载/opt/FriendlyARM/toolschain/4.5.1/bin/../lib/gcc/arm-none-linux-gnueabi/4.5.1/libgcc.a(_ashldi3.o)
 .debug_aranges
                0x00000d60       0x20 /home/lry5/下载/opt/FriendlyARM/toolschain/4.5.1/bin/../lib/gcc/arm-none-linux-gnueabi/4.5.1/libgcc.a(_dvmd_lnx.o)

.debug_pubnames
                0x00000000     0x4109
 .debug_pubnames
                0x00000000      0x1ef arch/arm/cpu/armv7/libarmv7.o
 .debug_pubnames
                0x000001ef      0x168 arch/arm/cpu/armv7/s5p-common/libs5p-common.o
 .debug_pubnames
                0x00000357       0x63 arch/arm/cpu/armv7/s5pc1xx/libs5pc1xx.o
 .debug_pubnames
                0x000003ba      0x394 arch/arm/lib/libarm.o
 .debug_pubnames
                0x0000074e     0x206d common/libcommon.o
 .debug_pubnames
                0x000027bb       0xb9 disk/libdisk.o
 .debug_pubnames
                0x00002874      0x166 drivers/gpio/libgpio.o
 .debug_pubnames
                0x000029da      0x230 drivers/mmc/libmmc.o
 .debug_pubnames
                0x00002c0a       0x82 drivers/mtd/libmtd.o
 .debug_pubnames
                0x00002c8c      0x309 drivers/mtd/nand/libnand.o
 .debug_pubnames
                0x00002f95       0x28 drivers/net/libnet.o
 .debug_pubnames
                0x00002fbd      0x30a drivers/serial/libserial.o
 .debug_pubnames
                0x000032c7      0x123 fs/fat/libfat.o
 .debug_pubnames
                0x000033ea      0x547 lib/libgeneric.o
 .debug_pubnames
                0x00003931       0xb4 lib/zlib/libz.o
 .debug_pubnames
                0x000039e5      0x657 net/libnet.o
 .debug_pubnames
                0x0000403c       0x96 board/samsung/webee210/libwebee210.o(webee210.o)
 .debug_pubnames
                0x000040d2       0x37 /home/lry5/workplace/webee/webee210v2_uboot/arch/arm/lib/eabi_compat.o

.debug_frame    0x00000000     0x5b60
 .debug_frame   0x00000000      0x168 arch/arm/cpu/armv7/libarmv7.o
 .debug_frame   0x00000168      0x1d4 arch/arm/cpu/armv7/s5p-common/libs5p-common.o
 .debug_frame   0x0000033c       0xb8 arch/arm/cpu/armv7/s5pc1xx/libs5pc1xx.o
 .debug_frame   0x000003f4      0x3b0 arch/arm/lib/libarm.o
 .debug_frame   0x000007a4     0x26f4 common/libcommon.o
 .debug_frame   0x00002e98      0x174 disk/libdisk.o
 .debug_frame   0x0000300c      0x11c drivers/gpio/libgpio.o
 .debug_frame   0x00003128      0x408 drivers/mmc/libmmc.o
 .debug_frame   0x00003530       0x7c drivers/mtd/libmtd.o
 .debug_frame   0x000035ac      0xbc4 drivers/mtd/nand/libnand.o
 .debug_frame   0x00004170      0x180 drivers/net/libnet.o
 .debug_frame   0x000042f0      0x254 drivers/serial/libserial.o
 .debug_frame   0x00004544      0x258 fs/fat/libfat.o
 .debug_frame   0x0000479c      0x904 lib/libgeneric.o
 .debug_frame   0x000050a0      0x11c lib/zlib/libz.o
 .debug_frame   0x000051bc      0x888 net/libnet.o
 .debug_frame   0x00005a44       0xac board/samsung/webee210/libwebee210.o(webee210.o)
 .debug_frame   0x00005af0       0x30 /home/lry5/workplace/webee/webee210v2_uboot/arch/arm/lib/eabi_compat.o
 .debug_frame   0x00005b20       0x20 /home/lry5/下载/opt/FriendlyARM/toolschain/4.5.1/bin/../lib/gcc/arm-none-linux-gnueabi/4.5.1/libgcc.a(_udivsi3.o)
 .debug_frame   0x00005b40       0x20 /home/lry5/下载/opt/FriendlyARM/toolschain/4.5.1/bin/../lib/gcc/arm-none-linux-gnueabi/4.5.1/libgcc.a(_divsi3.o)

.debug_str      0x00000000     0x9279
 .debug_str     0x00000000      0x243 arch/arm/cpu/armv7/libarmv7.o
                                0x486 (size before relaxing)
 .debug_str     0x00000243      0x3b7 arch/arm/cpu/armv7/s5p-common/libs5p-common.o
                                0x851 (size before relaxing)
 .debug_str     0x000005fa      0x2d2 arch/arm/cpu/armv7/s5pc1xx/libs5pc1xx.o
                                0x3f2 (size before relaxing)
 .debug_str     0x000008cc      0x7d9 arch/arm/lib/libarm.o
                               0x1299 (size before relaxing)
 .debug_str     0x000010a5     0x44a3 common/libcommon.o
                               0xa55c (size before relaxing)
 .debug_str     0x00005548      0x260 disk/libdisk.o
                                0x6b7 (size before relaxing)
 .debug_str     0x000057a8      0x140 drivers/gpio/libgpio.o
                                0x24e (size before relaxing)
 .debug_str     0x000058e8      0x464 drivers/mmc/libmmc.o
                                0xb98 (size before relaxing)
 .debug_str     0x00005d4c       0xad drivers/mtd/libmtd.o
                                0x4d6 (size before relaxing)
 .debug_str     0x00005df9      0xf62 drivers/mtd/nand/libnand.o
                               0x3ebb (size before relaxing)
 .debug_str     0x00006d5b      0x2cf drivers/net/libnet.o
                                0x43e (size before relaxing)
 .debug_str     0x0000702a       0x58 drivers/pcmcia/libpcmcia.o
                                0x1d3 (size before relaxing)
 .debug_str     0x00007082       0x3f drivers/rtc/librtc.o
                                 0xdf (size before relaxing)
 .debug_str     0x000070c1      0x310 drivers/serial/libserial.o
                                0x5b5 (size before relaxing)
 .debug_str     0x000073d1      0x546 fs/fat/libfat.o
                                0x891 (size before relaxing)
 .debug_str     0x00007917      0x67a lib/libgeneric.o
                               0x16d9 (size before relaxing)
 .debug_str     0x00007f91      0x2f2 lib/zlib/libz.o
                                0x583 (size before relaxing)
 .debug_str     0x00008283      0xe53 net/libnet.o
                               0x19e3 (size before relaxing)
 .debug_str     0x000090d6      0x171 board/samsung/webee210/libwebee210.o(webee210.o)
                                0x4a4 (size before relaxing)
 .debug_str     0x00009247       0x32 /home/lry5/workplace/webee/webee210v2_uboot/arch/arm/lib/eabi_compat.o
                                0x10b (size before relaxing)

.debug_loc      0x00000000    0x2a855
 .debug_loc     0x00000000      0x15d arch/arm/cpu/armv7/libarmv7.o
 .debug_loc     0x0000015d      0x843 arch/arm/cpu/armv7/s5p-common/libs5p-common.o
 .debug_loc     0x000009a0      0x70a arch/arm/cpu/armv7/s5pc1xx/libs5pc1xx.o
 .debug_loc     0x000010aa      0x75c arch/arm/lib/libarm.o
 .debug_loc     0x00001806    0x11a38 common/libcommon.o
 .debug_loc     0x0001323e      0x8f7 disk/libdisk.o
 .debug_loc     0x00013b35      0x55a drivers/gpio/libgpio.o
 .debug_loc     0x0001408f     0x2143 drivers/mmc/libmmc.o
 .debug_loc     0x000161d2      0x252 drivers/mtd/libmtd.o
 .debug_loc     0x00016424     0x88a6 drivers/mtd/nand/libnand.o
 .debug_loc     0x0001ecca      0x981 drivers/net/libnet.o
 .debug_loc     0x0001f64b      0x3d6 drivers/serial/libserial.o
 .debug_loc     0x0001fa21     0x18a7 fs/fat/libfat.o
 .debug_loc     0x000212c8     0x426c lib/libgeneric.o
 .debug_loc     0x00025534     0x2625 lib/zlib/libz.o
 .debug_loc     0x00027b59     0x2aac net/libnet.o
 .debug_loc     0x0002a605      0x23d board/samsung/webee210/libwebee210.o(webee210.o)
 .debug_loc     0x0002a842       0x13 /home/lry5/workplace/webee/webee210v2_uboot/arch/arm/lib/eabi_compat.o

.debug_pubtypes
                0x00000000     0x3cdb
 .debug_pubtypes
                0x00000000       0x4e arch/arm/cpu/armv7/libarmv7.o
 .debug_pubtypes
                0x0000004e       0xda arch/arm/cpu/armv7/s5p-common/libs5p-common.o
 .debug_pubtypes
                0x00000128       0x47 arch/arm/cpu/armv7/s5pc1xx/libs5pc1xx.o
 .debug_pubtypes
                0x0000016f      0x3a0 arch/arm/lib/libarm.o
 .debug_pubtypes
                0x0000050f     0x1a6c common/libcommon.o
 .debug_pubtypes
                0x00001f7b      0x186 disk/libdisk.o
 .debug_pubtypes
                0x00002101       0x2c drivers/gpio/libgpio.o
 .debug_pubtypes
                0x0000212d      0x1b2 drivers/mmc/libmmc.o
 .debug_pubtypes
                0x000022df      0x16d drivers/mtd/libmtd.o
 .debug_pubtypes
                0x0000244c      0xc62 drivers/mtd/nand/libnand.o
 .debug_pubtypes
                0x000030ae       0x8b drivers/net/libnet.o
 .debug_pubtypes
                0x00003139       0x24 drivers/pcmcia/libpcmcia.o
 .debug_pubtypes
                0x0000315d       0x12 drivers/rtc/librtc.o
 .debug_pubtypes
                0x0000316f       0x9c drivers/serial/libserial.o
 .debug_pubtypes
                0x0000320b      0x17d fs/fat/libfat.o
 .debug_pubtypes
                0x00003388      0x4ac lib/libgeneric.o
 .debug_pubtypes
                0x00003834      0x11e lib/zlib/libz.o
 .debug_pubtypes
                0x00003952      0x2d4 net/libnet.o
 .debug_pubtypes
                0x00003c26       0xa3 board/samsung/webee210/libwebee210.o(webee210.o)
 .debug_pubtypes
                0x00003cc9       0x12 /home/lry5/workplace/webee/webee210v2_uboot/arch/arm/lib/eabi_compat.o

.debug_ranges   0x00000000     0x2848
 .debug_ranges  0x00000000       0xa8 arch/arm/cpu/armv7/s5p-common/libs5p-common.o
 .debug_ranges  0x000000a8       0xb8 arch/arm/cpu/armv7/s5pc1xx/libs5pc1xx.o
 .debug_ranges  0x00000160       0xd8 arch/arm/lib/libarm.o
 .debug_ranges  0x00000238     0x1058 common/libcommon.o
 .debug_ranges  0x00001290      0x198 drivers/gpio/libgpio.o
 .debug_ranges  0x00001428      0x3a8 drivers/mmc/libmmc.o
 .debug_ranges  0x000017d0      0x5a8 drivers/mtd/nand/libnand.o
 .debug_ranges  0x00001d78      0x288 drivers/net/libnet.o
 .debug_ranges  0x00002000       0x60 drivers/serial/libserial.o
 .debug_ranges  0x00002060      0x1a0 fs/fat/libfat.o
 .debug_ranges  0x00002200      0x2c0 lib/libgeneric.o
 .debug_ranges  0x000024c0       0x60 lib/zlib/libz.o
 .debug_ranges  0x00002520      0x288 net/libnet.o
 .debug_ranges  0x000027a8       0xa0 board/samsung/webee210/libwebee210.o(webee210.o)
