Archive member included because of file (symbol)

board/samsung/webee210/libwebee210.o(webee210.o)
                              arch/arm/lib/libarm.o (board_late_init)
board/samsung/webee210/libwebee210.o(lowlevel_init.o)
                              arch/arm/cpu/armv7/start.o (lowlevel_init)
board/samsung/webee210/libwebee210.o(mem_setup.o)
                              board/samsung/webee210/libwebee210.o(lowlevel_init.o) (mem_ctrl_asm_init)
/usr/local/arm/4.3.2/bin/../lib/gcc/arm-none-linux-gnueabi/4.3.2/armv4t/libgcc.a(_udivsi3.o)
                              arch/arm/cpu/armv7/s5p-common/libs5p-common.o (__aeabi_uidiv)
/usr/local/arm/4.3.2/bin/../lib/gcc/arm-none-linux-gnueabi/4.3.2/armv4t/libgcc.a(_divsi3.o)
                              common/libcommon.o (__aeabi_idiv)
/usr/local/arm/4.3.2/bin/../lib/gcc/arm-none-linux-gnueabi/4.3.2/armv4t/libgcc.a(_lshrdi3.o)
                              drivers/mtd/nand/libnand.o (__aeabi_llsr)
/usr/local/arm/4.3.2/bin/../lib/gcc/arm-none-linux-gnueabi/4.3.2/armv4t/libgcc.a(_ashrdi3.o)
                              drivers/mtd/nand/libnand.o (__aeabi_lasr)
/usr/local/arm/4.3.2/bin/../lib/gcc/arm-none-linux-gnueabi/4.3.2/armv4t/libgcc.a(_ashldi3.o)
                              drivers/mmc/libmmc.o (__aeabi_llsl)
/usr/local/arm/4.3.2/bin/../lib/gcc/arm-none-linux-gnueabi/4.3.2/armv4t/libgcc.a(_dvmd_lnx.o)
                              /usr/local/arm/4.3.2/bin/../lib/gcc/arm-none-linux-gnueabi/4.3.2/armv4t/libgcc.a(_udivsi3.o) (__aeabi_idiv0)

Memory Configuration

Name             Origin             Length             Attributes
*default*        0x00000000         0xffffffff

Linker script and memory map

                0x00000000                . = 0x0
                0x00000000                . = ALIGN (0x4)

.text           0x33e00000    0x29df0
 arch/arm/cpu/armv7/start.o(.text)
 .text          0x33e00000      0x500 arch/arm/cpu/armv7/start.o
                0x33e00040                _end_vect
                0x33e00100                relocate_code
                0x33e00054                IRQ_STACK_START_IN
                0x33e00000                _start
                0x33e00044                _bss_start_ofs
                0x33e0004c                _bss_end_ofs
                0x33e00048                _image_copy_end_ofs
                0x33e00050                _end_ofs
                0x33e00040                _TEXT_BASE
 *(.text)
 .text          0x33e00500       0xdc arch/arm/cpu/armv7/libarmv7.o
                0x33e0054c                cleanup_before_linux
                0x33e00508                invalidate_dcache_range
                0x33e0053c                v7_outer_cache_inval_all
                0x33e00544                __v7_outer_cache_inval_range
                0x33e00538                __v7_outer_cache_flush_all
                0x33e00598                wait_on_value
                0x33e00500                invalidate_dcache_all
                0x33e00534                __v7_outer_cache_disable
                0x33e00540                v7_outer_cache_flush_range
                0x33e00514                flush_cache
                0x33e00548                save_boot_params_default
                0x33e00540                __v7_outer_cache_flush_range
                0x33e00578                sr32
                0x33e00518                invalidate_icache_all
                0x33e00510                arm_init_before_mmu
                0x33e00548                save_boot_params
                0x33e0056c                sdelay
                0x33e0050c                flush_dcache_range
                0x33e00538                v7_outer_cache_flush_all
                0x33e00504                flush_dcache_all
                0x33e0053c                __v7_outer_cache_inval_all
                0x33e00530                __v7_outer_cache_enable
                0x33e00544                v7_outer_cache_inval_range
 .text          0x33e005dc      0x558 arch/arm/cpu/armv7/s5p-common/libs5p-common.o
                0x33e00748                __udelay
                0x33e005dc                arch_cpu_init
                0x33e00830                s5p_config_sromc
                0x33e007f4                get_tbclk
                0x33e00734                get_timer
                0x33e006d0                reset_timer_masked
                0x33e007fc                timer_init
                0x33e00928                pwm_init
                0x33e009f8                pwm_config
                0x33e006ec                get_timer_masked
                0x33e0060c                get_device_type
                0x33e007e0                get_ticks
                0x33e008c4                pwm_enable
                0x33e008f8                pwm_disable
                0x33e0061c                print_cpuinfo
 *fill*         0x33e00b34        0xc 00
 .text          0x33e00b40      0x33c arch/arm/cpu/armv7/s5pc1xx/libs5pc1xx.o
                0x33e00e14                v7_outer_cache_disable
                0x33e00dcc                get_pwm_clk
                0x33e00d0c                get_arm_clk
                0x33e00e40                reset_cpu
                0x33e00dac                get_uart_clk
                0x33e00b98                get_pll_clk
                0x33e00e00                v7_outer_cache_enable
                0x33e00b94                set_mmc_clk
 .text          0x33e00e7c      0x8b8 arch/arm/lib/libarm.o
                0x33e013b0                arch_lmb_reserve
                0x33e00e94                __yellow_LED_off
                0x33e013e4                enable_caches
                0x33e01464                dcache_enable
                0x33e00e88                green_LED_on
                0x33e00f34                hang
                0x33e00e88                __green_LED_on
                0x33e00e90                __yellow_LED_on
                0x33e00ea0                __dram_init_banksize
                0x33e0162c                do_fiq
                0x33e00e90                yellow_LED_on
                0x33e00e8c                __green_LED_off
                0x33e01490                interrupt_init
                0x33e00e84                __red_LED_off
                0x33e016e0                do_undefined_instruction
                0x33e014b8                show_regs
                0x33e01608                do_irq
                0x33e00f44                board_init_r
                0x33e00e9c                blue_LED_off
                0x33e01434                icache_enable
                0x33e00e7c                coloured_LED_init
                0x33e01704                do_reset
                0x33e00e9c                __blue_LED_off
                0x33e013d8                __flush_dcache_all
                0x33e015f8                bad_mode
                0x33e00e98                blue_LED_on
                0x33e00e94                yellow_LED_off
                0x33e01400                __arm_init_before_mmu
                0x33e00e84                red_LED_off
                0x33e011cc                do_bootm_linux
                0x33e00e8c                green_LED_off
                0x33e00e7c                __coloured_LED_init
                0x33e01698                do_prefetch_abort
                0x33e00e80                red_LED_on
                0x33e01474                icache_disable
                0x33e0106c                board_init_f
                0x33e014b0                disable_interrupts
                0x33e01650                do_not_used
                0x33e01674                do_data_abort
                0x33e0146c                dcache_status
                0x33e00e98                __blue_LED_on
                0x33e016bc                do_software_interrupt
                0x33e00e80                __red_LED_on
                0x33e00ebc                board_init_f_nand
                0x33e013e4                __enable_caches
                0x33e014ac                enable_interrupts
                0x33e013d4                __flush_cache
                0x33e01450                icache_status
                0x33e01468                dcache_disable
 .text          0x33e01734    0x12888 common/libcommon.o
                0x33e10598                stdio_clone
                0x33e13708                xyzModem_error
                0x33e0a334                do_imgextract
                0x33e125b8                s3c_usb_dma_in_done
                0x33e0acd8                console_init_r
                0x33e126c8                s3c_usb_set_all_outep_nak
                0x33e043a8                do_mem_base
                0x33e01aa0                do_bootd
                0x33e0a6e0                find_cmd_tbl
                0x33e018ac                do_go
                0x33e12a1c                s3c_usb_clear_upfile_info
                0x33e09844                do_env_edit
                0x33e02744                do_coninfo
                0x33e12c1c                s3c_usb_verify_checksum
                0x33e0ca0c                new_pipe
                0x33e0ee1c                __show_boot_progress
                0x33e0abd8                printf
                0x33e13518                lcd_draw_pixel
                0x33e05ccc                mtd_id_parse
                0x33e05134                do_mmcops
                0x33e0ef1c                run_command
                0x33e0370c                k_data_init
                0x33e037ec                s1_sendpacket
                0x33e12a8c                s3c_usb_set_opmode
                0x33e0eaa8                getenv_bootm_size
                0x33e0aaf8                console_assign
                0x33e048fc                do_mem_mw
                0x33e0c878                mapset
                0x33e03818                handle_send_packet
                0x33e02834                do_echo
                0x33e0c2a4                env_relocate_spec
                0x33e0eeac                do_run
                0x33e0d470                get_local_var
                0x33e02c8c                do_bootelf
                0x33e050a4                do_menu
                0x33e0e7dc                image_print_contents
                0x33e09048                getenv
                0x33e0c0c0                env_import
                0x33e0e680                genimg_get_comp_id
                0x33e0317c                do_flinfo
                0x33e0e6c8                genimg_get_os_id
                0x33e12ef8                s3c_usb_pkt_receive
                0x33e01894                do_go_exec
                0x33e04300                do_mem_crc
                0x33e102a0                serial_register
                0x33e04b0c                do_mem_nm
                0x33e130e4                s3c_usb_transfer
                0x33e029c0                do_bootvx
                0x33e129dc                s3c_usb_clear_dnfile_info
                0x33e0ae3c                getc
                0x33e11f08                s3c_usb_int_bulkin
                0x33e0ee20                parse_line
                0x33e02ff8                do_fat_fsload
                0x33e026d0                bootm_maybe_autostart
                0x33e0e54c                get_table_entry_name
                0x33e0aad0                search_device
                0x33e0e5d8                genimg_has_config
                0x33e0fd68                readline
                0x33e06a78                mtdparts_init
                0x33e0ab88                puts
                0x33e0aab4                dbg
                0x33e04b2c                do_mem_mm
                0x33e0b2e8                malloc
                0x33e07938                do_nandboot
                0x33e137a4                xyzModem_stream_close
                0x33e0e6b0                genimg_get_arch_id
                0x33e10804                s3c_usb_set_inep_xfersize
                0x33e0a684                cmd_usage
                0x33e11104                s3c_usb_transfer_ep0
                0x33e04c44                main_menu_usage
                0x33e08f60                getenv_f
                0x33e0adc0                serial_printf
                0x33e10fe4                s3c_usb_set_otherspeed_conf_desc
                0x33e0e420                parse_string_outer
                0x33e137f8                CYGACC_COMM_IF_GETC_TIMEOUT
                0x33e0901c                do_env_save
                0x33e10780                s3c_usb_set_soft_disconnect
                0x33e0ee1c                show_boot_progress
                0x33e0374c                k_data_restore
                0x33e126f0                s3c_usb_clear_all_outep_nak
                0x33e0704c                do_mtdparts
                0x33e0c194                env_get_char
                0x33e135e0                parse_num
                0x33e0468c                do_mem_cp
                0x33e13338                s3c_usbctl_init
                0x33e0e58c                genimg_get_arch_name
                0x33e0c3a8                saveenv
                0x33e103f4                serial_setbrg
                0x33e0ba2c                pvalloc
                0x33e04c28                awaitkey
                0x33e0eb04                getenv_bootm_mapsize
                0x33e0fd84                main_loop
                0x33e0d400                update_ifs_map
                0x33e12828                s3c_usb_set_descriptors
                0x33e104c0                serial_initialize
                0x33e0feb4                get_ram_size
                0x33e0ebd0                boot_get_ramdisk
                0x33e12ea8                s3c_usb_int_bulkout
                0x33e1058c                stdio_get_list
                0x33e0a9f8                ftstc
                0x33e039dc                send_nack
                0x33e0eb7c                image_check_hcrc
                0x33e02e18                do_fat_fsinfo
                0x33e03bc4                do_load_serial_bin
                0x33e0c1d4                env_get_char_spec
                0x33e05dd8                find_dev_and_part
                0x33e043ec                do_mem_mtest
                0x33e0d250                set_local_var
                0x33e13874                xyzModem_stream_terminate
                0x33e106b0                stdio_get_by_name
                0x33e09b00                sound_test
                0x33e0e3dc                parse_file_outer
                0x33e032b8                binary_test
                0x33e135c8                WB_lcd_init_and_display
                0x33e075f4                do_chpart
                0x33e102b8                serial_reinit_all
                0x33e10620                stdio_init
                0x33e0ba50                calloc
                0x33e0aea4                malloc_usable_size
                0x33e04760                do_mem_cmp
                0x33e0e574                genimg_get_os_name
                0x33e13208                s3c_udc_int_hndlr
                0x33e0ab38                fprintf
                0x33e0ae24                tstc
                0x33e0e5a4                genimg_get_type_name
                0x33e01944                arch_preboot_os
                0x33e10838                s3c_usb_set_outep_xfersize
                0x33e0c758                simple_itoa
                0x33e0f524                readline_into_buffer
                0x33e0aba4                vprintf
                0x33e0e704                genimg_get_format
                0x33e107f0                s3c_usb_stop
                0x33e0bfbc                env_get_addr
                0x33e02de8                do_exit
                0x33e0e5bc                genimg_get_comp_name
                0x33e10374                serial_tstc
                0x33e0a780                find_cmd
                0x33e0a134                putc3
                0x33e0318c                do_protect
                0x33e0243c                do_bootm
                0x33e03478                do_itest
                0x33e028b4                valid_elf_image
                0x33e107a8                s3c_usb_init_device
                0x33e09b34                source
                0x33e0376c                k_data_char
                0x33e098b0                iis_init
                0x33e02c48                do_bootelf_exec
                0x33e0eb34                image_check_dcrc
                0x33e099e4                iic_init
                0x33e03540                buzzer_off
                0x33e08874                do_ping
                0x33e0bfec                set_default_env
                0x33e091e0                _do_env_set
                0x33e1032c                serial_putc
                0x33e12a5c                s3c_usb_check_setconf
                0x33e0cd0c                unset_local_var
                0x33e050b4                do_sleep
                0x33e0af58                mem_malloc_init
                0x33e03184                do_flerase
                0x33e10bbc                s3c_usb_set_feature
                0x33e095d0                setenv
                0x33e0ae54                ctrlc
                0x33e12fc8                s3c_usb_dma_out_done
                0x33e0bb30                realloc
                0x33e0a60c                cmd_get_data_size
                0x33e10dc4                s3c_usb_ep0_int_hndlr
                0x33e127c8                s3c_usb_set_endpoint
                0x33e0c090                env_relocate
                0x33e10474                serial_assign
                0x33e12cf4                s3c_usb_download_continue
                0x33e0e7ac                genimg_print_size
                0x33e0afe0                malloc_trim
                0x33e0e604                getenv_bootm_low
                0x33e095b4                do_env_set
                0x33e0e5d4                genimg_get_image
                0x33e0e524                image_multi_count
                0x33e0e698                genimg_get_type_id
                0x33e0af88                sbrk
                0x33e108c4                s3c_usb_write_in_fifo
                0x33e13e58                xyzModem_stream_open
                0x33e0c8b0                do_showvar
                0x33e09a20                wm8960_init
                0x33e133fc                lcd_init
                0x33e01748                do_bdinfo
                0x33e04594                do_mem_loop
                0x33e036a0                chk1
                0x33e132ac                s3c_usb_wait_cable_insert
                0x33e0e970                memmove_wd
                0x33e08bec                get_env_id
                0x33e09cb8                do_test
                0x33e10b40                s3c_usb_clear_feature
                0x33e03510                buzzer_on
                0x33e0aee8                mallopt
                0x33e02ef0                do_fat_ls
                0x33e0a7a8                _do_help
                0x33e107e8                s3c_usbc_activate
                0x33e0c1e0                env_init
                0x33e0e634                get_table_entry_id
                0x33e1086c                s3c_usb_write_ep0_fifo
                0x33e0ae08                putc
                0x33e1234c                s3c_usb_download_start
                0x33e10434                serial_init
                0x33e0aa78                disable_ctrlc
                0x33e03558                delay
                0x33e0c2e8                writeenv
                0x33e0a9d0                fgetc
                0x33e0b91c                memalign
                0x33e0372c                k_data_save
                0x33e08bd4                do_tftpb
                0x33e12718                s3c_usb_set_max_pktsize
                0x33e09ca8                do_false
                0x33e04b4c                do_mem_md
                0x33e08bc8                do_dhcp
                0x33e102e4                serial_puts
                0x33e0b2e4                cfree
                0x33e0aa90                had_ctrlc
                0x33e1076c                s3c_usb_check_current_mode
                0x33e10500                serial_stdio_init
                0x33e031e4                do_help
                0x33e021f4                do_bootm_subcommand
                0x33e0ced0                reserved_word
                0x33e0ba44                valloc
                0x33e09c64                do_source
                0x33e0aa20                fputc
                0x33e0c520                jumptable_init
                0x33e137f0                CYGACC_COMM_IF_PUTC
                0x33e03680                ktrans
                0x33e09928                iic_write
                0x33e10704                s3c_usb_phy_off
                0x33e0aac0                console_init_f
                0x33e0357c                hareware_init
                0x33e05780                device_find
                0x33e037bc                send_pad
                0x33e0aaa0                clear_ctrlc
                0x33e0e97c                boot_ramdisk_high
                0x33e10030                srec_decode
                0x33e08be0                do_bootp
                0x33e10d1c                s3c_usb_get_status
                0x33e129c4                s3c_usb_check_speed
                0x33e103b4                serial_getc
                0x33e0c99c                u_boot_hush_start
                0x33e0c518                get_version
                0x33e06754                mtd_device_validate
                0x33e09154                do_env_print
                0x33e0c1fc                readenv
                0x33e0bfdc                env_get_char_memory
                0x33e08bbc                do_nfs
                0x33e0a2fc                do_version
                0x33e10750                s3c_usb_init_core
                0x33e120f0                s3c_usb_upload_start
                0x33e0ac20                stdio_print_current_devices
                0x33e10794                s3c_usb_clear_soft_disconnect
                0x33e10730                s3c_usb_core_soft_reset
                0x33e12f7c                s3c_usb_print_pkt
                0x33e1352c                lcd_clear_screen
                0x33e12bc0                s3c_usb_set_init
                0x33e0e728                image_multi_getimg
                0x33e08f00                envmatch
                0x33e07de8                do_nand
                0x33e03a3c                send_ack
                0x33e01944                __arch_preboot_os
                0x33e0aa4c                fputs
                0x33e1356c                lcd_draw_picture
                0x33e12b58                s3c_usb_reset
                0x33e05598                do_mmcinfo
                0x33e10970                s3c_usb_get_desc
                0x33e1091c                s3c_usb_read_out_fifo
                0x33e0a1e4                do_usbd_dnw
                0x33e04ce8                menu_shell
                0x33e0a150                uart3_test
                0x33e132f8                s3c_usb_init_phy
                0x33e0e5e0                getenv_yesno
                0x33e04220                do_load_serial
                0x33e01a34                do_iminfo
                0x33e105e0                stdio_register
                0x33e13bcc                xyzModem_stream_read
                0x33e0b0ac                free
                0x33e09cb0                do_true
                0x33e03594                led_test
 .text          0x33e13fbc      0x8b8 disk/libdisk.o
                0x33e145cc                get_partition_info_dos
                0x33e14848                print_part_dos
                0x33e140a4                dev_print
                0x33e145ec                test_part_dos
                0x33e13fbc                print_part
                0x33e142fc                get_dev
                0x33e142bc                get_partition_info
                0x33e142e0                init_part
 .text          0x33e14874      0x20c drivers/gpio/libgpio.o
                0x33e148d0                s5p_gpio_set_value
                0x33e1490c                s5p_gpio_set_pull
                0x33e148c8                s5p_gpio_direction_input
                0x33e14934                s5p_gpio_set_drv
                0x33e14890                s5p_gpio_direction_output
                0x33e148f4                s5p_gpio_get_value
                0x33e14988                s5p_gpio_get_bank
                0x33e149f4                gpio_direction_output
                0x33e14a50                gpio_set_value
                0x33e149c8                gpio_direction_input
                0x33e149a8                s5p_gpio_get_pin
                0x33e14a28                gpio_get_value
                0x33e149c0                gpio_request
                0x33e14874                s5p_gpio_cfg_pin
                0x33e14960                s5p_gpio_set_rate
 .text          0x33e14a80     0x1c90 drivers/mmc/libmmc.o
                0x33e14d04                cpu_mmc_init
                0x33e14afc                mmc_send_ext_csd
                0x33e14b4c                sd_switch
                0x33e15830                mmc_startup
                0x33e14aac                __board_mmc_getcd
                0x33e14d1c                print_mmc_devices
                0x33e14ac4                mmc_set_blocklen
                0x33e14ab4                mmc_send_cmd
                0x33e14bc8                mmc_set_clock
                0x33e15e8c                mmc_init
                0x33e15344                mmc_send_op_cond
                0x33e14c70                mmc_register
                0x33e14e1c                mmc_get_dev
                0x33e15194                sd_send_op_cond
                0x33e156e4                mmc_switch
                0x33e14bb8                mmc_set_ios
                0x33e1577c                mmc_change_freq
                0x33e14aac                board_mmc_getcd
                0x33e15f3c                mmc_read_blocks
                0x33e14be8                mmc_set_bus_width
                0x33e14dd0                find_mmc_device
                0x33e1549c                mmc_send_status
                0x33e14d0c                get_mmc_num
                0x33e152f0                mmc_go_idle
                0x33e14bf0                mmc_send_if_cond
                0x33e14fc0                sd_change_freq
                0x33e15740                mmc_switch_part
                0x33e160c0                s5p_mmc_init
                0x33e14d84                mmc_initialize
 .text          0x33e16710      0x1b8 drivers/mtd/libmtd.o
                0x33e167ac                del_mtd_device
                0x33e16864                get_mtd_device_nm
                0x33e16710                get_mtd_device
                0x33e16780                put_mtd_device
                0x33e167fc                add_mtd_device
 .text          0x33e168c8     0x6fec drivers/mtd/nand/libnand.o
                0x33e1c348                nand_write_skip_bad
                0x33e168c8                nand_init
                0x33e1c16c                nand_read_skip_bad
                0x33e19a28                nand_wait_ready
                0x33e1d468                s3c_nand_correct_data_8bit
                0x33e17dec                nand_scan_ident
                0x33e18960                nand_scan
                0x33e1c5dc                nand_erase_opts
                0x33e19564                nand_erase_nand
                0x33e1d5c0                s3c_nand_calculate_ecc_8bit
                0x33e1a758                nand_isbad_bbt
                0x33e1bdb8                nand_default_bbt
                0x33e1d7e0                s3c_nand_write_page_8bit
                0x33e183d4                nand_scan_tail
                0x33e1cacc                s3c_nand_enable_hwecc_8bit
                0x33e1cebc                board_nand_init
                0x33e1bf74                nand_correct_data
                0x33e17dc4                nand_release
                0x33e1cc30                s3c_nand_read_oob_8bit
                0x33e1b65c                nand_update_bbt
                0x33e1cc74                s3c_nand_write_oob_8bit
                0x33e1d6f0                s3c_nand_read_page_8bit
                0x33e1be7c                nand_calculate_ecc
                0x33e1b934                nand_scan_bbt
 .text          0x33e1d8b4      0x914 drivers/net/libnet.o
                0x33e1dabc                dm9000_initialize
 .text          0x33e1e1c8        0x0 drivers/pcmcia/libpcmcia.o
 .text          0x33e1e1c8        0x0 drivers/rtc/librtc.o
 .text          0x33e1e1c8      0x2ac drivers/serial/libserial.o
                0x33e1e414                serial_init_dev
                0x33e1e2a0                s5p_serial0_tstc
                0x33e1e3fc                s5p_serial2_setbrg
                0x33e1e2e4                serial_putc_dev
                0x33e1e45c                s5p_serial2_init
                0x33e1e390                s5p_serial2_puts
                0x33e1e348                s5p_serial1_putc
                0x33e1e2c8                s5p_serial3_getc
                0x33e1e3f4                s5p_serial3_setbrg
                0x33e1e22c                serial_getc_dev
                0x33e1e454                s5p_serial3_init
                0x33e1e464                s5p_serial1_init
                0x33e1e2b0                s5p_serial1_tstc
                0x33e1e298                s5p_serial0_getc
                0x33e1e2d8                default_serial_console
                0x33e1e398                s5p_serial1_puts
                0x33e1e404                s5p_serial1_setbrg
                0x33e1e358                serial_puts_dev
                0x33e1e2a8                s5p_serial1_getc
                0x33e1e3a8                serial_setbrg_dev
                0x33e1e40c                s5p_serial0_setbrg
                0x33e1e3a0                s5p_serial0_puts
                0x33e1e2d0                s5p_serial3_tstc
                0x33e1e27c                serial_tstc_dev
                0x33e1e388                s5p_serial3_puts
                0x33e1e338                s5p_serial3_putc
                0x33e1e2b8                s5p_serial2_getc
                0x33e1e340                s5p_serial2_putc
                0x33e1e46c                s5p_serial0_init
                0x33e1e350                s5p_serial0_putc
                0x33e1e2c0                s5p_serial2_tstc
 .text          0x33e1e474     0x17f8 fs/fat/libfat.o
                0x33e1fa60                file_cd
                0x33e1f98c                file_ls
                0x33e1f8f0                file_read
                0x33e1f778                file_fat_read
                0x33e1ed04                do_fat_read
                0x33e1f7b0                file_fat_ls
                0x33e1fa14                file_detectfs
                0x33e1f8d8                file_getfsname
                0x33e1eba4                file_fat_detectfs
                0x33e1f7c0                fat_register_device
 .text          0x33e1fc6c     0x2f80 lib/libgeneric.o
                0x33e2162c                strcpy
                0x33e21b90                memscan
                0x33e224d0                vsprintf
                0x33e21538                __div64_32
                0x33e21ddc                ustrtoul
                0x33e21aec                memmove
                0x33e201f4                gunzip
                0x33e21db4                simple_strtol
                0x33e20654                hsearch_r
                0x33e213ac                qsort
                0x33e21a68                memcpy
                0x33e21974                strswab
                0x33e20c10                hmatch_r
                0x33e21330                string_to_ip
                0x33e212a0                __arch_lmb_reserve
                0x33e20348                hcreate_r
                0x33e210c4                lmb_overlaps_region
                0x33e214cc                strmhz
                0x33e21814                strnlen
                0x33e202d4                hdestroy_r
                0x33e217dc                strrchr
                0x33e20cb0                hstrstr_r
                0x33e20fb8                lmb_add
                0x33e1ff7c                print_buffer
                0x33e21670                strcat
                0x33e202bc                zfree
                0x33e20d60                lmb_dump_all
                0x33e209bc                himport_r
                0x33e203f0                hexport_r
                0x33e21c24                memchr
                0x33e1fde8                crc32
                0x33e200ec                zunzip
                0x33e21bc0                strstr
                0x33e20934                hdelete_r
                0x33e21740                strncmp
                0x33e1ff5c                display_options
                0x33e21648                strncpy
                0x33e21c88                udelay
                0x33e20fbc                lmb_free
                0x33e22040                panic
                0x33e21a3c                bcopy
                0x33e22b70                strict_strtoul
                0x33e218c0                strtok
                0x33e21b50                memcmp
                0x33e216a4                strncat
                0x33e1fe00                print_size
                0x33e1fca8                cyg_crc16
                0x33e21c54                strdup
                0x33e212a4                lmb_alloc_base
                0x33e219c0                memset
                0x33e212d8                lmb_alloc
                0x33e1fc6c                crc7
                0x33e21708                strcmp
                0x33e22b48                sprintf
                0x33e2112c                __lmb_alloc_base
                0x33e21940                strsep
                0x33e212e0                ldiv
                0x33e2129c                board_lmb_reserve
                0x33e2129c                __board_lmb_reserve
                0x33e20dc4                lmb_init
                0x33e21cfc                simple_strtoul
                0x33e1fdfc                crc32_wd
                0x33e202c4                zalloc
                0x33e2123c                lmb_is_reserved
                0x33e2183c                strspn
                0x33e217bc                strlen
                0x33e21790                strchr
                0x33e214c0                strcmp_compar
                0x33e1fcf0                crc32_no_comp
                0x33e21880                strpbrk
                0x33e210bc                lmb_reserve
                0x33e21e50                simple_strtoull
 .text          0x33e22bec     0x27f0 lib/zlib/libz.o
                0x33e23c34                inflate
                0x33e22bec                inflate_fast
                0x33e23870                inflateInit_
                0x33e238e8                adler32
                0x33e23c24                zcfree
                0x33e236ec                inflateReset
                0x33e23c2c                zcalloc
                0x33e23880                inflateEnd
                0x33e23768                inflateInit2_
                0x33e23154                inflate_table
 .text          0x33e253dc     0x3b24 net/libnet.o
                0x33e26698                NetCksumOk
                0x33e26878                NetSetTimeout
                0x33e266bc                copy_filename
                0x33e26770                NetEthHdrSize
                0x33e25f10                eth_get_dev_by_name
                0x33e259b4                DhcpRequest
                0x33e2680c                ip_to_string
                0x33e273cc                ArpTimeoutCheck
                0x33e25e5c                eth_halt
                0x33e26a98                NetReceive
                0x33e28084                NfsStart
                0x33e25db8                cpu_eth_init
                0x33e260d4                eth_register
                0x33e27168                NetSendUDPPacket
                0x33e261f4                eth_getenv_enetaddr
                0x33e2632c                eth_write_hwaddr
                0x33e269a8                NetSetEther
                0x33e25dc0                eth_get_dev
                0x33e26198                eth_parse_enetaddr
                0x33e27450                NetLoop
                0x33e26058                eth_try_another
                0x33e26f40                ArpRequest
                0x33e26214                eth_getenv_enetaddr_by_index
                0x33e2685c                random_port
                0x33e2645c                eth_initialize
                0x33e267b4                VLAN_to_string
                0x33e26760                getenv_VLAN
                0x33e25fc0                eth_set_current
                0x33e26650                NetCksum
                0x33e268b0                NetSetIP
                0x33e26714                string_to_VLAN
                0x33e25ec4                eth_rx
                0x33e25e10                eth_get_dev_index
                0x33e272c0                NetStartAgain
                0x33e26624                NetSetHandler
                0x33e26264                eth_init
                0x33e2702c                PingSend
                0x33e26160                eth_setenv_enetaddr
                0x33e25ef0                eth_get_name
                0x33e26a94                NetSendPacket
                0x33e257ec                BootpRequest
                0x33e25dd0                eth_get_dev_by_index
                0x33e25e90                eth_send
                0x33e288c4                TftpStart
 .text          0x33e28f00      0x278 board/samsung/webee210/libwebee210.o(webee210.o)
                0x33e29158                dram_init
                0x33e28f08                board_mmc_init
                0x33e29114                dram_init_banksize
                0x33e29110                board_eth_init
                0x33e2904c                checkboard
                0x33e29064                board_init
                0x33e28f00                board_late_init
 .text          0x33e29178      0x42c board/samsung/webee210/libwebee210.o(lowlevel_init.o)
                0x33e2917c                lowlevel_init
 *fill*         0x33e295a4       0x1c 00
 .text          0x33e295c0      0x560 board/samsung/webee210/libwebee210.o(mem_setup.o)
                0x33e29ac0                set_l2cache_auxctrl
                0x33e29a80                disable_l2cache
                0x33e29950                cleanFlushCache
                0x33e29944                cleanFlushDCache
                0x33e295c0                mem_ctrl_asm_init
                0x33e299e0                v7_flush_dcache_all
                0x33e29ae0                set_l2cache_auxctrl_cycle
                0x33e29aa0                enable_l2cache
                0x33e29938                cleanDCache
 .text          0x33e29b20        0xc /home/lry5/workplace/webee/webee210v2_uboot/arch/arm/lib/eabi_compat.o
                0x33e29b28                __aeabi_unwind_cpp_pr0
                0x33e29b20                raise
 .text          0x33e29b2c      0x114 /usr/local/arm/4.3.2/bin/../lib/gcc/arm-none-linux-gnueabi/4.3.2/armv4t/libgcc.a(_udivsi3.o)
                0x33e29b2c                __udivsi3
                0x33e29b2c                __aeabi_uidiv
                0x33e29c20                __aeabi_uidivmod
 .text          0x33e29c40      0x148 /usr/local/arm/4.3.2/bin/../lib/gcc/arm-none-linux-gnueabi/4.3.2/armv4t/libgcc.a(_divsi3.o)
                0x33e29c40                __aeabi_idiv
                0x33e29c40                __divsi3
                0x33e29d68                __aeabi_idivmod
 .text          0x33e29d88       0x1c /usr/local/arm/4.3.2/bin/../lib/gcc/arm-none-linux-gnueabi/4.3.2/armv4t/libgcc.a(_lshrdi3.o)
                0x33e29d88                __aeabi_llsr
                0x33e29d88                __lshrdi3
 .text          0x33e29da4       0x1c /usr/local/arm/4.3.2/bin/../lib/gcc/arm-none-linux-gnueabi/4.3.2/armv4t/libgcc.a(_ashrdi3.o)
                0x33e29da4                __ashrdi3
                0x33e29da4                __aeabi_lasr
 .text          0x33e29dc0       0x1c /usr/local/arm/4.3.2/bin/../lib/gcc/arm-none-linux-gnueabi/4.3.2/armv4t/libgcc.a(_ashldi3.o)
                0x33e29dc0                __ashldi3
                0x33e29dc0                __aeabi_llsl
 .text          0x33e29ddc       0x14 /usr/local/arm/4.3.2/bin/../lib/gcc/arm-none-linux-gnueabi/4.3.2/armv4t/libgcc.a(_dvmd_lnx.o)
                0x33e29ddc                __aeabi_ldiv0
                0x33e29ddc                __aeabi_idiv0

.glue_7         0x33e29df0        0x0
 .glue_7        0x33e29df0        0x0 arch/arm/cpu/armv7/start.o
 .glue_7        0x33e29df0        0x0 arch/arm/cpu/armv7/libarmv7.o
 .glue_7        0x33e29df0        0x0 arch/arm/cpu/armv7/s5p-common/libs5p-common.o
 .glue_7        0x33e29df0        0x0 arch/arm/cpu/armv7/s5pc1xx/libs5pc1xx.o
 .glue_7        0x33e29df0        0x0 arch/arm/lib/libarm.o
 .glue_7        0x33e29df0        0x0 common/libcommon.o
 .glue_7        0x33e29df0        0x0 disk/libdisk.o
 .glue_7        0x33e29df0        0x0 drivers/gpio/libgpio.o
 .glue_7        0x33e29df0        0x0 drivers/mmc/libmmc.o
 .glue_7        0x33e29df0        0x0 drivers/mtd/libmtd.o
 .glue_7        0x33e29df0        0x0 drivers/mtd/nand/libnand.o
 .glue_7        0x33e29df0        0x0 drivers/net/libnet.o
 .glue_7        0x33e29df0        0x0 drivers/pcmcia/libpcmcia.o
 .glue_7        0x33e29df0        0x0 drivers/rtc/librtc.o
 .glue_7        0x33e29df0        0x0 drivers/serial/libserial.o
 .glue_7        0x33e29df0        0x0 fs/fat/libfat.o
 .glue_7        0x33e29df0        0x0 lib/libgeneric.o
 .glue_7        0x33e29df0        0x0 lib/zlib/libz.o
 .glue_7        0x33e29df0        0x0 net/libnet.o
 .glue_7        0x33e29df0        0x0 board/samsung/webee210/libwebee210.o(webee210.o)
 .glue_7        0x33e29df0        0x0 board/samsung/webee210/libwebee210.o(lowlevel_init.o)
 .glue_7        0x33e29df0        0x0 board/samsung/webee210/libwebee210.o(mem_setup.o)
 .glue_7        0x33e29df0        0x0 /home/lry5/workplace/webee/webee210v2_uboot/arch/arm/lib/eabi_compat.o
 .glue_7        0x33e29df0        0x0 /usr/local/arm/4.3.2/bin/../lib/gcc/arm-none-linux-gnueabi/4.3.2/armv4t/libgcc.a(_udivsi3.o)
 .glue_7        0x33e29df0        0x0 /usr/local/arm/4.3.2/bin/../lib/gcc/arm-none-linux-gnueabi/4.3.2/armv4t/libgcc.a(_divsi3.o)
 .glue_7        0x33e29df0        0x0 /usr/local/arm/4.3.2/bin/../lib/gcc/arm-none-linux-gnueabi/4.3.2/armv4t/libgcc.a(_lshrdi3.o)
 .glue_7        0x33e29df0        0x0 /usr/local/arm/4.3.2/bin/../lib/gcc/arm-none-linux-gnueabi/4.3.2/armv4t/libgcc.a(_ashrdi3.o)
 .glue_7        0x33e29df0        0x0 /usr/local/arm/4.3.2/bin/../lib/gcc/arm-none-linux-gnueabi/4.3.2/armv4t/libgcc.a(_ashldi3.o)
 .glue_7        0x33e29df0        0x0 /usr/local/arm/4.3.2/bin/../lib/gcc/arm-none-linux-gnueabi/4.3.2/armv4t/libgcc.a(_dvmd_lnx.o)

.glue_7t        0x33e29df0        0x0
 .glue_7t       0x33e29df0        0x0 arch/arm/cpu/armv7/start.o
 .glue_7t       0x33e29df0        0x0 arch/arm/cpu/armv7/libarmv7.o
 .glue_7t       0x33e29df0        0x0 arch/arm/cpu/armv7/s5p-common/libs5p-common.o
 .glue_7t       0x33e29df0        0x0 arch/arm/cpu/armv7/s5pc1xx/libs5pc1xx.o
 .glue_7t       0x33e29df0        0x0 arch/arm/lib/libarm.o
 .glue_7t       0x33e29df0        0x0 common/libcommon.o
 .glue_7t       0x33e29df0        0x0 disk/libdisk.o
 .glue_7t       0x33e29df0        0x0 drivers/gpio/libgpio.o
 .glue_7t       0x33e29df0        0x0 drivers/mmc/libmmc.o
 .glue_7t       0x33e29df0        0x0 drivers/mtd/libmtd.o
 .glue_7t       0x33e29df0        0x0 drivers/mtd/nand/libnand.o
 .glue_7t       0x33e29df0        0x0 drivers/net/libnet.o
 .glue_7t       0x33e29df0        0x0 drivers/pcmcia/libpcmcia.o
 .glue_7t       0x33e29df0        0x0 drivers/rtc/librtc.o
 .glue_7t       0x33e29df0        0x0 drivers/serial/libserial.o
 .glue_7t       0x33e29df0        0x0 fs/fat/libfat.o
 .glue_7t       0x33e29df0        0x0 lib/libgeneric.o
 .glue_7t       0x33e29df0        0x0 lib/zlib/libz.o
 .glue_7t       0x33e29df0        0x0 net/libnet.o
 .glue_7t       0x33e29df0        0x0 board/samsung/webee210/libwebee210.o(webee210.o)
 .glue_7t       0x33e29df0        0x0 board/samsung/webee210/libwebee210.o(lowlevel_init.o)
 .glue_7t       0x33e29df0        0x0 board/samsung/webee210/libwebee210.o(mem_setup.o)
 .glue_7t       0x33e29df0        0x0 /home/lry5/workplace/webee/webee210v2_uboot/arch/arm/lib/eabi_compat.o
 .glue_7t       0x33e29df0        0x0 /usr/local/arm/4.3.2/bin/../lib/gcc/arm-none-linux-gnueabi/4.3.2/armv4t/libgcc.a(_udivsi3.o)
 .glue_7t       0x33e29df0        0x0 /usr/local/arm/4.3.2/bin/../lib/gcc/arm-none-linux-gnueabi/4.3.2/armv4t/libgcc.a(_divsi3.o)
 .glue_7t       0x33e29df0        0x0 /usr/local/arm/4.3.2/bin/../lib/gcc/arm-none-linux-gnueabi/4.3.2/armv4t/libgcc.a(_lshrdi3.o)
 .glue_7t       0x33e29df0        0x0 /usr/local/arm/4.3.2/bin/../lib/gcc/arm-none-linux-gnueabi/4.3.2/armv4t/libgcc.a(_ashrdi3.o)
 .glue_7t       0x33e29df0        0x0 /usr/local/arm/4.3.2/bin/../lib/gcc/arm-none-linux-gnueabi/4.3.2/armv4t/libgcc.a(_ashldi3.o)
 .glue_7t       0x33e29df0        0x0 /usr/local/arm/4.3.2/bin/../lib/gcc/arm-none-linux-gnueabi/4.3.2/armv4t/libgcc.a(_dvmd_lnx.o)

.vfp11_veneer   0x33e29df0        0x0
 .vfp11_veneer  0x33e29df0        0x0 arch/arm/cpu/armv7/start.o
 .vfp11_veneer  0x33e29df0        0x0 arch/arm/cpu/armv7/libarmv7.o
 .vfp11_veneer  0x33e29df0        0x0 arch/arm/cpu/armv7/s5p-common/libs5p-common.o
 .vfp11_veneer  0x33e29df0        0x0 arch/arm/cpu/armv7/s5pc1xx/libs5pc1xx.o
 .vfp11_veneer  0x33e29df0        0x0 arch/arm/lib/libarm.o
 .vfp11_veneer  0x33e29df0        0x0 common/libcommon.o
 .vfp11_veneer  0x33e29df0        0x0 disk/libdisk.o
 .vfp11_veneer  0x33e29df0        0x0 drivers/gpio/libgpio.o
 .vfp11_veneer  0x33e29df0        0x0 drivers/mmc/libmmc.o
 .vfp11_veneer  0x33e29df0        0x0 drivers/mtd/libmtd.o
 .vfp11_veneer  0x33e29df0        0x0 drivers/mtd/nand/libnand.o
 .vfp11_veneer  0x33e29df0        0x0 drivers/net/libnet.o
 .vfp11_veneer  0x33e29df0        0x0 drivers/pcmcia/libpcmcia.o
 .vfp11_veneer  0x33e29df0        0x0 drivers/rtc/librtc.o
 .vfp11_veneer  0x33e29df0        0x0 drivers/serial/libserial.o
 .vfp11_veneer  0x33e29df0        0x0 fs/fat/libfat.o
 .vfp11_veneer  0x33e29df0        0x0 lib/libgeneric.o
 .vfp11_veneer  0x33e29df0        0x0 lib/zlib/libz.o
 .vfp11_veneer  0x33e29df0        0x0 net/libnet.o
 .vfp11_veneer  0x33e29df0        0x0 board/samsung/webee210/libwebee210.o(webee210.o)
 .vfp11_veneer  0x33e29df0        0x0 board/samsung/webee210/libwebee210.o(lowlevel_init.o)
 .vfp11_veneer  0x33e29df0        0x0 board/samsung/webee210/libwebee210.o(mem_setup.o)
 .vfp11_veneer  0x33e29df0        0x0 /home/lry5/workplace/webee/webee210v2_uboot/arch/arm/lib/eabi_compat.o
 .vfp11_veneer  0x33e29df0        0x0 /usr/local/arm/4.3.2/bin/../lib/gcc/arm-none-linux-gnueabi/4.3.2/armv4t/libgcc.a(_udivsi3.o)
 .vfp11_veneer  0x33e29df0        0x0 /usr/local/arm/4.3.2/bin/../lib/gcc/arm-none-linux-gnueabi/4.3.2/armv4t/libgcc.a(_divsi3.o)
 .vfp11_veneer  0x33e29df0        0x0 /usr/local/arm/4.3.2/bin/../lib/gcc/arm-none-linux-gnueabi/4.3.2/armv4t/libgcc.a(_lshrdi3.o)
 .vfp11_veneer  0x33e29df0        0x0 /usr/local/arm/4.3.2/bin/../lib/gcc/arm-none-linux-gnueabi/4.3.2/armv4t/libgcc.a(_ashrdi3.o)
 .vfp11_veneer  0x33e29df0        0x0 /usr/local/arm/4.3.2/bin/../lib/gcc/arm-none-linux-gnueabi/4.3.2/armv4t/libgcc.a(_ashldi3.o)
 .vfp11_veneer  0x33e29df0        0x0 /usr/local/arm/4.3.2/bin/../lib/gcc/arm-none-linux-gnueabi/4.3.2/armv4t/libgcc.a(_dvmd_lnx.o)

.janus_2cc_veneer
                0x33e29df0        0x0
 .janus_2cc_veneer
                0x33e29df0        0x0 arch/arm/cpu/armv7/start.o
 .janus_2cc_veneer
                0x33e29df0        0x0 arch/arm/cpu/armv7/libarmv7.o
 .janus_2cc_veneer
                0x33e29df0        0x0 arch/arm/cpu/armv7/s5p-common/libs5p-common.o
 .janus_2cc_veneer
                0x33e29df0        0x0 arch/arm/cpu/armv7/s5pc1xx/libs5pc1xx.o
 .janus_2cc_veneer
                0x33e29df0        0x0 arch/arm/lib/libarm.o
 .janus_2cc_veneer
                0x33e29df0        0x0 common/libcommon.o
 .janus_2cc_veneer
                0x33e29df0        0x0 disk/libdisk.o
 .janus_2cc_veneer
                0x33e29df0        0x0 drivers/gpio/libgpio.o
 .janus_2cc_veneer
                0x33e29df0        0x0 drivers/mmc/libmmc.o
 .janus_2cc_veneer
                0x33e29df0        0x0 drivers/mtd/libmtd.o
 .janus_2cc_veneer
                0x33e29df0        0x0 drivers/mtd/nand/libnand.o
 .janus_2cc_veneer
                0x33e29df0        0x0 drivers/net/libnet.o
 .janus_2cc_veneer
                0x33e29df0        0x0 drivers/pcmcia/libpcmcia.o
 .janus_2cc_veneer
                0x33e29df0        0x0 drivers/rtc/librtc.o
 .janus_2cc_veneer
                0x33e29df0        0x0 drivers/serial/libserial.o
 .janus_2cc_veneer
                0x33e29df0        0x0 fs/fat/libfat.o
 .janus_2cc_veneer
                0x33e29df0        0x0 lib/libgeneric.o
 .janus_2cc_veneer
                0x33e29df0        0x0 lib/zlib/libz.o
 .janus_2cc_veneer
                0x33e29df0        0x0 net/libnet.o
 .janus_2cc_veneer
                0x33e29df0        0x0 board/samsung/webee210/libwebee210.o(webee210.o)
 .janus_2cc_veneer
                0x33e29df0        0x0 board/samsung/webee210/libwebee210.o(lowlevel_init.o)
 .janus_2cc_veneer
                0x33e29df0        0x0 board/samsung/webee210/libwebee210.o(mem_setup.o)
 .janus_2cc_veneer
                0x33e29df0        0x0 /home/lry5/workplace/webee/webee210v2_uboot/arch/arm/lib/eabi_compat.o
 .janus_2cc_veneer
                0x33e29df0        0x0 /usr/local/arm/4.3.2/bin/../lib/gcc/arm-none-linux-gnueabi/4.3.2/armv4t/libgcc.a(_udivsi3.o)
 .janus_2cc_veneer
                0x33e29df0        0x0 /usr/local/arm/4.3.2/bin/../lib/gcc/arm-none-linux-gnueabi/4.3.2/armv4t/libgcc.a(_divsi3.o)
 .janus_2cc_veneer
                0x33e29df0        0x0 /usr/local/arm/4.3.2/bin/../lib/gcc/arm-none-linux-gnueabi/4.3.2/armv4t/libgcc.a(_lshrdi3.o)
 .janus_2cc_veneer
                0x33e29df0        0x0 /usr/local/arm/4.3.2/bin/../lib/gcc/arm-none-linux-gnueabi/4.3.2/armv4t/libgcc.a(_ashrdi3.o)
 .janus_2cc_veneer
                0x33e29df0        0x0 /usr/local/arm/4.3.2/bin/../lib/gcc/arm-none-linux-gnueabi/4.3.2/armv4t/libgcc.a(_ashldi3.o)
 .janus_2cc_veneer
                0x33e29df0        0x0 /usr/local/arm/4.3.2/bin/../lib/gcc/arm-none-linux-gnueabi/4.3.2/armv4t/libgcc.a(_dvmd_lnx.o)

.v4_bx          0x33e29df0        0x0
 .v4_bx         0x33e29df0        0x0 arch/arm/cpu/armv7/start.o
 .v4_bx         0x33e29df0        0x0 arch/arm/cpu/armv7/libarmv7.o
 .v4_bx         0x33e29df0        0x0 arch/arm/cpu/armv7/s5p-common/libs5p-common.o
 .v4_bx         0x33e29df0        0x0 arch/arm/cpu/armv7/s5pc1xx/libs5pc1xx.o
 .v4_bx         0x33e29df0        0x0 arch/arm/lib/libarm.o
 .v4_bx         0x33e29df0        0x0 common/libcommon.o
 .v4_bx         0x33e29df0        0x0 disk/libdisk.o
 .v4_bx         0x33e29df0        0x0 drivers/gpio/libgpio.o
 .v4_bx         0x33e29df0        0x0 drivers/mmc/libmmc.o
 .v4_bx         0x33e29df0        0x0 drivers/mtd/libmtd.o
 .v4_bx         0x33e29df0        0x0 drivers/mtd/nand/libnand.o
 .v4_bx         0x33e29df0        0x0 drivers/net/libnet.o
 .v4_bx         0x33e29df0        0x0 drivers/pcmcia/libpcmcia.o
 .v4_bx         0x33e29df0        0x0 drivers/rtc/librtc.o
 .v4_bx         0x33e29df0        0x0 drivers/serial/libserial.o
 .v4_bx         0x33e29df0        0x0 fs/fat/libfat.o
 .v4_bx         0x33e29df0        0x0 lib/libgeneric.o
 .v4_bx         0x33e29df0        0x0 lib/zlib/libz.o
 .v4_bx         0x33e29df0        0x0 net/libnet.o
 .v4_bx         0x33e29df0        0x0 board/samsung/webee210/libwebee210.o(webee210.o)
 .v4_bx         0x33e29df0        0x0 board/samsung/webee210/libwebee210.o(lowlevel_init.o)
 .v4_bx         0x33e29df0        0x0 board/samsung/webee210/libwebee210.o(mem_setup.o)
 .v4_bx         0x33e29df0        0x0 /home/lry5/workplace/webee/webee210v2_uboot/arch/arm/lib/eabi_compat.o
 .v4_bx         0x33e29df0        0x0 /usr/local/arm/4.3.2/bin/../lib/gcc/arm-none-linux-gnueabi/4.3.2/armv4t/libgcc.a(_udivsi3.o)
 .v4_bx         0x33e29df0        0x0 /usr/local/arm/4.3.2/bin/../lib/gcc/arm-none-linux-gnueabi/4.3.2/armv4t/libgcc.a(_divsi3.o)
 .v4_bx         0x33e29df0        0x0 /usr/local/arm/4.3.2/bin/../lib/gcc/arm-none-linux-gnueabi/4.3.2/armv4t/libgcc.a(_lshrdi3.o)
 .v4_bx         0x33e29df0        0x0 /usr/local/arm/4.3.2/bin/../lib/gcc/arm-none-linux-gnueabi/4.3.2/armv4t/libgcc.a(_ashrdi3.o)
 .v4_bx         0x33e29df0        0x0 /usr/local/arm/4.3.2/bin/../lib/gcc/arm-none-linux-gnueabi/4.3.2/armv4t/libgcc.a(_ashldi3.o)
 .v4_bx         0x33e29df0        0x0 /usr/local/arm/4.3.2/bin/../lib/gcc/arm-none-linux-gnueabi/4.3.2/armv4t/libgcc.a(_dvmd_lnx.o)
                0x33e29df0                . = ALIGN (0x4)

.rodata         0x33e29df0     0x9cd3
 *(SORT(.rodata*))
 .rodata        0x33e29df0      0x620 drivers/mtd/nand/libnand.o
                0x33e2a3c0                nand_manuf_ids
                0x33e29f58                nand_flash_ids
 .rodata        0x33e2a410       0x80 arch/arm/lib/libarm.o
 .rodata        0x33e2a490      0x54b common/libcommon.o
                0x33e2a995                string_desc0
                0x33e2a584                version_string
                0x33e2a96b                config_high_total
                0x33e2a942                config_full_total
                0x33e2a5d2                default_environment
                0x33e2a962                config_high
                0x33e2a999                string_desc1
                0x33e2a98b                qualifier_desc
                0x33e2a939                config_full
                0x33e2a9af                string_desc2
 *fill*         0x33e2a9db        0x1 00
 .rodata        0x33e2a9dc       0x10 disk/libdisk.o
 .rodata        0x33e2a9ec       0x78 drivers/mmc/libmmc.o
 .rodata        0x33e2aa64       0x40 drivers/serial/libserial.o
 .rodata        0x33e2aaa4       0x18 fs/fat/libfat.o
 .rodata        0x33e2aabc      0x827 lib/libgeneric.o
                0x33e2b1c2                _ctype
                0x33e2aabc                crc7_syndrome_table
                0x33e2b2c2                hex_asc
 *fill*         0x33e2b2e3        0x1 00
 .rodata        0x33e2b2e4      0x9cc lib/zlib/libz.o
                0x33e2bc88                z_errmsg
 .rodata        0x33e2bcb0        0xe net/libnet.o
 .rodata.str1.1
                0x33e2bcbe       0xd5 arch/arm/cpu/armv7/s5p-common/libs5p-common.o
                                 0xd7 (size before relaxing)
 .rodata.str1.1
                0x33e2bd93       0x16 arch/arm/cpu/armv7/s5pc1xx/libs5pc1xx.o
 .rodata.str1.1
                0x33e2bda9      0x3e9 arch/arm/lib/libarm.o
                                0x406 (size before relaxing)
 .rodata.str1.1
                0x33e2c192     0x596e common/libcommon.o
                               0x5ebc (size before relaxing)
 .rodata.str1.1
                0x33e31b00      0x2ba disk/libdisk.o
                                0x2db (size before relaxing)
 .rodata.str1.1
                0x33e31dba      0x1dc drivers/mmc/libmmc.o
                                0x1e8 (size before relaxing)
 .rodata.str1.1
                0x33e31f96       0x50 drivers/mtd/libmtd.o
 .rodata.str1.1
                0x33e31fe6      0xc68 drivers/mtd/nand/libnand.o
                                0xca2 (size before relaxing)
 .rodata.str1.1
                0x33e32c4e      0x20d drivers/net/libnet.o
                                0x21b (size before relaxing)
 .rodata.str1.1
                0x33e32e5b      0x195 fs/fat/libfat.o
                                0x1ca (size before relaxing)
 .rodata.str1.1
                0x33e32ff0      0x12b lib/libgeneric.o
                                0x13d (size before relaxing)
 .rodata.str1.1
                0x33e3311b      0x21c lib/zlib/libz.o
                                0x21d (size before relaxing)
 .rodata.str1.1
                0x33e33337      0x75a net/libnet.o
                                0x8f3 (size before relaxing)
 .rodata.str1.1
                0x33e33a91       0x32 board/samsung/webee210/libwebee210.o(webee210.o)

.hash           0x33e33ac4       0x44
 .hash          0x33e33ac4       0x44 arch/arm/cpu/armv7/start.o
                0x33e33b08                . = ALIGN (0x4)

.data           0x33e33b08     0x1d18
 *(.data)
 .data          0x33e33b08        0x0 arch/arm/cpu/armv7/start.o
 .data          0x33e33b08        0x0 arch/arm/cpu/armv7/libarmv7.o
 .data          0x33e33b08        0x8 arch/arm/cpu/armv7/s5p-common/libs5p-common.o
                0x33e33b08                s5p_cpu_id
                0x33e33b0c                s5p_cpu_rev
 .data          0x33e33b10        0x0 arch/arm/cpu/armv7/s5pc1xx/libs5pc1xx.o
 .data          0x33e33b10       0x2c arch/arm/lib/libarm.o
                0x33e33b10                init_sequence
 .data          0x33e33b3c      0x69d common/libcommon.o
                0x33e340e4                env_name_spec
                0x33e33ccc                load_addr
                0x33e34198                stdio_names
                0x33e341a4                test_pkt
 .data          0x33e341d9        0x0 disk/libdisk.o
 .data          0x33e341d9        0x0 drivers/gpio/libgpio.o
 *fill*         0x33e341d9        0x3 00
 .data          0x33e341dc        0x4 drivers/mmc/libmmc.o
 .data          0x33e341e0        0x0 drivers/mtd/libmtd.o
 .data          0x33e341e0     0x1350 drivers/mtd/nand/libnand.o
                0x33e341e0                nand_curr_device
 .data          0x33e35530        0x0 drivers/net/libnet.o
 .data          0x33e35530        0x0 drivers/pcmcia/libpcmcia.o
 .data          0x33e35530        0x0 drivers/rtc/librtc.o
 .data          0x33e35530       0xc0 drivers/serial/libserial.o
                0x33e355c0                s5p_serial3_device
                0x33e35560                s5p_serial1_device
                0x33e35530                s5p_serial0_device
                0x33e35590                s5p_serial2_device
 .data          0x33e355f0      0x208 fs/fat/libfat.o
                0x33e355f8                file_cwd
 .data          0x33e357f8        0x0 lib/libgeneric.o
 .data          0x33e357f8        0x0 lib/zlib/libz.o
 .data          0x33e357f8       0x28 net/libnet.o
                0x33e357fc                NetBcastAddr
                0x33e357fa                NetOurNativeVLAN
                0x33e3581c                TftpRRQTimeoutMSecs
                0x33e357f8                NetOurVLAN
                0x33e35814                TftpRRQTimeoutCountMax
 .data          0x33e35820        0x0 board/samsung/webee210/libwebee210.o(webee210.o)
 .data          0x33e35820        0x0 board/samsung/webee210/libwebee210.o(lowlevel_init.o)
 .data          0x33e35820        0x0 board/samsung/webee210/libwebee210.o(mem_setup.o)
 .data          0x33e35820        0x0 /home/lry5/workplace/webee/webee210v2_uboot/arch/arm/lib/eabi_compat.o
 .data          0x33e35820        0x0 /usr/local/arm/4.3.2/bin/../lib/gcc/arm-none-linux-gnueabi/4.3.2/armv4t/libgcc.a(_udivsi3.o)
 .data          0x33e35820        0x0 /usr/local/arm/4.3.2/bin/../lib/gcc/arm-none-linux-gnueabi/4.3.2/armv4t/libgcc.a(_divsi3.o)
 .data          0x33e35820        0x0 /usr/local/arm/4.3.2/bin/../lib/gcc/arm-none-linux-gnueabi/4.3.2/armv4t/libgcc.a(_lshrdi3.o)
 .data          0x33e35820        0x0 /usr/local/arm/4.3.2/bin/../lib/gcc/arm-none-linux-gnueabi/4.3.2/armv4t/libgcc.a(_ashrdi3.o)
 .data          0x33e35820        0x0 /usr/local/arm/4.3.2/bin/../lib/gcc/arm-none-linux-gnueabi/4.3.2/armv4t/libgcc.a(_ashldi3.o)
 .data          0x33e35820        0x0 /usr/local/arm/4.3.2/bin/../lib/gcc/arm-none-linux-gnueabi/4.3.2/armv4t/libgcc.a(_dvmd_lnx.o)

.got            0x33e35820        0x0
 .got           0x00000000        0x0 arch/arm/cpu/armv7/start.o

.got.plt        0x33e35820        0xc
 .got.plt       0x33e35820        0xc arch/arm/cpu/armv7/start.o
                0x33e35820                _GLOBAL_OFFSET_TABLE_
                0x33e3582c                . = ALIGN (0x4)
                0x33e3582c                . = .
                0x33e3582c                __u_boot_cmd_start = .

.u_boot_cmd     0x33e3582c      0x618
 *(.u_boot_cmd)
 .u_boot_cmd    0x33e3582c      0x618 common/libcommon.o
                0x33e3582c                __u_boot_cmd_bdinfo
                0x33e35874                __u_boot_cmd_bootm
                0x33e35db4                __u_boot_cmd_uart3
                0x33e35a84                __u_boot_cmd_md
                0x33e35a6c                __u_boot_cmd_loady
                0x33e35afc                __u_boot_cmd_cmp
                0x33e35c04                __u_boot_cmd_nand
                0x33e358bc                __u_boot_cmd_iminfo
                0x33e35934                __u_boot_cmd_exit
                0x33e358a4                __u_boot_cmd_bootd
                0x33e35dfc                __u_boot_cmd_lcd
                0x33e35acc                __u_boot_cmd_mw
                0x33e35b44                __u_boot_cmd_loop
                0x33e358ec                __u_boot_cmd_echo
                0x33e35994                __u_boot_cmd_flinfo
                0x33e35bd4                __u_boot_cmd_chpart
                0x33e35b2c                __u_boot_cmd_base
                0x33e3588c                __u_boot_cmd_boot
                0x33e359f4                __u_boot_cmd_question_mark
                0x33e35c7c                __u_boot_cmd_nfs
                0x33e35bec                __u_boot_cmd_mtdparts
                0x33e3597c                __u_boot_cmd_fatinfo
                0x33e35c94                __u_boot_cmd_ping
                0x33e35a0c                __u_boot_cmd_itest
                0x33e35d54                __u_boot_cmd_source
                0x33e35cdc                __u_boot_cmd_editenv
                0x33e35dcc                __u_boot_cmd_dnw
                0x33e35a54                __u_boot_cmd_loadb
                0x33e35c4c                __u_boot_cmd_tftpboot
                0x33e35d24                __u_boot_cmd_run
                0x33e35cc4                __u_boot_cmd_env
                0x33e35b8c                __u_boot_cmd_sleep
                0x33e35a9c                __u_boot_cmd_mm
                0x33e35de4                __u_boot_cmd_version
                0x33e35cac                __u_boot_cmd_saveenv
                0x33e358d4                __u_boot_cmd_coninfo
                0x33e35a3c                __u_boot_cmd_loads
                0x33e35bbc                __u_boot_cmd_mmc
                0x33e35b14                __u_boot_cmd_crc32
                0x33e35c34                __u_boot_cmd_bootp
                0x33e35d84                __u_boot_cmd_false
                0x33e35e14                __u_boot_cmd_imxtract
                0x33e35c1c                __u_boot_cmd_nboot
                0x33e35e2c                __u_boot_cmd_showvar
                0x33e359ac                __u_boot_cmd_erase
                0x33e35ab4                __u_boot_cmd_nm
                0x33e35cf4                __u_boot_cmd_printenv
                0x33e35ba4                __u_boot_cmd_mmcinfo
                0x33e35d3c                __u_boot_cmd_sound
                0x33e3585c                __u_boot_cmd_reset
                0x33e35a24                __u_boot_cmd_led
                0x33e359c4                __u_boot_cmd_protect
                0x33e35c64                __u_boot_cmd_dhcp
                0x33e3594c                __u_boot_cmd_fatload
                0x33e35964                __u_boot_cmd_fatls
                0x33e35b5c                __u_boot_cmd_mtest
                0x33e3591c                __u_boot_cmd_bootvx
                0x33e35d9c                __u_boot_cmd_true
                0x33e35844                __u_boot_cmd_go
                0x33e35ae4                __u_boot_cmd_cp
                0x33e359dc                __u_boot_cmd_help
                0x33e35d6c                __u_boot_cmd_test
                0x33e35d0c                __u_boot_cmd_setenv
                0x33e35b74                __u_boot_cmd_menu
                0x33e35904                __u_boot_cmd_bootelf
                0x33e35e44                __u_boot_cmd_end = .
                0x33e35e44                . = ALIGN (0x4)
                0x33e35e44                __image_copy_end = .

.rel.dyn        0x33e35e44     0x5a50
                0x33e35e44                __rel_dyn_start = .
 *(.rel*)
 .rel.got       0x00000000        0x0 arch/arm/cpu/armv7/start.o
 .rel.plt       0x00000000        0x0 arch/arm/cpu/armv7/start.o
 .rel.text      0x33e35e44     0x3fd8 arch/arm/cpu/armv7/start.o
 .rel.rodata    0x33e39e1c      0x6e0 arch/arm/cpu/armv7/start.o
 .rel.data      0x33e3a4fc      0xb88 arch/arm/cpu/armv7/start.o
 .rel.u_boot_cmd
                0x33e3b084      0x810 arch/arm/cpu/armv7/start.o
                0x33e3b894                __rel_dyn_end = .

.dynsym         0x33e3b894       0xc0
                0x33e3b894                __dynsym_start = .
 *(.dynsym)
 .dynsym        0x33e3b894       0xc0 arch/arm/cpu/armv7/start.o
                0x33e3b954                _end = .

.bss            0x33e35e44    0x35958
                0x33e35e44                __bss_start = .
 *(.bss)
 .bss           0x33e35e44        0x0 arch/arm/cpu/armv7/start.o
 .bss           0x33e35e44        0x0 arch/arm/cpu/armv7/libarmv7.o
 .bss           0x33e35e44        0x0 arch/arm/cpu/armv7/s5p-common/libs5p-common.o
 .bss           0x33e35e44        0x0 arch/arm/cpu/armv7/s5pc1xx/libs5pc1xx.o
 .bss           0x33e35e44        0x8 arch/arm/lib/libarm.o
                0x33e35e44                monitor_flash_len
 *fill*         0x33e35e4c        0x4 00
 .bss           0x33e35e50     0x21c4 common/libcommon.o
                0x33e379d0                console_buffer
                0x33e37980                hist_list
                0x33e362f4                env_htab
                0x33e3656c                hist_lines
                0x33e37bc0                usb_download_filesize
                0x33e37ba8                remode_wakeup
                0x33e37bac                get_status
                0x33e362bc                mem_malloc_end
                0x33e37bbc                op_mode
                0x33e37bc4                s3c_usbd_dn_cnt
                0x33e37bb4                get_intf
                0x33e37bd0                s3c_got_header
                0x33e37bb2                config_value
                0x33e35ff8                current_mtd_dev
                0x33e37bc8                s3c_receive_done
                0x33e37bb8                s3c_usbd_dn_addr
                0x33e35fa8                his_pad_char
                0x33e36300                env_ptr
                0x33e35f8c                os_data_init
                0x33e36558                nesting_level
                0x33e35fac                send_ptr
                0x33e36568                hist_num
                0x33e362b8                mem_malloc_start
                0x33e36554                last_return_code
                0x33e35ffc                current_mtd_partnum
                0x33e35f9c                os_data_char
                0x33e36210                mtdids
                0x33e37b18                stdio_devices
                0x33e362c0                mem_malloc_brk
                0x33e37bcc                speed
                0x33e35fa9                his_eol
                0x33e37bd4                DNW
                0x33e37b24                otg
                0x33e35ff0                devices
                0x33e35fa0                his_quote
                0x33e35fb0                send_parms
                0x33e35fa4                his_pad_count
 .bss           0x33e38014        0x0 disk/libdisk.o
 .bss           0x33e38014        0x0 drivers/gpio/libgpio.o
 *fill*         0x33e38014        0x4 00
 .bss           0x33e38018      0x4c8 drivers/mmc/libmmc.o
                0x33e384a0                mmc_host
                0x33e38020                mmc_dev
 .bss           0x33e384e0       0x80 drivers/mtd/libmtd.o
                0x33e384e0                mtd_table
 .bss           0x33e38560      0x1d8 drivers/mtd/nand/libnand.o
                0x33e38734                cur_ecc_mode
                0x33e38730                nand_type
                0x33e38560                nand_info
 .bss           0x33e38738       0xe4 drivers/net/libnet.o
 .bss           0x33e3881c        0x0 drivers/pcmcia/libpcmcia.o
 .bss           0x33e3881c        0x0 drivers/rtc/librtc.o
 .bss           0x33e3881c        0x0 drivers/serial/libserial.o
 .bss           0x33e3881c    0x30008 fs/fat/libfat.o
                0x33e38824                get_vfatname_block
                0x33e58824                get_dentfromdir_block
                0x33e48824                do_fat_read_block
 .bss           0x33e68824        0x8 lib/libgeneric.o
                0x33e68824                errno
                0x33e68828                ___strtok
 .bss           0x33e6882c        0x0 lib/zlib/libz.o
 .bss           0x33e6882c     0x2f6c net/libnet.o
                0x33e68830                NetDHCPServerIP
                0x33e688b4                NetArpWaitTry
                0x33e68888                NetArpWaitPacketMAC
                0x33e68874                NetOurEther
                0x33e68870                NetOurIP
                0x33e6885c                NetPingIP
                0x33e6ad20                NetServerIP
                0x33e68834                dhcp_state
                0x33e68894                NetArpWaitTxPacketSize
                0x33e6888c                NetArpWaitReplyIP
                0x33e68890                NetArpWaitTxPacket
                0x33e6a6ec                NetRxPackets
                0x33e6ad28                NetOurNISDomain
                0x33e68884                NetArpWaitPacketIP
                0x33e68854                NetState
                0x33e68838                BootpTry
                0x33e6adb4                BootFile
                0x33e6adae                NetServerEther
                0x33e6889c                NetOurSubnetMask
                0x33e6adac                NetBootFileSize
                0x33e6886c                NetIPID
                0x33e6887c                NetRxPacket
                0x33e6ad48                NetOurHostName
                0x33e6883c                BootpID
                0x33e6882c                dhcp_leasetime
                0x33e688a0                NetOurGatewayIP
                0x33e688aa                NetEtherNullAddr
                0x33e688c4                NetRestartWrap
                0x33e6a6fc                NetArpWaitPacketBuf
                0x33e68898                NetTxPacket
                0x33e6ad24                NetBootFileXferSize
                0x33e6ada8                NetOurDNSIP
                0x33e68880                NetRxPacketLen
                0x33e688cc                PktBuf
                0x33e6ad68                NetOurRootPath
                0x33e688b8                NetArpWaitTimerStart
 .bss           0x33e6b798        0x4 board/samsung/webee210/libwebee210.o(webee210.o)
 .bss           0x33e6b79c        0x0 board/samsung/webee210/libwebee210.o(lowlevel_init.o)
 .bss           0x33e6b79c        0x0 board/samsung/webee210/libwebee210.o(mem_setup.o)
 .bss           0x33e6b79c        0x0 /home/lry5/workplace/webee/webee210v2_uboot/arch/arm/lib/eabi_compat.o
 .bss           0x33e6b79c        0x0 /usr/local/arm/4.3.2/bin/../lib/gcc/arm-none-linux-gnueabi/4.3.2/armv4t/libgcc.a(_udivsi3.o)
 .bss           0x33e6b79c        0x0 /usr/local/arm/4.3.2/bin/../lib/gcc/arm-none-linux-gnueabi/4.3.2/armv4t/libgcc.a(_divsi3.o)
 .bss           0x33e6b79c        0x0 /usr/local/arm/4.3.2/bin/../lib/gcc/arm-none-linux-gnueabi/4.3.2/armv4t/libgcc.a(_lshrdi3.o)
 .bss           0x33e6b79c        0x0 /usr/local/arm/4.3.2/bin/../lib/gcc/arm-none-linux-gnueabi/4.3.2/armv4t/libgcc.a(_ashrdi3.o)
 .bss           0x33e6b79c        0x0 /usr/local/arm/4.3.2/bin/../lib/gcc/arm-none-linux-gnueabi/4.3.2/armv4t/libgcc.a(_ashldi3.o)
 .bss           0x33e6b79c        0x0 /usr/local/arm/4.3.2/bin/../lib/gcc/arm-none-linux-gnueabi/4.3.2/armv4t/libgcc.a(_dvmd_lnx.o)
                0x33e6b79c                . = ALIGN (0x4)
                0x33e6b79c                __bss_end__ = .

.dynbss         0x33e6b79c        0x0
 .dynbss        0x00000000        0x0 arch/arm/cpu/armv7/start.o

/DISCARD/
 *(.dynstr*)
 *(.dynamic*)
 *(.plt*)
 *(.interp*)
 *(.gnu*)
Address of section .text set to 0x33e00000
LOAD arch/arm/cpu/armv7/start.o
START GROUP
LOAD api/libapi.o
LOAD arch/arm/cpu/armv7/libarmv7.o
LOAD arch/arm/cpu/armv7/s5p-common/libs5p-common.o
LOAD arch/arm/cpu/armv7/s5pc1xx/libs5pc1xx.o
LOAD arch/arm/lib/libarm.o
LOAD common/libcommon.o
LOAD disk/libdisk.o
LOAD drivers/bios_emulator/libatibiosemu.o
LOAD drivers/block/libblock.o
LOAD drivers/dma/libdma.o
LOAD drivers/fpga/libfpga.o
LOAD drivers/gpio/libgpio.o
LOAD drivers/hwmon/libhwmon.o
LOAD drivers/i2c/libi2c.o
LOAD drivers/input/libinput.o
LOAD drivers/misc/libmisc.o
LOAD drivers/mmc/libmmc.o
LOAD drivers/mtd/libmtd.o
LOAD drivers/mtd/nand/libnand.o
LOAD drivers/mtd/onenand/libonenand.o
LOAD drivers/mtd/spi/libspi_flash.o
LOAD drivers/mtd/ubi/libubi.o
LOAD drivers/net/libnet.o
LOAD drivers/net/phy/libphy.o
LOAD drivers/pci/libpci.o
LOAD drivers/pcmcia/libpcmcia.o
LOAD drivers/power/libpower.o
LOAD drivers/rtc/librtc.o
LOAD drivers/serial/libserial.o
LOAD drivers/spi/libspi.o
LOAD drivers/twserial/libtws.o
LOAD drivers/usb/eth/libusb_eth.o
LOAD drivers/usb/gadget/libusb_gadget.o
LOAD drivers/usb/host/libusb_host.o
LOAD drivers/usb/musb/libusb_musb.o
LOAD drivers/usb/phy/libusb_phy.o
LOAD drivers/video/libvideo.o
LOAD drivers/watchdog/libwatchdog.o
LOAD fs/cramfs/libcramfs.o
LOAD fs/ext2/libext2fs.o
LOAD fs/fat/libfat.o
LOAD fs/fdos/libfdos.o
LOAD fs/jffs2/libjffs2.o
LOAD fs/reiserfs/libreiserfs.o
LOAD fs/ubifs/libubifs.o
LOAD fs/yaffs2/libyaffs2.o
LOAD lib/libfdt/libfdt.o
LOAD lib/libgeneric.o
LOAD lib/lzma/liblzma.o
LOAD lib/lzo/liblzo.o
LOAD lib/zlib/libz.o
LOAD net/libnet.o
LOAD post/libpost.o
LOAD board/samsung/webee210/libwebee210.o
END GROUP
LOAD /home/lry5/workplace/webee/webee210v2_uboot/arch/arm/lib/eabi_compat.o
LOAD /usr/local/arm/4.3.2/bin/../lib/gcc/arm-none-linux-gnueabi/4.3.2/armv4t/libgcc.a
OUTPUT(u-boot elf32-littlearm)

.ARM.attributes
                0x00000000       0x25
 .ARM.attributes
                0x00000000       0x17 arch/arm/cpu/armv7/start.o
 .ARM.attributes
                0x00000017       0x27 arch/arm/cpu/armv7/libarmv7.o
 .ARM.attributes
                0x0000003e       0x27 arch/arm/cpu/armv7/s5p-common/libs5p-common.o
 .ARM.attributes
                0x00000065       0x27 arch/arm/cpu/armv7/s5pc1xx/libs5pc1xx.o
 .ARM.attributes
                0x0000008c       0x27 arch/arm/lib/libarm.o
 .ARM.attributes
                0x000000b3       0x27 common/libcommon.o
 .ARM.attributes
                0x000000da       0x27 disk/libdisk.o
 .ARM.attributes
                0x00000101       0x27 drivers/gpio/libgpio.o
 .ARM.attributes
                0x00000128       0x27 drivers/mmc/libmmc.o
 .ARM.attributes
                0x0000014f       0x27 drivers/mtd/libmtd.o
 .ARM.attributes
                0x00000176       0x27 drivers/mtd/nand/libnand.o
 .ARM.attributes
                0x0000019d       0x27 drivers/net/libnet.o
 .ARM.attributes
                0x000001c4       0x25 drivers/pcmcia/libpcmcia.o
 .ARM.attributes
                0x000001e9       0x25 drivers/rtc/librtc.o
 .ARM.attributes
                0x0000020e       0x27 drivers/serial/libserial.o
 .ARM.attributes
                0x00000235       0x27 fs/fat/libfat.o
 .ARM.attributes
                0x0000025c       0x27 lib/libgeneric.o
 .ARM.attributes
                0x00000283       0x27 lib/zlib/libz.o
 .ARM.attributes
                0x000002aa       0x27 net/libnet.o
 .ARM.attributes
                0x000002d1       0x27 board/samsung/webee210/libwebee210.o(webee210.o)
 .ARM.attributes
                0x000002f8       0x17 board/samsung/webee210/libwebee210.o(lowlevel_init.o)
 .ARM.attributes
                0x0000030f       0x17 board/samsung/webee210/libwebee210.o(mem_setup.o)
 .ARM.attributes
                0x00000326       0x27 /home/lry5/workplace/webee/webee210v2_uboot/arch/arm/lib/eabi_compat.o
 .ARM.attributes
                0x0000034d       0x18 /usr/local/arm/4.3.2/bin/../lib/gcc/arm-none-linux-gnueabi/4.3.2/armv4t/libgcc.a(_udivsi3.o)
 .ARM.attributes
                0x00000365       0x18 /usr/local/arm/4.3.2/bin/../lib/gcc/arm-none-linux-gnueabi/4.3.2/armv4t/libgcc.a(_divsi3.o)
 .ARM.attributes
                0x0000037d       0x18 /usr/local/arm/4.3.2/bin/../lib/gcc/arm-none-linux-gnueabi/4.3.2/armv4t/libgcc.a(_lshrdi3.o)
 .ARM.attributes
                0x00000395       0x18 /usr/local/arm/4.3.2/bin/../lib/gcc/arm-none-linux-gnueabi/4.3.2/armv4t/libgcc.a(_ashrdi3.o)
 .ARM.attributes
                0x000003ad       0x18 /usr/local/arm/4.3.2/bin/../lib/gcc/arm-none-linux-gnueabi/4.3.2/armv4t/libgcc.a(_ashldi3.o)
 .ARM.attributes
                0x000003c5       0x18 /usr/local/arm/4.3.2/bin/../lib/gcc/arm-none-linux-gnueabi/4.3.2/armv4t/libgcc.a(_dvmd_lnx.o)

.debug_line     0x00000000     0xe07c
 .debug_line    0x00000000       0xea arch/arm/cpu/armv7/start.o
 .debug_line    0x000000ea      0x27c arch/arm/cpu/armv7/libarmv7.o
 .debug_line    0x00000366      0x482 arch/arm/cpu/armv7/s5p-common/libs5p-common.o
 .debug_line    0x000007e8      0x238 arch/arm/cpu/armv7/s5pc1xx/libs5pc1xx.o
 .debug_line    0x00000a20      0x8f6 arch/arm/lib/libarm.o
 .debug_line    0x00001316     0x62e9 common/libcommon.o
 .debug_line    0x000075ff      0x3b1 disk/libdisk.o
 .debug_line    0x000079b0      0x11f drivers/gpio/libgpio.o
 .debug_line    0x00007acf      0x8da drivers/mmc/libmmc.o
 .debug_line    0x000083a9      0x1f3 drivers/mtd/libmtd.o
 .debug_line    0x0000859c     0x1be3 drivers/mtd/nand/libnand.o
 .debug_line    0x0000a17f      0x27a drivers/net/libnet.o
 .debug_line    0x0000a3f9       0xc6 drivers/pcmcia/libpcmcia.o
 .debug_line    0x0000a4bf       0x63 drivers/rtc/librtc.o
 .debug_line    0x0000a522      0x22b drivers/serial/libserial.o
 .debug_line    0x0000a74d      0x58c fs/fat/libfat.o
 .debug_line    0x0000acd9     0x1689 lib/libgeneric.o
 .debug_line    0x0000c362      0x71e lib/zlib/libz.o
 .debug_line    0x0000ca80     0x1122 net/libnet.o
 .debug_line    0x0000dba2      0x1c7 board/samsung/webee210/libwebee210.o(webee210.o)
 .debug_line    0x0000dd69      0x12e board/samsung/webee210/libwebee210.o(lowlevel_init.o)
 .debug_line    0x0000de97      0x15f board/samsung/webee210/libwebee210.o(mem_setup.o)
 .debug_line    0x0000dff6       0x86 /home/lry5/workplace/webee/webee210v2_uboot/arch/arm/lib/eabi_compat.o

.debug_info     0x00000000    0x3584d
 .debug_info    0x00000000       0x70 arch/arm/cpu/armv7/start.o
 .debug_info    0x00000070      0x500 arch/arm/cpu/armv7/libarmv7.o
 .debug_info    0x00000570      0xe3b arch/arm/cpu/armv7/s5p-common/libs5p-common.o
 .debug_info    0x000013ab      0xd60 arch/arm/cpu/armv7/s5pc1xx/libs5pc1xx.o
 .debug_info    0x0000210b     0x1e4f arch/arm/lib/libarm.o
 .debug_info    0x00003f5a    0x169ef common/libcommon.o
 .debug_info    0x0001a949      0xe4e disk/libdisk.o
 .debug_info    0x0001b797      0x62d drivers/gpio/libgpio.o
 .debug_info    0x0001bdc4     0x2770 drivers/mmc/libmmc.o
 .debug_info    0x0001e534      0x9a1 drivers/mtd/libmtd.o
 .debug_info    0x0001eed5     0xae46 drivers/mtd/nand/libnand.o
 .debug_info    0x00029d1b      0xb89 drivers/net/libnet.o
 .debug_info    0x0002a8a4      0x106 drivers/pcmcia/libpcmcia.o
 .debug_info    0x0002a9aa       0x83 drivers/rtc/librtc.o
 .debug_info    0x0002aa2d      0xc10 drivers/serial/libserial.o
 .debug_info    0x0002b63d     0x1636 fs/fat/libfat.o
 .debug_info    0x0002cc73     0x363d lib/libgeneric.o
 .debug_info    0x000302b0      0xffb lib/zlib/libz.o
 .debug_info    0x000312ab     0x3854 net/libnet.o
 .debug_info    0x00034aff      0xb99 board/samsung/webee210/libwebee210.o(webee210.o)
 .debug_info    0x00035698       0x7c board/samsung/webee210/libwebee210.o(lowlevel_init.o)
 .debug_info    0x00035714       0x78 board/samsung/webee210/libwebee210.o(mem_setup.o)
 .debug_info    0x0003578c       0xc1 /home/lry5/workplace/webee/webee210v2_uboot/arch/arm/lib/eabi_compat.o

.debug_abbrev   0x00000000     0xc574
 .debug_abbrev  0x00000000       0x14 arch/arm/cpu/armv7/start.o
 .debug_abbrev  0x00000014      0x20e arch/arm/cpu/armv7/libarmv7.o
 .debug_abbrev  0x00000222      0x5b1 arch/arm/cpu/armv7/s5p-common/libs5p-common.o
 .debug_abbrev  0x000007d3      0x297 arch/arm/cpu/armv7/s5pc1xx/libs5pc1xx.o
 .debug_abbrev  0x00000a6a      0x9be arch/arm/lib/libarm.o
 .debug_abbrev  0x00001428     0x5753 common/libcommon.o
 .debug_abbrev  0x00006b7b      0x45a disk/libdisk.o
 .debug_abbrev  0x00006fd5      0x1b7 drivers/gpio/libgpio.o
 .debug_abbrev  0x0000718c      0x847 drivers/mmc/libmmc.o
 .debug_abbrev  0x000079d3      0x1cd drivers/mtd/libmtd.o
 .debug_abbrev  0x00007ba0     0x1324 drivers/mtd/nand/libnand.o
 .debug_abbrev  0x00008ec4      0x2e5 drivers/net/libnet.o
 .debug_abbrev  0x000091a9       0x88 drivers/pcmcia/libpcmcia.o
 .debug_abbrev  0x00009231       0x44 drivers/rtc/librtc.o
 .debug_abbrev  0x00009275      0x2d6 drivers/serial/libserial.o
 .debug_abbrev  0x0000954b      0x50e fs/fat/libfat.o
 .debug_abbrev  0x00009a59     0x14be lib/libgeneric.o
 .debug_abbrev  0x0000af17      0x313 lib/zlib/libz.o
 .debug_abbrev  0x0000b22a      0xfdb net/libnet.o
 .debug_abbrev  0x0000c205      0x2c6 board/samsung/webee210/libwebee210.o(webee210.o)
 .debug_abbrev  0x0000c4cb       0x14 board/samsung/webee210/libwebee210.o(lowlevel_init.o)
 .debug_abbrev  0x0000c4df       0x14 board/samsung/webee210/libwebee210.o(mem_setup.o)
 .debug_abbrev  0x0000c4f3       0x81 /home/lry5/workplace/webee/webee210v2_uboot/arch/arm/lib/eabi_compat.o

.debug_aranges  0x00000000      0xcc0
 .debug_aranges
                0x00000000       0x20 arch/arm/cpu/armv7/start.o
 .debug_aranges
                0x00000020       0x60 arch/arm/cpu/armv7/libarmv7.o
 .debug_aranges
                0x00000080       0x80 arch/arm/cpu/armv7/s5p-common/libs5p-common.o
 .debug_aranges
                0x00000100       0x60 arch/arm/cpu/armv7/s5pc1xx/libs5pc1xx.o
 .debug_aranges
                0x00000160       0xc0 arch/arm/lib/libarm.o
 .debug_aranges
                0x00000220      0x580 common/libcommon.o
 .debug_aranges
                0x000007a0       0x40 disk/libdisk.o
 .debug_aranges
                0x000007e0       0x20 drivers/gpio/libgpio.o
 .debug_aranges
                0x00000800       0x40 drivers/mmc/libmmc.o
 .debug_aranges
                0x00000840       0x20 drivers/mtd/libmtd.o
 .debug_aranges
                0x00000860       0xc0 drivers/mtd/nand/libnand.o
 .debug_aranges
                0x00000920       0x20 drivers/net/libnet.o
 .debug_aranges
                0x00000940       0x20 drivers/serial/libserial.o
 .debug_aranges
                0x00000960       0x40 fs/fat/libfat.o
 .debug_aranges
                0x000009a0      0x1e0 lib/libgeneric.o
 .debug_aranges
                0x00000b80       0x20 lib/zlib/libz.o
 .debug_aranges
                0x00000ba0       0xa0 net/libnet.o
 .debug_aranges
                0x00000c40       0x20 board/samsung/webee210/libwebee210.o(webee210.o)
 .debug_aranges
                0x00000c60       0x20 board/samsung/webee210/libwebee210.o(lowlevel_init.o)
 .debug_aranges
                0x00000c80       0x20 board/samsung/webee210/libwebee210.o(mem_setup.o)
 .debug_aranges
                0x00000ca0       0x20 /home/lry5/workplace/webee/webee210v2_uboot/arch/arm/lib/eabi_compat.o

.comment        0x00000000     0x1164
 .comment       0x00000000       0x7e arch/arm/cpu/armv7/libarmv7.o
 .comment       0x0000007e       0xa8 arch/arm/cpu/armv7/s5p-common/libs5p-common.o
 .comment       0x00000126       0x2a arch/arm/cpu/armv7/s5pc1xx/libs5pc1xx.o
 .comment       0x00000150       0xfc arch/arm/lib/libarm.o
 .comment       0x0000024c      0x7b6 common/libcommon.o
 .comment       0x00000a02       0x54 disk/libdisk.o
 .comment       0x00000a56       0x2a drivers/gpio/libgpio.o
 .comment       0x00000a80       0x54 drivers/mmc/libmmc.o
 .comment       0x00000ad4       0x2a drivers/mtd/libmtd.o
 .comment       0x00000afe      0x126 drivers/mtd/nand/libnand.o
 .comment       0x00000c24       0x2a drivers/net/libnet.o
 .comment       0x00000c4e       0x54 drivers/pcmcia/libpcmcia.o
 .comment       0x00000ca2       0x2a drivers/rtc/librtc.o
 .comment       0x00000ccc       0x2a drivers/serial/libserial.o
 .comment       0x00000cf6       0x54 fs/fat/libfat.o
 .comment       0x00000d4a      0x2ca lib/libgeneric.o
 .comment       0x00001014       0x2a lib/zlib/libz.o
 .comment       0x0000103e       0xd2 net/libnet.o
 .comment       0x00001110       0x2a board/samsung/webee210/libwebee210.o(webee210.o)
 .comment       0x0000113a       0x2a /home/lry5/workplace/webee/webee210v2_uboot/arch/arm/lib/eabi_compat.o

.debug_pubnames
                0x00000000     0x4109
 .debug_pubnames
                0x00000000      0x1ef arch/arm/cpu/armv7/libarmv7.o
 .debug_pubnames
                0x000001ef      0x168 arch/arm/cpu/armv7/s5p-common/libs5p-common.o
 .debug_pubnames
                0x00000357       0x63 arch/arm/cpu/armv7/s5pc1xx/libs5pc1xx.o
 .debug_pubnames
                0x000003ba      0x394 arch/arm/lib/libarm.o
 .debug_pubnames
                0x0000074e     0x206d common/libcommon.o
 .debug_pubnames
                0x000027bb       0xb9 disk/libdisk.o
 .debug_pubnames
                0x00002874      0x166 drivers/gpio/libgpio.o
 .debug_pubnames
                0x000029da      0x230 drivers/mmc/libmmc.o
 .debug_pubnames
                0x00002c0a       0x82 drivers/mtd/libmtd.o
 .debug_pubnames
                0x00002c8c      0x309 drivers/mtd/nand/libnand.o
 .debug_pubnames
                0x00002f95       0x28 drivers/net/libnet.o
 .debug_pubnames
                0x00002fbd      0x30a drivers/serial/libserial.o
 .debug_pubnames
                0x000032c7      0x123 fs/fat/libfat.o
 .debug_pubnames
                0x000033ea      0x547 lib/libgeneric.o
 .debug_pubnames
                0x00003931       0xb4 lib/zlib/libz.o
 .debug_pubnames
                0x000039e5      0x657 net/libnet.o
 .debug_pubnames
                0x0000403c       0x96 board/samsung/webee210/libwebee210.o(webee210.o)
 .debug_pubnames
                0x000040d2       0x37 /home/lry5/workplace/webee/webee210v2_uboot/arch/arm/lib/eabi_compat.o

.debug_frame    0x00000000     0x5eec
 .debug_frame   0x00000000      0x160 arch/arm/cpu/armv7/libarmv7.o
 .debug_frame   0x00000160      0x1d8 arch/arm/cpu/armv7/s5p-common/libs5p-common.o
 .debug_frame   0x00000338       0xe4 arch/arm/cpu/armv7/s5pc1xx/libs5pc1xx.o
 .debug_frame   0x0000041c      0x3bc arch/arm/lib/libarm.o
 .debug_frame   0x000007d8     0x2824 common/libcommon.o
 .debug_frame   0x00002ffc      0x170 disk/libdisk.o
 .debug_frame   0x0000316c      0x13c drivers/gpio/libgpio.o
 .debug_frame   0x000032a8      0x3e4 drivers/mmc/libmmc.o
 .debug_frame   0x0000368c       0x7c drivers/mtd/libmtd.o
 .debug_frame   0x00003708      0xc48 drivers/mtd/nand/libnand.o
 .debug_frame   0x00004350      0x17c drivers/net/libnet.o
 .debug_frame   0x000044cc      0x278 drivers/serial/libserial.o
 .debug_frame   0x00004744      0x250 fs/fat/libfat.o
 .debug_frame   0x00004994      0x974 lib/libgeneric.o
 .debug_frame   0x00005308      0x120 lib/zlib/libz.o
 .debug_frame   0x00005428      0x9a8 net/libnet.o
 .debug_frame   0x00005dd0       0xac board/samsung/webee210/libwebee210.o(webee210.o)
 .debug_frame   0x00005e7c       0x30 /home/lry5/workplace/webee/webee210v2_uboot/arch/arm/lib/eabi_compat.o
 .debug_frame   0x00005eac       0x20 /usr/local/arm/4.3.2/bin/../lib/gcc/arm-none-linux-gnueabi/4.3.2/armv4t/libgcc.a(_udivsi3.o)
 .debug_frame   0x00005ecc       0x20 /usr/local/arm/4.3.2/bin/../lib/gcc/arm-none-linux-gnueabi/4.3.2/armv4t/libgcc.a(_divsi3.o)

.debug_str      0x00000000     0x926a
 .debug_str     0x00000000      0x243 arch/arm/cpu/armv7/libarmv7.o
                                0x486 (size before relaxing)
 .debug_str     0x00000243      0x3b7 arch/arm/cpu/armv7/s5p-common/libs5p-common.o
                                0x851 (size before relaxing)
 .debug_str     0x000005fa      0x2d2 arch/arm/cpu/armv7/s5pc1xx/libs5pc1xx.o
                                0x3f2 (size before relaxing)
 .debug_str     0x000008cc      0x7d9 arch/arm/lib/libarm.o
                               0x1299 (size before relaxing)
 .debug_str     0x000010a5     0x44a7 common/libcommon.o
                               0xa540 (size before relaxing)
 .debug_str     0x0000554c      0x260 disk/libdisk.o
                                0x6b7 (size before relaxing)
 .debug_str     0x000057ac      0x140 drivers/gpio/libgpio.o
                                0x24e (size before relaxing)
 .debug_str     0x000058ec      0x464 drivers/mmc/libmmc.o
                                0xb90 (size before relaxing)
 .debug_str     0x00005d50       0xad drivers/mtd/libmtd.o
                                0x4d6 (size before relaxing)
 .debug_str     0x00005dfd      0xf55 drivers/mtd/nand/libnand.o
                               0x3ea1 (size before relaxing)
 .debug_str     0x00006d52      0x2cf drivers/net/libnet.o
                                0x438 (size before relaxing)
 .debug_str     0x00007021       0x58 drivers/pcmcia/libpcmcia.o
                                0x1d3 (size before relaxing)
 .debug_str     0x00007079       0x3f drivers/rtc/librtc.o
                                 0xdf (size before relaxing)
 .debug_str     0x000070b8      0x310 drivers/serial/libserial.o
                                0x5b5 (size before relaxing)
 .debug_str     0x000073c8      0x546 fs/fat/libfat.o
                                0x891 (size before relaxing)
 .debug_str     0x0000790e      0x674 lib/libgeneric.o
                               0x16a9 (size before relaxing)
 .debug_str     0x00007f82      0x2f2 lib/zlib/libz.o
                                0x583 (size before relaxing)
 .debug_str     0x00008274      0xe53 net/libnet.o
                               0x19c6 (size before relaxing)
 .debug_str     0x000090c7      0x171 board/samsung/webee210/libwebee210.o(webee210.o)
                                0x49c (size before relaxing)
 .debug_str     0x00009238       0x32 /home/lry5/workplace/webee/webee210v2_uboot/arch/arm/lib/eabi_compat.o
                                0x10b (size before relaxing)

.debug_loc      0x00000000    0x1d622
 .debug_loc     0x00000000      0x10d arch/arm/cpu/armv7/libarmv7.o
 .debug_loc     0x0000010d      0x4f2 arch/arm/cpu/armv7/s5p-common/libs5p-common.o
 .debug_loc     0x000005ff      0x345 arch/arm/cpu/armv7/s5pc1xx/libs5pc1xx.o
 .debug_loc     0x00000944      0x4a3 arch/arm/lib/libarm.o
 .debug_loc     0x00000de7     0xcb63 common/libcommon.o
 .debug_loc     0x0000d94a      0x597 disk/libdisk.o
 .debug_loc     0x0000dee1      0x305 drivers/gpio/libgpio.o
 .debug_loc     0x0000e1e6     0x1276 drivers/mmc/libmmc.o
 .debug_loc     0x0000f45c      0x137 drivers/mtd/libmtd.o
 .debug_loc     0x0000f593     0x5c95 drivers/mtd/nand/libnand.o
 .debug_loc     0x00015228      0x413 drivers/net/libnet.o
 .debug_loc     0x0001563b      0x325 drivers/serial/libserial.o
 .debug_loc     0x00015960     0x1157 fs/fat/libfat.o
 .debug_loc     0x00016ab7     0x2e3e lib/libgeneric.o
 .debug_loc     0x000198f5     0x193c lib/zlib/libz.o
 .debug_loc     0x0001b231     0x2267 net/libnet.o
 .debug_loc     0x0001d498      0x177 board/samsung/webee210/libwebee210.o(webee210.o)
 .debug_loc     0x0001d60f       0x13 /home/lry5/workplace/webee/webee210v2_uboot/arch/arm/lib/eabi_compat.o

.note.GNU-stack
                0x00000000        0x0
 .note.GNU-stack
                0x00000000        0x0 arch/arm/cpu/armv7/libarmv7.o
 .note.GNU-stack
                0x00000000        0x0 arch/arm/cpu/armv7/s5p-common/libs5p-common.o
 .note.GNU-stack
                0x00000000        0x0 arch/arm/cpu/armv7/s5pc1xx/libs5pc1xx.o
 .note.GNU-stack
                0x00000000        0x0 arch/arm/lib/libarm.o
 .note.GNU-stack
                0x00000000        0x0 common/libcommon.o
 .note.GNU-stack
                0x00000000        0x0 disk/libdisk.o
 .note.GNU-stack
                0x00000000        0x0 drivers/gpio/libgpio.o
 .note.GNU-stack
                0x00000000        0x0 drivers/mmc/libmmc.o
 .note.GNU-stack
                0x00000000        0x0 drivers/mtd/libmtd.o
 .note.GNU-stack
                0x00000000        0x0 drivers/mtd/nand/libnand.o
 .note.GNU-stack
                0x00000000        0x0 drivers/net/libnet.o
 .note.GNU-stack
                0x00000000        0x0 drivers/pcmcia/libpcmcia.o
 .note.GNU-stack
                0x00000000        0x0 drivers/rtc/librtc.o
 .note.GNU-stack
                0x00000000        0x0 drivers/serial/libserial.o
 .note.GNU-stack
                0x00000000        0x0 fs/fat/libfat.o
 .note.GNU-stack
                0x00000000        0x0 lib/libgeneric.o
 .note.GNU-stack
                0x00000000        0x0 lib/zlib/libz.o
 .note.GNU-stack
                0x00000000        0x0 net/libnet.o
 .note.GNU-stack
                0x00000000        0x0 board/samsung/webee210/libwebee210.o(webee210.o)
 .note.GNU-stack
                0x00000000        0x0 /home/lry5/workplace/webee/webee210v2_uboot/arch/arm/lib/eabi_compat.o
 .note.GNU-stack
                0x00000000        0x0 /usr/local/arm/4.3.2/bin/../lib/gcc/arm-none-linux-gnueabi/4.3.2/armv4t/libgcc.a(_udivsi3.o)
 .note.GNU-stack
                0x00000000        0x0 /usr/local/arm/4.3.2/bin/../lib/gcc/arm-none-linux-gnueabi/4.3.2/armv4t/libgcc.a(_divsi3.o)
 .note.GNU-stack
                0x00000000        0x0 /usr/local/arm/4.3.2/bin/../lib/gcc/arm-none-linux-gnueabi/4.3.2/armv4t/libgcc.a(_lshrdi3.o)
 .note.GNU-stack
                0x00000000        0x0 /usr/local/arm/4.3.2/bin/../lib/gcc/arm-none-linux-gnueabi/4.3.2/armv4t/libgcc.a(_ashrdi3.o)
 .note.GNU-stack
                0x00000000        0x0 /usr/local/arm/4.3.2/bin/../lib/gcc/arm-none-linux-gnueabi/4.3.2/armv4t/libgcc.a(_ashldi3.o)
 .note.GNU-stack
                0x00000000        0x0 /usr/local/arm/4.3.2/bin/../lib/gcc/arm-none-linux-gnueabi/4.3.2/armv4t/libgcc.a(_dvmd_lnx.o)

.debug_ranges   0x00000000     0x2798
 .debug_ranges  0x00000000       0x88 arch/arm/cpu/armv7/s5p-common/libs5p-common.o
 .debug_ranges  0x00000088       0xa8 arch/arm/cpu/armv7/s5pc1xx/libs5pc1xx.o
 .debug_ranges  0x00000130      0x178 arch/arm/lib/libarm.o
 .debug_ranges  0x000002a8     0x12f8 common/libcommon.o
 .debug_ranges  0x000015a0       0x18 disk/libdisk.o
 .debug_ranges  0x000015b8      0x380 drivers/mmc/libmmc.o
 .debug_ranges  0x00001938      0x6d8 drivers/mtd/nand/libnand.o
 .debug_ranges  0x00002010       0xe0 drivers/net/libnet.o
 .debug_ranges  0x000020f0       0xa8 drivers/serial/libserial.o
 .debug_ranges  0x00002198      0x1a0 fs/fat/libfat.o
 .debug_ranges  0x00002338      0x170 lib/libgeneric.o
 .debug_ranges  0x000024a8       0x38 lib/zlib/libz.o
 .debug_ranges  0x000024e0      0x1f8 net/libnet.o
 .debug_ranges  0x000026d8       0xc0 board/samsung/webee210/libwebee210.o(webee210.o)
